Archive member included to satisfy reference by file (symbol)

c:/altera/15.0/nios2eds/bin/gnu/h-x86_64-mingw32/bin/../lib/gcc/nios2-elf/4.9.1\libgcc.a(lib2-divmod.o)
                              obj/default/hello_world.o (__divsi3)
c:/altera/15.0/nios2eds/bin/gnu/h-x86_64-mingw32/bin/../lib/gcc/nios2-elf/4.9.1/../../../../../H-x86_64-mingw32/nios2-elf/lib\libc.a(lib_a-clock.o)
                              obj/default/hello_world.o (clock)
c:/altera/15.0/nios2eds/bin/gnu/h-x86_64-mingw32/bin/../lib/gcc/nios2-elf/4.9.1/../../../../../H-x86_64-mingw32/nios2-elf/lib\libc.a(lib_a-impure.o)
                              c:/altera/15.0/nios2eds/bin/gnu/h-x86_64-mingw32/bin/../lib/gcc/nios2-elf/4.9.1/../../../../../H-x86_64-mingw32/nios2-elf/lib\libc.a(lib_a-clock.o) (_impure_ptr)
c:/altera/15.0/nios2eds/bin/gnu/h-x86_64-mingw32/bin/../lib/gcc/nios2-elf/4.9.1/../../../../../H-x86_64-mingw32/nios2-elf/lib\libc.a(lib_a-memset.o)
                              obj/default/hello_world.o (memset)
c:/altera/15.0/nios2eds/bin/gnu/h-x86_64-mingw32/bin/../lib/gcc/nios2-elf/4.9.1/../../../../../H-x86_64-mingw32/nios2-elf/lib\libc.a(lib_a-strcpy.o)
                              obj/default/hello_world.o (strcpy)
c:/altera/15.0/nios2eds/bin/gnu/h-x86_64-mingw32/bin/../lib/gcc/nios2-elf/4.9.1/../../../../../H-x86_64-mingw32/nios2-elf/lib\libc.a(lib_a-strlen.o)
                              obj/default/hello_world.o (strlen)
c:/altera/15.0/nios2eds/bin/gnu/h-x86_64-mingw32/bin/../lib/gcc/nios2-elf/4.9.1/../../../../../H-x86_64-mingw32/nios2-elf/lib\libc.a(lib_a-timesr.o)
                              c:/altera/15.0/nios2eds/bin/gnu/h-x86_64-mingw32/bin/../lib/gcc/nios2-elf/4.9.1/../../../../../H-x86_64-mingw32/nios2-elf/lib\libc.a(lib_a-clock.o) (_times_r)
../Music_bsp/\libhal_bsp.a(alt_iic.o)
                              obj/default/hello_world.o (alt_ic_isr_register)
../Music_bsp/\libhal_bsp.a(alt_iic_isr_register.o)
                              ../Music_bsp/\libhal_bsp.a(alt_iic.o) (alt_iic_isr_register)
../Music_bsp/\libhal_bsp.a(alt_irq_entry.o)
                              ../Music_bsp/\libhal_bsp.a(alt_iic_isr_register.o) (alt_irq_entry)
../Music_bsp/\libhal_bsp.a(alt_irq_handler.o)
                              ../Music_bsp/\libhal_bsp.a(alt_iic_isr_register.o) (alt_irq)
../Music_bsp/\libhal_bsp.a(alt_irq_vars.o)
                              ../Music_bsp/\libhal_bsp.a(alt_iic.o) (alt_irq_active)
../Music_bsp/\libhal_bsp.a(alt_load.o)
                              ../Music_bsp//obj/HAL/src/crt0.o (alt_load)
../Music_bsp/\libhal_bsp.a(alt_main.o)
                              ../Music_bsp//obj/HAL/src/crt0.o (alt_main)
../Music_bsp/\libhal_bsp.a(alt_times.o)
                              c:/altera/15.0/nios2eds/bin/gnu/h-x86_64-mingw32/bin/../lib/gcc/nios2-elf/4.9.1/../../../../../H-x86_64-mingw32/nios2-elf/lib\libc.a(lib_a-timesr.o) (times)
../Music_bsp/\libhal_bsp.a(alt_sys_init.o)
                              ../Music_bsp/\libhal_bsp.a(alt_main.o) (alt_irq_init)
../Music_bsp/\libhal_bsp.a(altera_avalon_jtag_uart_fd.o)
                              ../Music_bsp/\libhal_bsp.a(alt_sys_init.o) (altera_avalon_jtag_uart_read_fd)
../Music_bsp/\libhal_bsp.a(altera_avalon_jtag_uart_init.o)
                              ../Music_bsp/\libhal_bsp.a(alt_sys_init.o) (altera_avalon_jtag_uart_init)
../Music_bsp/\libhal_bsp.a(altera_avalon_jtag_uart_ioctl.o)
                              ../Music_bsp/\libhal_bsp.a(altera_avalon_jtag_uart_fd.o) (altera_avalon_jtag_uart_ioctl)
../Music_bsp/\libhal_bsp.a(altera_avalon_jtag_uart_read.o)
                              ../Music_bsp/\libhal_bsp.a(altera_avalon_jtag_uart_fd.o) (altera_avalon_jtag_uart_read)
../Music_bsp/\libhal_bsp.a(altera_avalon_jtag_uart_write.o)
                              ../Music_bsp/\libhal_bsp.a(altera_avalon_jtag_uart_fd.o) (altera_avalon_jtag_uart_write)
../Music_bsp/\libhal_bsp.a(alt_alarm_start.o)
                              ../Music_bsp/\libhal_bsp.a(altera_avalon_jtag_uart_init.o) (alt_alarm_start)
../Music_bsp/\libhal_bsp.a(alt_close.o)
                              ../Music_bsp/\libhal_bsp.a(alt_main.o) (close)
../Music_bsp/\libhal_bsp.a(alt_dcache_flush_all.o)
                              ../Music_bsp/\libhal_bsp.a(alt_load.o) (alt_dcache_flush_all)
../Music_bsp/\libhal_bsp.a(alt_dev.o)
                              ../Music_bsp/\libhal_bsp.a(alt_sys_init.o) (alt_dev_list)
../Music_bsp/\libhal_bsp.a(alt_dev_llist_insert.o)
                              ../Music_bsp/\libhal_bsp.a(alt_sys_init.o) (alt_dev_llist_insert)
../Music_bsp/\libhal_bsp.a(alt_do_ctors.o)
                              ../Music_bsp/\libhal_bsp.a(alt_main.o) (_do_ctors)
../Music_bsp/\libhal_bsp.a(alt_do_dtors.o)
                              ../Music_bsp/\libhal_bsp.a(alt_main.o) (_do_dtors)
../Music_bsp/\libhal_bsp.a(alt_errno.o)
                              ../Music_bsp/\libhal_bsp.a(alt_times.o) (alt_errno)
../Music_bsp/\libhal_bsp.a(alt_exception_entry.o)
                              ../Music_bsp/\libhal_bsp.a(alt_irq_entry.o) (alt_exception)
../Music_bsp/\libhal_bsp.a(alt_icache_flush_all.o)
                              ../Music_bsp/\libhal_bsp.a(alt_load.o) (alt_icache_flush_all)
../Music_bsp/\libhal_bsp.a(alt_instruction_exception_entry.o)
                              ../Music_bsp/\libhal_bsp.a(alt_exception_entry.o) (alt_instruction_exception_entry)
../Music_bsp/\libhal_bsp.a(alt_io_redirect.o)
                              ../Music_bsp/\libhal_bsp.a(alt_main.o) (alt_io_redirect)
../Music_bsp/\libhal_bsp.a(alt_open.o)
                              ../Music_bsp/\libhal_bsp.a(alt_io_redirect.o) (open)
../Music_bsp/\libhal_bsp.a(alt_release_fd.o)
                              ../Music_bsp/\libhal_bsp.a(alt_close.o) (alt_release_fd)
../Music_bsp/\libhal_bsp.a(alt_tick.o)
                              ../Music_bsp/\libhal_bsp.a(alt_times.o) (_alt_tick_rate)
../Music_bsp/\libhal_bsp.a(altera_nios2_gen2_irq.o)
                              ../Music_bsp/\libhal_bsp.a(alt_sys_init.o) (altera_nios2_gen2_irq_init)
../Music_bsp/\libhal_bsp.a(alt_find_dev.o)
                              ../Music_bsp/\libhal_bsp.a(alt_open.o) (alt_find_dev)
../Music_bsp/\libhal_bsp.a(alt_find_file.o)
                              ../Music_bsp/\libhal_bsp.a(alt_open.o) (alt_find_file)
../Music_bsp/\libhal_bsp.a(alt_get_fd.o)
                              ../Music_bsp/\libhal_bsp.a(alt_open.o) (alt_get_fd)
../Music_bsp/\libhal_bsp.a(alt_icache_flush.o)
                              ../Music_bsp/\libhal_bsp.a(alt_icache_flush_all.o) (alt_icache_flush)
c:/altera/15.0/nios2eds/bin/gnu/h-x86_64-mingw32/bin/../lib/gcc/nios2-elf/4.9.1/../../../../../H-x86_64-mingw32/nios2-elf/lib\libc.a(lib_a-atexit.o)
                              ../Music_bsp/\libhal_bsp.a(alt_main.o) (atexit)
c:/altera/15.0/nios2eds/bin/gnu/h-x86_64-mingw32/bin/../lib/gcc/nios2-elf/4.9.1/../../../../../H-x86_64-mingw32/nios2-elf/lib\libc.a(lib_a-exit.o)
                              ../Music_bsp/\libhal_bsp.a(alt_main.o) (exit)
c:/altera/15.0/nios2eds/bin/gnu/h-x86_64-mingw32/bin/../lib/gcc/nios2-elf/4.9.1/../../../../../H-x86_64-mingw32/nios2-elf/lib\libc.a(lib_a-int_errno.o)
                              ../Music_bsp/\libhal_bsp.a(alt_times.o) (errno)
c:/altera/15.0/nios2eds/bin/gnu/h-x86_64-mingw32/bin/../lib/gcc/nios2-elf/4.9.1/../../../../../H-x86_64-mingw32/nios2-elf/lib\libc.a(lib_a-memcmp.o)
                              ../Music_bsp/\libhal_bsp.a(alt_find_dev.o) (memcmp)
c:/altera/15.0/nios2eds/bin/gnu/h-x86_64-mingw32/bin/../lib/gcc/nios2-elf/4.9.1/../../../../../H-x86_64-mingw32/nios2-elf/lib\libc.a(lib_a-memcpy.o)
                              ../Music_bsp/\libhal_bsp.a(altera_avalon_jtag_uart_read.o) (memcpy)
c:/altera/15.0/nios2eds/bin/gnu/h-x86_64-mingw32/bin/../lib/gcc/nios2-elf/4.9.1/../../../../../H-x86_64-mingw32/nios2-elf/lib\libc.a(lib_a-__atexit.o)
                              c:/altera/15.0/nios2eds/bin/gnu/h-x86_64-mingw32/bin/../lib/gcc/nios2-elf/4.9.1/../../../../../H-x86_64-mingw32/nios2-elf/lib\libc.a(lib_a-atexit.o) (__register_exitproc)
c:/altera/15.0/nios2eds/bin/gnu/h-x86_64-mingw32/bin/../lib/gcc/nios2-elf/4.9.1/../../../../../H-x86_64-mingw32/nios2-elf/lib\libc.a(lib_a-__call_atexit.o)
                              c:/altera/15.0/nios2eds/bin/gnu/h-x86_64-mingw32/bin/../lib/gcc/nios2-elf/4.9.1/../../../../../H-x86_64-mingw32/nios2-elf/lib\libc.a(lib_a-exit.o) (__call_exitprocs)
../Music_bsp/\libhal_bsp.a(alt_exit.o)
                              c:/altera/15.0/nios2eds/bin/gnu/h-x86_64-mingw32/bin/../lib/gcc/nios2-elf/4.9.1/../../../../../H-x86_64-mingw32/nios2-elf/lib\libc.a(lib_a-exit.o) (_exit)

Allocating common symbols
Common symbol       size              file

Data_Ready          0x1               obj/default/hello_world.o
alt_irq             0x100             ../Music_bsp/\libhal_bsp.a(alt_irq_handler.o)
errno               0x4               c:/altera/15.0/nios2eds/bin/gnu/h-x86_64-mingw32/bin/../lib/gcc/nios2-elf/4.9.1/../../../../../H-x86_64-mingw32/nios2-elf/lib\libc.a(lib_a-int_errno.o)
volume_mute         0x4               obj/default/hello_world.o
IR_Data             0x4               obj/default/hello_world.o

Memory Configuration

Name             Origin             Length             Attributes
reset            0x0000000008000000 0x0000000000000020
new_sdram_controller_0 0x0000000008000020 0x0000000007ffffe0
*default*        0x0000000000000000 0xffffffffffffffff

Linker script and memory map

LOAD ../Music_bsp//obj/HAL/src/crt0.o
LOAD obj/default/LCD1602_Qsys.o
LOAD obj/default/hello_world.o
LOAD c:/altera/15.0/nios2eds/bin/gnu/h-x86_64-mingw32/bin/../lib/gcc/nios2-elf/4.9.1/../../../../../H-x86_64-mingw32/nios2-elf/lib\libstdc++.a
LOAD c:/altera/15.0/nios2eds/bin/gnu/h-x86_64-mingw32/bin/../lib/gcc/nios2-elf/4.9.1/../../../../../H-x86_64-mingw32/nios2-elf/lib\libm.a
LOAD c:/altera/15.0/nios2eds/bin/gnu/h-x86_64-mingw32/bin/../lib/gcc/nios2-elf/4.9.1\libgcc.a
START GROUP
LOAD c:/altera/15.0/nios2eds/bin/gnu/h-x86_64-mingw32/bin/../lib/gcc/nios2-elf/4.9.1/../../../../../H-x86_64-mingw32/nios2-elf/lib\libc.a
LOAD c:/altera/15.0/nios2eds/bin/gnu/h-x86_64-mingw32/bin/../lib/gcc/nios2-elf/4.9.1\libgcc.a
LOAD ../Music_bsp/\libhal_bsp.a
LOAD c:/altera/15.0/nios2eds/bin/gnu/h-x86_64-mingw32/bin/../lib/gcc/nios2-elf/4.9.1/../../../../../H-x86_64-mingw32/nios2-elf/lib\libm.a
END GROUP
LOAD c:/altera/15.0/nios2eds/bin/gnu/h-x86_64-mingw32/bin/../lib/gcc/nios2-elf/4.9.1\libgcc.a
                0x0000000008000000                __alt_mem_new_sdram_controller_0 = 0x8000000

.entry          0x0000000008000000       0x20
 *(.entry)
 .entry         0x0000000008000000       0x20 ../Music_bsp//obj/HAL/src/crt0.o
                0x0000000008000000                __reset

.exceptions     0x0000000008000020      0x220
                0x0000000008000020                PROVIDE (__ram_exceptions_start, ABSOLUTE (.))
                0x0000000008000020                . = ALIGN (0x20)
 *(.irq)
 *(.exceptions.entry.label)
 .exceptions.entry.label
                0x0000000008000020        0x0 ../Music_bsp/\libhal_bsp.a(alt_irq_entry.o)
                0x0000000008000020                alt_irq_entry
 .exceptions.entry.label
                0x0000000008000020        0x0 ../Music_bsp/\libhal_bsp.a(alt_exception_entry.o)
                0x0000000008000020                alt_exception
 *(.exceptions.entry.user)
 *(.exceptions.entry.ecc_fatal)
 *(.exceptions.entry)
 .exceptions.entry
                0x0000000008000020       0x54 ../Music_bsp/\libhal_bsp.a(alt_exception_entry.o)
 *(.exceptions.irqtest.user)
 *(.exceptions.irqtest)
 .exceptions.irqtest
                0x0000000008000074       0x10 ../Music_bsp/\libhal_bsp.a(alt_irq_entry.o)
 *(.exceptions.irqhandler.user)
 *(.exceptions.irqhandler)
 .exceptions.irqhandler
                0x0000000008000084        0x4 ../Music_bsp/\libhal_bsp.a(alt_irq_entry.o)
 *(.exceptions.irqreturn.user)
 *(.exceptions.irqreturn)
 .exceptions.irqreturn
                0x0000000008000088        0x4 ../Music_bsp/\libhal_bsp.a(alt_irq_entry.o)
 *(.exceptions.notirq.label)
 .exceptions.notirq.label
                0x000000000800008c        0x0 ../Music_bsp/\libhal_bsp.a(alt_irq_entry.o)
 *(.exceptions.notirq.user)
 *(.exceptions.notirq)
 .exceptions.notirq
                0x000000000800008c        0x8 ../Music_bsp/\libhal_bsp.a(alt_exception_entry.o)
 *(.exceptions.soft.user)
 *(.exceptions.soft)
 *(.exceptions.unknown.user)
 *(.exceptions.unknown)
 .exceptions.unknown
                0x0000000008000094       0x14 ../Music_bsp/\libhal_bsp.a(alt_exception_entry.o)
 *(.exceptions.exit.label)
 .exceptions.exit.label
                0x00000000080000a8        0x0 ../Music_bsp/\libhal_bsp.a(alt_irq_entry.o)
 .exceptions.exit.label
                0x00000000080000a8        0x0 ../Music_bsp/\libhal_bsp.a(alt_exception_entry.o)
 *(.exceptions.exit.user)
 *(.exceptions.exit)
 .exceptions.exit
                0x00000000080000a8       0x54 ../Music_bsp/\libhal_bsp.a(alt_exception_entry.o)
 *(.exceptions)
 .exceptions    0x00000000080000fc       0xd0 ../Music_bsp/\libhal_bsp.a(alt_irq_handler.o)
                0x00000000080000fc                alt_irq_handler
 .exceptions    0x00000000080001cc       0x74 ../Music_bsp/\libhal_bsp.a(alt_instruction_exception_entry.o)
                0x00000000080001cc                alt_instruction_exception_entry
                0x0000000008000240                PROVIDE (__ram_exceptions_end, ABSOLUTE (.))
                0x0000000008000020                PROVIDE (__flash_exceptions_start, LOADADDR (.exceptions))

.text           0x0000000008000240     0x3fc8
                0x0000000008000240                PROVIDE (stext, ABSOLUTE (.))
 *(.interp)
 *(.hash)
 *(.dynsym)
 *(.dynstr)
 *(.gnu.version)
 *(.gnu.version_d)
 *(.gnu.version_r)
 *(.rel.init)
 *(.rela.init)
 *(.rel.text .rel.text.* .rel.gnu.linkonce.t.*)
 *(.rela.text .rela.text.* .rela.gnu.linkonce.t.*)
 *(.rel.fini)
 *(.rela.fini)
 *(.rel.rodata .rel.rodata.* .rel.gnu.linkonce.r.*)
 *(.rela.rodata .rela.rodata.* .rela.gnu.linkonce.r.*)
 *(.rel.data .rel.data.* .rel.gnu.linkonce.d.*)
 *(.rela.data .rela.data.* .rela.gnu.linkonce.d.*)
 *(.rel.tdata .rel.tdata.* .rel.gnu.linkonce.td.*)
 *(.rela.tdata .rela.tdata.* .rela.gnu.linkonce.td.*)
 *(.rel.tbss .rel.tbss.* .rel.gnu.linkonce.tb.*)
 *(.rela.tbss .rela.tbss.* .rela.gnu.linkonce.tb.*)
 *(.rel.ctors)
 *(.rela.ctors)
 *(.rel.dtors)
 *(.rela.dtors)
 *(.rel.got)
 *(.rela.got)
 *(.rel.sdata .rel.sdata.* .rel.gnu.linkonce.s.*)
 *(.rela.sdata .rela.sdata.* .rela.gnu.linkonce.s.*)
 *(.rel.sbss .rel.sbss.* .rel.gnu.linkonce.sb.*)
 *(.rela.sbss .rela.sbss.* .rela.gnu.linkonce.sb.*)
 *(.rel.sdata2 .rel.sdata2.* .rel.gnu.linkonce.s2.*)
 *(.rela.sdata2 .rela.sdata2.* .rela.gnu.linkonce.s2.*)
 *(.rel.sbss2 .rel.sbss2.* .rel.gnu.linkonce.sb2.*)
 *(.rela.sbss2 .rela.sbss2.* .rela.gnu.linkonce.sb2.*)
 *(.rel.bss .rel.bss.* .rel.gnu.linkonce.b.*)
 *(.rela.bss .rela.bss.* .rela.gnu.linkonce.b.*)
 *(.rel.plt)
 *(.rela.plt)
 *(.rel.dyn)
 *(.init)
 *(.plt)
 *(.text .stub .text.* .gnu.linkonce.t.*)
 .text          0x0000000008000240       0x3c ../Music_bsp//obj/HAL/src/crt0.o
                0x0000000008000240                _start
 .text          0x000000000800027c      0x1bc obj/default/LCD1602_Qsys.o
                0x000000000800027c                LCD_Disp
                0x00000000080003b0                LCD_Clear
                0x00000000080003f4                LCD_Reset
 .text          0x0000000008000438     0x1758 obj/default/hello_world.o
                0x0000000008000438                RightLoopMove
                0x00000000080004f0                LeftLoopMove
                0x00000000080005a4                IR_Irq_Process
                0x00000000080005d4                sleep
                0x0000000008000624                IR_Irq_Init
                0x000000000800066c                delay
                0x00000000080006a4                Display
                0x0000000008000744                trans_numtochar
                0x0000000008000840                main
 .text          0x0000000008001b90      0x12c c:/altera/15.0/nios2eds/bin/gnu/h-x86_64-mingw32/bin/../lib/gcc/nios2-elf/4.9.1\libgcc.a(lib2-divmod.o)
                0x0000000008001bfc                __divsi3
                0x0000000008001c50                __modsi3
                0x0000000008001cac                __udivsi3
                0x0000000008001cb4                __umodsi3
 .text          0x0000000008001cbc       0x4c c:/altera/15.0/nios2eds/bin/gnu/h-x86_64-mingw32/bin/../lib/gcc/nios2-elf/4.9.1/../../../../../H-x86_64-mingw32/nios2-elf/lib\libc.a(lib_a-clock.o)
                0x0000000008001cbc                clock
 .text          0x0000000008001d08        0x0 c:/altera/15.0/nios2eds/bin/gnu/h-x86_64-mingw32/bin/../lib/gcc/nios2-elf/4.9.1/../../../../../H-x86_64-mingw32/nios2-elf/lib\libc.a(lib_a-impure.o)
 .text          0x0000000008001d08      0x124 c:/altera/15.0/nios2eds/bin/gnu/h-x86_64-mingw32/bin/../lib/gcc/nios2-elf/4.9.1/../../../../../H-x86_64-mingw32/nios2-elf/lib\libc.a(lib_a-memset.o)
                0x0000000008001d08                memset
 .text          0x0000000008001e2c       0x90 c:/altera/15.0/nios2eds/bin/gnu/h-x86_64-mingw32/bin/../lib/gcc/nios2-elf/4.9.1/../../../../../H-x86_64-mingw32/nios2-elf/lib\libc.a(lib_a-strcpy.o)
                0x0000000008001e2c                strcpy
 .text          0x0000000008001ebc       0x98 c:/altera/15.0/nios2eds/bin/gnu/h-x86_64-mingw32/bin/../lib/gcc/nios2-elf/4.9.1/../../../../../H-x86_64-mingw32/nios2-elf/lib\libc.a(lib_a-strlen.o)
                0x0000000008001ebc                strlen
 .text          0x0000000008001f54        0x8 c:/altera/15.0/nios2eds/bin/gnu/h-x86_64-mingw32/bin/../lib/gcc/nios2-elf/4.9.1/../../../../../H-x86_64-mingw32/nios2-elf/lib\libc.a(lib_a-timesr.o)
                0x0000000008001f54                _times_r
 .text          0x0000000008001f5c      0x1e0 ../Music_bsp/\libhal_bsp.a(alt_iic.o)
                0x0000000008001f5c                alt_ic_isr_register
                0x0000000008001fac                alt_ic_irq_enable
                0x000000000800204c                alt_ic_irq_disable
                0x00000000080020f0                alt_ic_irq_enabled
 .text          0x000000000800213c       0xf0 ../Music_bsp/\libhal_bsp.a(alt_iic_isr_register.o)
                0x000000000800213c                alt_iic_isr_register
 .text          0x000000000800222c        0x0 ../Music_bsp/\libhal_bsp.a(alt_irq_entry.o)
 .text          0x000000000800222c        0x0 ../Music_bsp/\libhal_bsp.a(alt_irq_handler.o)
 .text          0x000000000800222c        0x0 ../Music_bsp/\libhal_bsp.a(alt_irq_vars.o)
 .text          0x000000000800222c       0xe4 ../Music_bsp/\libhal_bsp.a(alt_load.o)
                0x0000000008002290                alt_load
 .text          0x0000000008002310       0x78 ../Music_bsp/\libhal_bsp.a(alt_main.o)
                0x0000000008002310                alt_main
 .text          0x0000000008002388       0xd8 ../Music_bsp/\libhal_bsp.a(alt_times.o)
                0x00000000080023d8                times
 .text          0x0000000008002460       0xb4 ../Music_bsp/\libhal_bsp.a(alt_sys_init.o)
                0x0000000008002498                alt_irq_init
                0x00000000080024cc                alt_sys_init
 .text          0x0000000008002514      0x164 ../Music_bsp/\libhal_bsp.a(altera_avalon_jtag_uart_fd.o)
                0x0000000008002514                altera_avalon_jtag_uart_read_fd
                0x0000000008002574                altera_avalon_jtag_uart_write_fd
                0x00000000080025d4                altera_avalon_jtag_uart_close_fd
                0x0000000008002624                altera_avalon_jtag_uart_ioctl_fd
 .text          0x0000000008002678      0x3d8 ../Music_bsp/\libhal_bsp.a(altera_avalon_jtag_uart_init.o)
                0x0000000008002678                altera_avalon_jtag_uart_init
                0x00000000080029e8                altera_avalon_jtag_uart_close
 .text          0x0000000008002a50       0xec ../Music_bsp/\libhal_bsp.a(altera_avalon_jtag_uart_ioctl.o)
                0x0000000008002a50                altera_avalon_jtag_uart_ioctl
 .text          0x0000000008002b3c      0x20c ../Music_bsp/\libhal_bsp.a(altera_avalon_jtag_uart_read.o)
                0x0000000008002b3c                altera_avalon_jtag_uart_read
 .text          0x0000000008002d48      0x218 ../Music_bsp/\libhal_bsp.a(altera_avalon_jtag_uart_write.o)
                0x0000000008002d48                altera_avalon_jtag_uart_write
 .text          0x0000000008002f60      0x140 ../Music_bsp/\libhal_bsp.a(alt_alarm_start.o)
                0x0000000008002f60                alt_alarm_start
 .text          0x00000000080030a0      0x120 ../Music_bsp/\libhal_bsp.a(alt_close.o)
                0x00000000080030f0                close
 .text          0x00000000080031c0       0x1c ../Music_bsp/\libhal_bsp.a(alt_dcache_flush_all.o)
                0x00000000080031c0                alt_dcache_flush_all
 .text          0x00000000080031dc       0x2c ../Music_bsp/\libhal_bsp.a(alt_dev.o)
 .text          0x0000000008003208       0xf4 ../Music_bsp/\libhal_bsp.a(alt_dev_llist_insert.o)
                0x0000000008003258                alt_dev_llist_insert
 .text          0x00000000080032fc       0x5c ../Music_bsp/\libhal_bsp.a(alt_do_ctors.o)
                0x00000000080032fc                _do_ctors
 .text          0x0000000008003358       0x5c ../Music_bsp/\libhal_bsp.a(alt_do_dtors.o)
                0x0000000008003358                _do_dtors
 .text          0x00000000080033b4        0x0 ../Music_bsp/\libhal_bsp.a(alt_errno.o)
 .text          0x00000000080033b4        0x0 ../Music_bsp/\libhal_bsp.a(alt_exception_entry.o)
 .text          0x00000000080033b4       0x30 ../Music_bsp/\libhal_bsp.a(alt_icache_flush_all.o)
                0x00000000080033b4                alt_icache_flush_all
 .text          0x00000000080033e4       0x9c ../Music_bsp/\libhal_bsp.a(alt_instruction_exception_entry.o)
                0x00000000080033e4                alt_exception_cause_generated_bad_addr
 .text          0x0000000008003480      0x138 ../Music_bsp/\libhal_bsp.a(alt_io_redirect.o)
                0x0000000008003540                alt_io_redirect
 .text          0x00000000080035b8      0x274 ../Music_bsp/\libhal_bsp.a(alt_open.o)
                0x00000000080036d4                open
 .text          0x000000000800382c       0x60 ../Music_bsp/\libhal_bsp.a(alt_release_fd.o)
                0x000000000800382c                alt_release_fd
 .text          0x000000000800388c      0x19c ../Music_bsp/\libhal_bsp.a(alt_tick.o)
                0x000000000800388c                alt_alarm_stop
                0x0000000008003924                alt_tick
 .text          0x0000000008003a28       0x20 ../Music_bsp/\libhal_bsp.a(altera_nios2_gen2_irq.o)
                0x0000000008003a28                altera_nios2_gen2_irq_init
 .text          0x0000000008003a48       0x90 ../Music_bsp/\libhal_bsp.a(alt_find_dev.o)
                0x0000000008003a48                alt_find_dev
 .text          0x0000000008003ad8      0x114 ../Music_bsp/\libhal_bsp.a(alt_find_file.o)
                0x0000000008003ad8                alt_find_file
 .text          0x0000000008003bec       0xb4 ../Music_bsp/\libhal_bsp.a(alt_get_fd.o)
                0x0000000008003bec                alt_get_fd
 .text          0x0000000008003ca0       0x8c ../Music_bsp/\libhal_bsp.a(alt_icache_flush.o)
                0x0000000008003ca0                alt_icache_flush
 .text          0x0000000008003d2c       0x14 c:/altera/15.0/nios2eds/bin/gnu/h-x86_64-mingw32/bin/../lib/gcc/nios2-elf/4.9.1/../../../../../H-x86_64-mingw32/nios2-elf/lib\libc.a(lib_a-atexit.o)
                0x0000000008003d2c                atexit
 .text          0x0000000008003d40       0x38 c:/altera/15.0/nios2eds/bin/gnu/h-x86_64-mingw32/bin/../lib/gcc/nios2-elf/4.9.1/../../../../../H-x86_64-mingw32/nios2-elf/lib\libc.a(lib_a-exit.o)
                0x0000000008003d40                exit
 .text          0x0000000008003d78        0x0 c:/altera/15.0/nios2eds/bin/gnu/h-x86_64-mingw32/bin/../lib/gcc/nios2-elf/4.9.1/../../../../../H-x86_64-mingw32/nios2-elf/lib\libc.a(lib_a-int_errno.o)
 .text          0x0000000008003d78       0x7c c:/altera/15.0/nios2eds/bin/gnu/h-x86_64-mingw32/bin/../lib/gcc/nios2-elf/4.9.1/../../../../../H-x86_64-mingw32/nios2-elf/lib\libc.a(lib_a-memcmp.o)
                0x0000000008003d78                memcmp
 .text          0x0000000008003df4      0x138 c:/altera/15.0/nios2eds/bin/gnu/h-x86_64-mingw32/bin/../lib/gcc/nios2-elf/4.9.1/../../../../../H-x86_64-mingw32/nios2-elf/lib\libc.a(lib_a-memcpy.o)
                0x0000000008003df4                memcpy
 .text          0x0000000008003f2c      0x114 c:/altera/15.0/nios2eds/bin/gnu/h-x86_64-mingw32/bin/../lib/gcc/nios2-elf/4.9.1/../../../../../H-x86_64-mingw32/nios2-elf/lib\libc.a(lib_a-__atexit.o)
                0x0000000008003f2c                __register_exitproc
 .text          0x0000000008004040      0x194 c:/altera/15.0/nios2eds/bin/gnu/h-x86_64-mingw32/bin/../lib/gcc/nios2-elf/4.9.1/../../../../../H-x86_64-mingw32/nios2-elf/lib\libc.a(lib_a-__call_atexit.o)
                0x0000000008004040                __call_exitprocs
 .text          0x00000000080041d4       0x34 ../Music_bsp/\libhal_bsp.a(alt_exit.o)
                0x00000000080041d4                _exit
 *(.gnu.warning.*)
 *(.fini)
                0x0000000008004208                PROVIDE (__etext, ABSOLUTE (.))
                0x0000000008004208                PROVIDE (_etext, ABSOLUTE (.))
                0x0000000008004208                PROVIDE (etext, ABSOLUTE (.))
 *(.eh_frame_hdr)
                0x0000000008004208                . = ALIGN (0x4)
                0x0000000008004208                PROVIDE (__preinit_array_start, ABSOLUTE (.))
 *(.preinit_array)
                0x0000000008004208                PROVIDE (__preinit_array_end, ABSOLUTE (.))
                0x0000000008004208                PROVIDE (__init_array_start, ABSOLUTE (.))
 *(.init_array)
                0x0000000008004208                PROVIDE (__init_array_end, ABSOLUTE (.))
                0x0000000008004208                PROVIDE (__fini_array_start, ABSOLUTE (.))
 *(.fini_array)
                0x0000000008004208                PROVIDE (__fini_array_end, ABSOLUTE (.))
 *(.eh_frame)
 *(.gcc_except_table .gcc_except_table.*)
 *(.dynamic)
                0x0000000008004208                PROVIDE (__CTOR_LIST__, ABSOLUTE (.))
 *(.ctors)
 *(SORT(.ctors.*))
                0x0000000008004208                PROVIDE (__CTOR_END__, ABSOLUTE (.))
                0x0000000008004208                PROVIDE (__DTOR_LIST__, ABSOLUTE (.))
 *(.dtors)
 *(SORT(.dtors.*))
                0x0000000008004208                PROVIDE (__DTOR_END__, ABSOLUTE (.))
 *(.jcr)
                0x0000000008004208                . = ALIGN (0x4)

.rodata         0x0000000008004208       0x54
                0x0000000008004208                PROVIDE (__ram_rodata_start, ABSOLUTE (.))
                0x0000000008004208                . = ALIGN (0x4)
 *(.rodata .rodata.* .gnu.linkonce.r.*)
 .rodata        0x0000000008004208       0x1c obj/default/hello_world.o
 .rodata.str1.4
                0x0000000008004224        0x4 c:/altera/15.0/nios2eds/bin/gnu/h-x86_64-mingw32/bin/../lib/gcc/nios2-elf/4.9.1/../../../../../H-x86_64-mingw32/nios2-elf/lib\libc.a(lib_a-impure.o)
 .rodata        0x0000000008004228       0x14 ../Music_bsp/\libhal_bsp.a(alt_main.o)
 .rodata        0x000000000800423c       0x14 ../Music_bsp/\libhal_bsp.a(alt_sys_init.o)
 .rodata        0x0000000008004250        0xc ../Music_bsp/\libhal_bsp.a(alt_dev.o)
 *(.rodata1)
                0x000000000800425c                . = ALIGN (0x4)
                0x000000000800425c                PROVIDE (__ram_rodata_end, ABSOLUTE (.))
                0x0000000008004208                PROVIDE (__flash_rodata_start, LOADADDR (.rodata))

.rwdata         0x000000000800425c     0x1b80 load address 0x0000000008005ddc
                0x000000000800425c                PROVIDE (__ram_rwdata_start, ABSOLUTE (.))
                0x000000000800425c                . = ALIGN (0x4)
 *(.got.plt)
 *(.got)
 *(.data1)
 *(.data .data.* .gnu.linkonce.d.*)
 .data          0x000000000800425c        0x0 ../Music_bsp//obj/HAL/src/crt0.o
 .data          0x000000000800425c        0x0 obj/default/LCD1602_Qsys.o
 .data          0x000000000800425c      0x508 obj/default/hello_world.o
                0x000000000800425c                LCD_Welcome
                0x000000000800426c                LCD_Playing
                0x000000000800427c                LCD_Pause
                0x000000000800428c                Song_1
                0x0000000008004298                Song_2
                0x00000000080042a4                Song_3
                0x00000000080042c0                Song_4
                0x00000000080042dc                Song_5
                0x00000000080042f8                Song_6
                0x0000000008004304                Song_7
                0x0000000008004310                Song_8
                0x000000000800432c                Song_9
                0x0000000008004344                Song_10
                0x0000000008004358                Song_11
                0x0000000008004370                Song_12
                0x000000000800437c                space
                0x0000000008004570                str
 .data          0x0000000008004764        0x0 c:/altera/15.0/nios2eds/bin/gnu/h-x86_64-mingw32/bin/../lib/gcc/nios2-elf/4.9.1\libgcc.a(lib2-divmod.o)
 .data          0x0000000008004764        0x0 c:/altera/15.0/nios2eds/bin/gnu/h-x86_64-mingw32/bin/../lib/gcc/nios2-elf/4.9.1/../../../../../H-x86_64-mingw32/nios2-elf/lib\libc.a(lib_a-clock.o)
 .data          0x0000000008004764      0x424 c:/altera/15.0/nios2eds/bin/gnu/h-x86_64-mingw32/bin/../lib/gcc/nios2-elf/4.9.1/../../../../../H-x86_64-mingw32/nios2-elf/lib\libc.a(lib_a-impure.o)
 .data          0x0000000008004b88        0x0 c:/altera/15.0/nios2eds/bin/gnu/h-x86_64-mingw32/bin/../lib/gcc/nios2-elf/4.9.1/../../../../../H-x86_64-mingw32/nios2-elf/lib\libc.a(lib_a-memset.o)
 .data          0x0000000008004b88        0x0 c:/altera/15.0/nios2eds/bin/gnu/h-x86_64-mingw32/bin/../lib/gcc/nios2-elf/4.9.1/../../../../../H-x86_64-mingw32/nios2-elf/lib\libc.a(lib_a-strcpy.o)
 .data          0x0000000008004b88        0x0 c:/altera/15.0/nios2eds/bin/gnu/h-x86_64-mingw32/bin/../lib/gcc/nios2-elf/4.9.1/../../../../../H-x86_64-mingw32/nios2-elf/lib\libc.a(lib_a-strlen.o)
 .data          0x0000000008004b88        0x0 c:/altera/15.0/nios2eds/bin/gnu/h-x86_64-mingw32/bin/../lib/gcc/nios2-elf/4.9.1/../../../../../H-x86_64-mingw32/nios2-elf/lib\libc.a(lib_a-timesr.o)
 .data          0x0000000008004b88        0x0 ../Music_bsp/\libhal_bsp.a(alt_iic.o)
 .data          0x0000000008004b88        0x0 ../Music_bsp/\libhal_bsp.a(alt_iic_isr_register.o)
 .data          0x0000000008004b88        0x0 ../Music_bsp/\libhal_bsp.a(alt_irq_entry.o)
 .data          0x0000000008004b88        0x0 ../Music_bsp/\libhal_bsp.a(alt_irq_handler.o)
 .data          0x0000000008004b88        0x0 ../Music_bsp/\libhal_bsp.a(alt_irq_vars.o)
 .data          0x0000000008004b88        0x0 ../Music_bsp/\libhal_bsp.a(alt_load.o)
 .data          0x0000000008004b88        0x0 ../Music_bsp/\libhal_bsp.a(alt_main.o)
 .data          0x0000000008004b88        0x0 ../Music_bsp/\libhal_bsp.a(alt_times.o)
 .data          0x0000000008004b88     0x1060 ../Music_bsp/\libhal_bsp.a(alt_sys_init.o)
 .data          0x0000000008005be8        0x0 ../Music_bsp/\libhal_bsp.a(altera_avalon_jtag_uart_fd.o)
 .data          0x0000000008005be8        0x0 ../Music_bsp/\libhal_bsp.a(altera_avalon_jtag_uart_init.o)
 .data          0x0000000008005be8        0x0 ../Music_bsp/\libhal_bsp.a(altera_avalon_jtag_uart_ioctl.o)
 .data          0x0000000008005be8        0x0 ../Music_bsp/\libhal_bsp.a(altera_avalon_jtag_uart_read.o)
 .data          0x0000000008005be8        0x0 ../Music_bsp/\libhal_bsp.a(altera_avalon_jtag_uart_write.o)
 .data          0x0000000008005be8        0x0 ../Music_bsp/\libhal_bsp.a(alt_alarm_start.o)
 .data          0x0000000008005be8        0x0 ../Music_bsp/\libhal_bsp.a(alt_close.o)
 .data          0x0000000008005be8        0x0 ../Music_bsp/\libhal_bsp.a(alt_dcache_flush_all.o)
 .data          0x0000000008005be8      0x1a8 ../Music_bsp/\libhal_bsp.a(alt_dev.o)
                0x0000000008005be8                alt_dev_null
                0x0000000008005c10                alt_fd_list
 .data          0x0000000008005d90        0x0 ../Music_bsp/\libhal_bsp.a(alt_dev_llist_insert.o)
 .data          0x0000000008005d90        0x0 ../Music_bsp/\libhal_bsp.a(alt_do_ctors.o)
 .data          0x0000000008005d90        0x0 ../Music_bsp/\libhal_bsp.a(alt_do_dtors.o)
 .data          0x0000000008005d90        0x0 ../Music_bsp/\libhal_bsp.a(alt_errno.o)
 .data          0x0000000008005d90        0x0 ../Music_bsp/\libhal_bsp.a(alt_exception_entry.o)
 .data          0x0000000008005d90        0x0 ../Music_bsp/\libhal_bsp.a(alt_icache_flush_all.o)
 .data          0x0000000008005d90        0x0 ../Music_bsp/\libhal_bsp.a(alt_instruction_exception_entry.o)
 .data          0x0000000008005d90        0x0 ../Music_bsp/\libhal_bsp.a(alt_io_redirect.o)
 .data          0x0000000008005d90        0x0 ../Music_bsp/\libhal_bsp.a(alt_open.o)
 .data          0x0000000008005d90        0x0 ../Music_bsp/\libhal_bsp.a(alt_release_fd.o)
 .data          0x0000000008005d90        0x0 ../Music_bsp/\libhal_bsp.a(alt_tick.o)
 .data          0x0000000008005d90        0x0 ../Music_bsp/\libhal_bsp.a(altera_nios2_gen2_irq.o)
 .data          0x0000000008005d90        0x0 ../Music_bsp/\libhal_bsp.a(alt_find_dev.o)
 .data          0x0000000008005d90        0x0 ../Music_bsp/\libhal_bsp.a(alt_find_file.o)
 .data          0x0000000008005d90        0x0 ../Music_bsp/\libhal_bsp.a(alt_get_fd.o)
 .data          0x0000000008005d90        0x0 ../Music_bsp/\libhal_bsp.a(alt_icache_flush.o)
 .data          0x0000000008005d90        0x0 c:/altera/15.0/nios2eds/bin/gnu/h-x86_64-mingw32/bin/../lib/gcc/nios2-elf/4.9.1/../../../../../H-x86_64-mingw32/nios2-elf/lib\libc.a(lib_a-atexit.o)
 .data          0x0000000008005d90        0x0 c:/altera/15.0/nios2eds/bin/gnu/h-x86_64-mingw32/bin/../lib/gcc/nios2-elf/4.9.1/../../../../../H-x86_64-mingw32/nios2-elf/lib\libc.a(lib_a-exit.o)
 .data          0x0000000008005d90        0x0 c:/altera/15.0/nios2eds/bin/gnu/h-x86_64-mingw32/bin/../lib/gcc/nios2-elf/4.9.1/../../../../../H-x86_64-mingw32/nios2-elf/lib\libc.a(lib_a-int_errno.o)
 .data          0x0000000008005d90        0x0 c:/altera/15.0/nios2eds/bin/gnu/h-x86_64-mingw32/bin/../lib/gcc/nios2-elf/4.9.1/../../../../../H-x86_64-mingw32/nios2-elf/lib\libc.a(lib_a-memcmp.o)
 .data          0x0000000008005d90        0x0 c:/altera/15.0/nios2eds/bin/gnu/h-x86_64-mingw32/bin/../lib/gcc/nios2-elf/4.9.1/../../../../../H-x86_64-mingw32/nios2-elf/lib\libc.a(lib_a-memcpy.o)
 .data          0x0000000008005d90        0x0 c:/altera/15.0/nios2eds/bin/gnu/h-x86_64-mingw32/bin/../lib/gcc/nios2-elf/4.9.1/../../../../../H-x86_64-mingw32/nios2-elf/lib\libc.a(lib_a-__atexit.o)
 .data          0x0000000008005d90        0x0 c:/altera/15.0/nios2eds/bin/gnu/h-x86_64-mingw32/bin/../lib/gcc/nios2-elf/4.9.1/../../../../../H-x86_64-mingw32/nios2-elf/lib\libc.a(lib_a-__call_atexit.o)
 .data          0x0000000008005d90        0x0 ../Music_bsp/\libhal_bsp.a(alt_exit.o)
                0x000000000800dd90                _gp = ABSOLUTE ((. + 0x8000))
                0x000000000800dd90                PROVIDE (gp, _gp)
 *(.rwdata .rwdata.*)
 *(.sdata .sdata.* .gnu.linkonce.s.*)
 .sdata         0x0000000008005d90        0x4 obj/default/LCD1602_Qsys.o
                0x0000000008005d90                pUser_LCD
 .sdata         0x0000000008005d94       0x1c obj/default/hello_world.o
                0x0000000008005d94                pUser_IR
                0x0000000008005d98                pUser_SEG7
                0x0000000008005d9c                Song_0
                0x0000000008005da4                str_len
                0x0000000008005da8                volume
                0x0000000008005dac                state_sign
 .sdata         0x0000000008005db0        0x8 c:/altera/15.0/nios2eds/bin/gnu/h-x86_64-mingw32/bin/../lib/gcc/nios2-elf/4.9.1/../../../../../H-x86_64-mingw32/nios2-elf/lib\libc.a(lib_a-impure.o)
                0x0000000008005db0                _global_impure_ptr
                0x0000000008005db4                _impure_ptr
 .sdata         0x0000000008005db8        0x4 ../Music_bsp/\libhal_bsp.a(alt_irq_vars.o)
                0x0000000008005db8                alt_priority_mask
 .sdata         0x0000000008005dbc       0x14 ../Music_bsp/\libhal_bsp.a(alt_dev.o)
                0x0000000008005dbc                alt_fs_list
                0x0000000008005dc4                alt_dev_list
                0x0000000008005dcc                alt_max_fd
 .sdata         0x0000000008005dd0        0x4 ../Music_bsp/\libhal_bsp.a(alt_errno.o)
                0x0000000008005dd0                alt_errno
 .sdata         0x0000000008005dd4        0x8 ../Music_bsp/\libhal_bsp.a(alt_tick.o)
                0x0000000008005dd4                alt_alarm_list
 *(.sdata2 .sdata2.* .gnu.linkonce.s2.*)
                0x0000000008005ddc                . = ALIGN (0x4)
                0x0000000008005ddc                _edata = ABSOLUTE (.)
                0x0000000008005ddc                PROVIDE (edata, ABSOLUTE (.))
                0x0000000008005ddc                PROVIDE (__ram_rwdata_end, ABSOLUTE (.))
                0x0000000008005ddc                PROVIDE (__flash_rwdata_start, LOADADDR (.rwdata))

.bss            0x000000000800795c      0x16c
                0x000000000800795c                __bss_start = ABSOLUTE (.)
                0x000000000800795c                PROVIDE (__sbss_start, ABSOLUTE (.))
                0x000000000800795c                PROVIDE (___sbss_start, ABSOLUTE (.))
 *(.dynsbss)
 *(.sbss .sbss.* .gnu.linkonce.sb.*)
 .sbss          0x000000000800795c       0x30 obj/default/hello_world.o
                0x000000000800795c                mode
                0x0000000008007960                Power
                0x0000000008007964                Adjust
                0x0000000008007968                mute
                0x000000000800796c                Play
                0x0000000008007970                add1
                0x0000000008007978                add2
                0x0000000008007980                state_input
                0x0000000008007984                state_add1
                0x0000000008007988                state_add2
 .sbss          0x000000000800798c        0xc obj/default/hello_world.o
                0x000000000800798c                Data_Ready
                0x0000000008007990                volume_mute
                0x0000000008007994                IR_Data
 .sbss          0x0000000008007998        0x4 ../Music_bsp/\libhal_bsp.a(alt_irq_vars.o)
                0x0000000008007998                alt_irq_active
 .sbss          0x000000000800799c        0xc ../Music_bsp/\libhal_bsp.a(alt_main.o)
                0x000000000800799c                alt_argc
                0x00000000080079a0                alt_argv
                0x00000000080079a4                alt_envp
 .sbss          0x00000000080079a8        0x4 ../Music_bsp/\libhal_bsp.a(alt_instruction_exception_entry.o)
                0x00000000080079a8                alt_instruction_exception_handler
 .sbss          0x00000000080079ac        0x8 ../Music_bsp/\libhal_bsp.a(alt_tick.o)
                0x00000000080079ac                _alt_tick_rate
                0x00000000080079b0                _alt_nticks
 .sbss          0x00000000080079b4        0x4 c:/altera/15.0/nios2eds/bin/gnu/h-x86_64-mingw32/bin/../lib/gcc/nios2-elf/4.9.1/../../../../../H-x86_64-mingw32/nios2-elf/lib\libc.a(lib_a-int_errno.o)
                0x00000000080079b4                errno
 *(.sbss2 .sbss2.* .gnu.linkonce.sb2.*)
 *(.scommon)
                0x00000000080079b8                PROVIDE (__sbss_end, ABSOLUTE (.))
                0x00000000080079b8                PROVIDE (___sbss_end, ABSOLUTE (.))
 *(.dynbss)
 *(.bss .bss.* .gnu.linkonce.b.*)
 .bss           0x00000000080079b8        0x0 ../Music_bsp//obj/HAL/src/crt0.o
 .bss           0x00000000080079b8        0x0 obj/default/LCD1602_Qsys.o
 .bss           0x00000000080079b8       0x10 obj/default/hello_world.o
                0x00000000080079b8                answer
 .bss           0x00000000080079c8        0x0 c:/altera/15.0/nios2eds/bin/gnu/h-x86_64-mingw32/bin/../lib/gcc/nios2-elf/4.9.1\libgcc.a(lib2-divmod.o)
 .bss           0x00000000080079c8        0x0 c:/altera/15.0/nios2eds/bin/gnu/h-x86_64-mingw32/bin/../lib/gcc/nios2-elf/4.9.1/../../../../../H-x86_64-mingw32/nios2-elf/lib\libc.a(lib_a-clock.o)
 .bss           0x00000000080079c8        0x0 c:/altera/15.0/nios2eds/bin/gnu/h-x86_64-mingw32/bin/../lib/gcc/nios2-elf/4.9.1/../../../../../H-x86_64-mingw32/nios2-elf/lib\libc.a(lib_a-impure.o)
 .bss           0x00000000080079c8        0x0 c:/altera/15.0/nios2eds/bin/gnu/h-x86_64-mingw32/bin/../lib/gcc/nios2-elf/4.9.1/../../../../../H-x86_64-mingw32/nios2-elf/lib\libc.a(lib_a-memset.o)
 .bss           0x00000000080079c8        0x0 c:/altera/15.0/nios2eds/bin/gnu/h-x86_64-mingw32/bin/../lib/gcc/nios2-elf/4.9.1/../../../../../H-x86_64-mingw32/nios2-elf/lib\libc.a(lib_a-strcpy.o)
 .bss           0x00000000080079c8        0x0 c:/altera/15.0/nios2eds/bin/gnu/h-x86_64-mingw32/bin/../lib/gcc/nios2-elf/4.9.1/../../../../../H-x86_64-mingw32/nios2-elf/lib\libc.a(lib_a-strlen.o)
 .bss           0x00000000080079c8        0x0 c:/altera/15.0/nios2eds/bin/gnu/h-x86_64-mingw32/bin/../lib/gcc/nios2-elf/4.9.1/../../../../../H-x86_64-mingw32/nios2-elf/lib\libc.a(lib_a-timesr.o)
 .bss           0x00000000080079c8        0x0 ../Music_bsp/\libhal_bsp.a(alt_iic.o)
 .bss           0x00000000080079c8        0x0 ../Music_bsp/\libhal_bsp.a(alt_iic_isr_register.o)
 .bss           0x00000000080079c8        0x0 ../Music_bsp/\libhal_bsp.a(alt_irq_entry.o)
 .bss           0x00000000080079c8        0x0 ../Music_bsp/\libhal_bsp.a(alt_irq_handler.o)
 .bss           0x00000000080079c8        0x0 ../Music_bsp/\libhal_bsp.a(alt_irq_vars.o)
 .bss           0x00000000080079c8        0x0 ../Music_bsp/\libhal_bsp.a(alt_load.o)
 .bss           0x00000000080079c8        0x0 ../Music_bsp/\libhal_bsp.a(alt_main.o)
 .bss           0x00000000080079c8        0x0 ../Music_bsp/\libhal_bsp.a(alt_times.o)
 .bss           0x00000000080079c8        0x0 ../Music_bsp/\libhal_bsp.a(alt_sys_init.o)
 .bss           0x00000000080079c8        0x0 ../Music_bsp/\libhal_bsp.a(altera_avalon_jtag_uart_fd.o)
 .bss           0x00000000080079c8        0x0 ../Music_bsp/\libhal_bsp.a(altera_avalon_jtag_uart_init.o)
 .bss           0x00000000080079c8        0x0 ../Music_bsp/\libhal_bsp.a(altera_avalon_jtag_uart_ioctl.o)
 .bss           0x00000000080079c8        0x0 ../Music_bsp/\libhal_bsp.a(altera_avalon_jtag_uart_read.o)
 .bss           0x00000000080079c8        0x0 ../Music_bsp/\libhal_bsp.a(altera_avalon_jtag_uart_write.o)
 .bss           0x00000000080079c8        0x0 ../Music_bsp/\libhal_bsp.a(alt_alarm_start.o)
 .bss           0x00000000080079c8        0x0 ../Music_bsp/\libhal_bsp.a(alt_close.o)
 .bss           0x00000000080079c8        0x0 ../Music_bsp/\libhal_bsp.a(alt_dcache_flush_all.o)
 .bss           0x00000000080079c8        0x0 ../Music_bsp/\libhal_bsp.a(alt_dev.o)
 .bss           0x00000000080079c8        0x0 ../Music_bsp/\libhal_bsp.a(alt_dev_llist_insert.o)
 .bss           0x00000000080079c8        0x0 ../Music_bsp/\libhal_bsp.a(alt_do_ctors.o)
 .bss           0x00000000080079c8        0x0 ../Music_bsp/\libhal_bsp.a(alt_do_dtors.o)
 .bss           0x00000000080079c8        0x0 ../Music_bsp/\libhal_bsp.a(alt_errno.o)
 .bss           0x00000000080079c8        0x0 ../Music_bsp/\libhal_bsp.a(alt_exception_entry.o)
 .bss           0x00000000080079c8        0x0 ../Music_bsp/\libhal_bsp.a(alt_icache_flush_all.o)
 .bss           0x00000000080079c8        0x0 ../Music_bsp/\libhal_bsp.a(alt_instruction_exception_entry.o)
 .bss           0x00000000080079c8        0x0 ../Music_bsp/\libhal_bsp.a(alt_io_redirect.o)
 .bss           0x00000000080079c8        0x0 ../Music_bsp/\libhal_bsp.a(alt_open.o)
 .bss           0x00000000080079c8        0x0 ../Music_bsp/\libhal_bsp.a(alt_release_fd.o)
 .bss           0x00000000080079c8        0x0 ../Music_bsp/\libhal_bsp.a(alt_tick.o)
 .bss           0x00000000080079c8        0x0 ../Music_bsp/\libhal_bsp.a(altera_nios2_gen2_irq.o)
 .bss           0x00000000080079c8        0x0 ../Music_bsp/\libhal_bsp.a(alt_find_dev.o)
 .bss           0x00000000080079c8        0x0 ../Music_bsp/\libhal_bsp.a(alt_find_file.o)
 .bss           0x00000000080079c8        0x0 ../Music_bsp/\libhal_bsp.a(alt_get_fd.o)
 .bss           0x00000000080079c8        0x0 ../Music_bsp/\libhal_bsp.a(alt_icache_flush.o)
 .bss           0x00000000080079c8        0x0 c:/altera/15.0/nios2eds/bin/gnu/h-x86_64-mingw32/bin/../lib/gcc/nios2-elf/4.9.1/../../../../../H-x86_64-mingw32/nios2-elf/lib\libc.a(lib_a-atexit.o)
 .bss           0x00000000080079c8        0x0 c:/altera/15.0/nios2eds/bin/gnu/h-x86_64-mingw32/bin/../lib/gcc/nios2-elf/4.9.1/../../../../../H-x86_64-mingw32/nios2-elf/lib\libc.a(lib_a-exit.o)
 .bss           0x00000000080079c8        0x0 c:/altera/15.0/nios2eds/bin/gnu/h-x86_64-mingw32/bin/../lib/gcc/nios2-elf/4.9.1/../../../../../H-x86_64-mingw32/nios2-elf/lib\libc.a(lib_a-int_errno.o)
 .bss           0x00000000080079c8        0x0 c:/altera/15.0/nios2eds/bin/gnu/h-x86_64-mingw32/bin/../lib/gcc/nios2-elf/4.9.1/../../../../../H-x86_64-mingw32/nios2-elf/lib\libc.a(lib_a-memcmp.o)
 .bss           0x00000000080079c8        0x0 c:/altera/15.0/nios2eds/bin/gnu/h-x86_64-mingw32/bin/../lib/gcc/nios2-elf/4.9.1/../../../../../H-x86_64-mingw32/nios2-elf/lib\libc.a(lib_a-memcpy.o)
 .bss           0x00000000080079c8        0x0 c:/altera/15.0/nios2eds/bin/gnu/h-x86_64-mingw32/bin/../lib/gcc/nios2-elf/4.9.1/../../../../../H-x86_64-mingw32/nios2-elf/lib\libc.a(lib_a-__atexit.o)
 .bss           0x00000000080079c8        0x0 c:/altera/15.0/nios2eds/bin/gnu/h-x86_64-mingw32/bin/../lib/gcc/nios2-elf/4.9.1/../../../../../H-x86_64-mingw32/nios2-elf/lib\libc.a(lib_a-__call_atexit.o)
 .bss           0x00000000080079c8        0x0 ../Music_bsp/\libhal_bsp.a(alt_exit.o)
 *(COMMON)
 COMMON         0x00000000080079c8      0x100 ../Music_bsp/\libhal_bsp.a(alt_irq_handler.o)
                0x00000000080079c8                alt_irq
                0x0000000008007ac8                . = ALIGN (0x4)
                0x0000000008007ac8                __bss_end = ABSOLUTE (.)

.new_sdram_controller_0
                0x0000000008007ac8        0x0
                0x0000000008007ac8                PROVIDE (_alt_partition_new_sdram_controller_0_start, ABSOLUTE (.))
 *(.new_sdram_controller_0 .new_sdram_controller_0. new_sdram_controller_0.*)
                0x0000000008007ac8                . = ALIGN (0x4)
                0x0000000008007ac8                PROVIDE (_alt_partition_new_sdram_controller_0_end, ABSOLUTE (.))
                0x0000000008007ac8                _end = ABSOLUTE (.)
                0x0000000008007ac8                end = ABSOLUTE (.)
                0x0000000008007ac8                __alt_stack_base = ABSOLUTE (.)
                0x0000000008007ac8                PROVIDE (_alt_partition_new_sdram_controller_0_load_addr, LOADADDR (.new_sdram_controller_0))

.stab
 *(.stab)

.stabstr
 *(.stabstr)

.stab.excl
 *(.stab.excl)

.stab.exclstr
 *(.stab.exclstr)

.stab.index
 *(.stab.index)

.stab.indexstr
 *(.stab.indexstr)

.comment        0x0000000000000000       0x23
 *(.comment)
 .comment       0x0000000000000000       0x23 obj/default/LCD1602_Qsys.o
                                         0x24 (size before relaxing)
 .comment       0x0000000000000000       0x24 obj/default/hello_world.o
 .comment       0x0000000000000000       0x24 c:/altera/15.0/nios2eds/bin/gnu/h-x86_64-mingw32/bin/../lib/gcc/nios2-elf/4.9.1\libgcc.a(lib2-divmod.o)
 .comment       0x0000000000000000       0x24 c:/altera/15.0/nios2eds/bin/gnu/h-x86_64-mingw32/bin/../lib/gcc/nios2-elf/4.9.1/../../../../../H-x86_64-mingw32/nios2-elf/lib\libc.a(lib_a-clock.o)
 .comment       0x0000000000000000       0x24 c:/altera/15.0/nios2eds/bin/gnu/h-x86_64-mingw32/bin/../lib/gcc/nios2-elf/4.9.1/../../../../../H-x86_64-mingw32/nios2-elf/lib\libc.a(lib_a-impure.o)
 .comment       0x0000000000000000       0x24 c:/altera/15.0/nios2eds/bin/gnu/h-x86_64-mingw32/bin/../lib/gcc/nios2-elf/4.9.1/../../../../../H-x86_64-mingw32/nios2-elf/lib\libc.a(lib_a-memset.o)
 .comment       0x0000000000000000       0x24 c:/altera/15.0/nios2eds/bin/gnu/h-x86_64-mingw32/bin/../lib/gcc/nios2-elf/4.9.1/../../../../../H-x86_64-mingw32/nios2-elf/lib\libc.a(lib_a-strcpy.o)
 .comment       0x0000000000000000       0x24 c:/altera/15.0/nios2eds/bin/gnu/h-x86_64-mingw32/bin/../lib/gcc/nios2-elf/4.9.1/../../../../../H-x86_64-mingw32/nios2-elf/lib\libc.a(lib_a-strlen.o)
 .comment       0x0000000000000000       0x24 c:/altera/15.0/nios2eds/bin/gnu/h-x86_64-mingw32/bin/../lib/gcc/nios2-elf/4.9.1/../../../../../H-x86_64-mingw32/nios2-elf/lib\libc.a(lib_a-timesr.o)
 .comment       0x0000000000000000       0x24 ../Music_bsp/\libhal_bsp.a(alt_iic.o)
 .comment       0x0000000000000000       0x24 ../Music_bsp/\libhal_bsp.a(alt_iic_isr_register.o)
 .comment       0x0000000000000000       0x24 ../Music_bsp/\libhal_bsp.a(alt_irq_handler.o)
 .comment       0x0000000000000000       0x24 ../Music_bsp/\libhal_bsp.a(alt_irq_vars.o)
 .comment       0x0000000000000000       0x24 ../Music_bsp/\libhal_bsp.a(alt_load.o)
 .comment       0x0000000000000000       0x24 ../Music_bsp/\libhal_bsp.a(alt_main.o)
 .comment       0x0000000000000000       0x24 ../Music_bsp/\libhal_bsp.a(alt_times.o)
 .comment       0x0000000000000000       0x24 ../Music_bsp/\libhal_bsp.a(alt_sys_init.o)
 .comment       0x0000000000000000       0x24 ../Music_bsp/\libhal_bsp.a(altera_avalon_jtag_uart_fd.o)
 .comment       0x0000000000000000       0x24 ../Music_bsp/\libhal_bsp.a(altera_avalon_jtag_uart_init.o)
 .comment       0x0000000000000000       0x24 ../Music_bsp/\libhal_bsp.a(altera_avalon_jtag_uart_ioctl.o)
 .comment       0x0000000000000000       0x24 ../Music_bsp/\libhal_bsp.a(altera_avalon_jtag_uart_read.o)
 .comment       0x0000000000000000       0x24 ../Music_bsp/\libhal_bsp.a(altera_avalon_jtag_uart_write.o)
 .comment       0x0000000000000000       0x24 ../Music_bsp/\libhal_bsp.a(alt_alarm_start.o)
 .comment       0x0000000000000000       0x24 ../Music_bsp/\libhal_bsp.a(alt_close.o)
 .comment       0x0000000000000000       0x24 ../Music_bsp/\libhal_bsp.a(alt_dcache_flush_all.o)
 .comment       0x0000000000000000       0x24 ../Music_bsp/\libhal_bsp.a(alt_dev.o)
 .comment       0x0000000000000000       0x24 ../Music_bsp/\libhal_bsp.a(alt_dev_llist_insert.o)
 .comment       0x0000000000000000       0x24 ../Music_bsp/\libhal_bsp.a(alt_do_ctors.o)
 .comment       0x0000000000000000       0x24 ../Music_bsp/\libhal_bsp.a(alt_do_dtors.o)
 .comment       0x0000000000000000       0x24 ../Music_bsp/\libhal_bsp.a(alt_errno.o)
 .comment       0x0000000000000000       0x24 ../Music_bsp/\libhal_bsp.a(alt_icache_flush_all.o)
 .comment       0x0000000000000000       0x24 ../Music_bsp/\libhal_bsp.a(alt_instruction_exception_entry.o)
 .comment       0x0000000000000000       0x24 ../Music_bsp/\libhal_bsp.a(alt_io_redirect.o)
 .comment       0x0000000000000000       0x24 ../Music_bsp/\libhal_bsp.a(alt_open.o)
 .comment       0x0000000000000000       0x24 ../Music_bsp/\libhal_bsp.a(alt_release_fd.o)
 .comment       0x0000000000000000       0x24 ../Music_bsp/\libhal_bsp.a(alt_tick.o)
 .comment       0x0000000000000000       0x24 ../Music_bsp/\libhal_bsp.a(altera_nios2_gen2_irq.o)
 .comment       0x0000000000000000       0x24 ../Music_bsp/\libhal_bsp.a(alt_find_dev.o)
 .comment       0x0000000000000000       0x24 ../Music_bsp/\libhal_bsp.a(alt_find_file.o)
 .comment       0x0000000000000000       0x24 ../Music_bsp/\libhal_bsp.a(alt_get_fd.o)
 .comment       0x0000000000000000       0x24 ../Music_bsp/\libhal_bsp.a(alt_icache_flush.o)
 .comment       0x0000000000000000       0x24 c:/altera/15.0/nios2eds/bin/gnu/h-x86_64-mingw32/bin/../lib/gcc/nios2-elf/4.9.1/../../../../../H-x86_64-mingw32/nios2-elf/lib\libc.a(lib_a-atexit.o)
 .comment       0x0000000000000000       0x24 c:/altera/15.0/nios2eds/bin/gnu/h-x86_64-mingw32/bin/../lib/gcc/nios2-elf/4.9.1/../../../../../H-x86_64-mingw32/nios2-elf/lib\libc.a(lib_a-exit.o)
 .comment       0x0000000000000000       0x24 c:/altera/15.0/nios2eds/bin/gnu/h-x86_64-mingw32/bin/../lib/gcc/nios2-elf/4.9.1/../../../../../H-x86_64-mingw32/nios2-elf/lib\libc.a(lib_a-int_errno.o)
 .comment       0x0000000000000000       0x24 c:/altera/15.0/nios2eds/bin/gnu/h-x86_64-mingw32/bin/../lib/gcc/nios2-elf/4.9.1/../../../../../H-x86_64-mingw32/nios2-elf/lib\libc.a(lib_a-memcmp.o)
 .comment       0x0000000000000000       0x24 c:/altera/15.0/nios2eds/bin/gnu/h-x86_64-mingw32/bin/../lib/gcc/nios2-elf/4.9.1/../../../../../H-x86_64-mingw32/nios2-elf/lib\libc.a(lib_a-memcpy.o)
 .comment       0x0000000000000000       0x24 c:/altera/15.0/nios2eds/bin/gnu/h-x86_64-mingw32/bin/../lib/gcc/nios2-elf/4.9.1/../../../../../H-x86_64-mingw32/nios2-elf/lib\libc.a(lib_a-__atexit.o)
 .comment       0x0000000000000000       0x24 c:/altera/15.0/nios2eds/bin/gnu/h-x86_64-mingw32/bin/../lib/gcc/nios2-elf/4.9.1/../../../../../H-x86_64-mingw32/nios2-elf/lib\libc.a(lib_a-__call_atexit.o)
 .comment       0x0000000000000000       0x24 ../Music_bsp/\libhal_bsp.a(alt_exit.o)

.debug
 *(.debug)

.line
 *(.line)

.debug_srcinfo
 *(.debug_srcinfo)

.debug_sfnames
 *(.debug_sfnames)

.debug_aranges  0x0000000000000000      0x698
 *(.debug_aranges)
 .debug_aranges
                0x0000000000000000       0x28 ../Music_bsp//obj/HAL/src/crt0.o
 .debug_aranges
                0x0000000000000028       0x20 obj/default/LCD1602_Qsys.o
 .debug_aranges
                0x0000000000000048       0x20 obj/default/hello_world.o
 .debug_aranges
                0x0000000000000068       0x20 c:/altera/15.0/nios2eds/bin/gnu/h-x86_64-mingw32/bin/../lib/gcc/nios2-elf/4.9.1\libgcc.a(lib2-divmod.o)
 .debug_aranges
                0x0000000000000088       0x20 c:/altera/15.0/nios2eds/bin/gnu/h-x86_64-mingw32/bin/../lib/gcc/nios2-elf/4.9.1/../../../../../H-x86_64-mingw32/nios2-elf/lib\libc.a(lib_a-clock.o)
 .debug_aranges
                0x00000000000000a8       0x18 c:/altera/15.0/nios2eds/bin/gnu/h-x86_64-mingw32/bin/../lib/gcc/nios2-elf/4.9.1/../../../../../H-x86_64-mingw32/nios2-elf/lib\libc.a(lib_a-impure.o)
 .debug_aranges
                0x00000000000000c0       0x20 c:/altera/15.0/nios2eds/bin/gnu/h-x86_64-mingw32/bin/../lib/gcc/nios2-elf/4.9.1/../../../../../H-x86_64-mingw32/nios2-elf/lib\libc.a(lib_a-memset.o)
 .debug_aranges
                0x00000000000000e0       0x20 c:/altera/15.0/nios2eds/bin/gnu/h-x86_64-mingw32/bin/../lib/gcc/nios2-elf/4.9.1/../../../../../H-x86_64-mingw32/nios2-elf/lib\libc.a(lib_a-strcpy.o)
 .debug_aranges
                0x0000000000000100       0x20 c:/altera/15.0/nios2eds/bin/gnu/h-x86_64-mingw32/bin/../lib/gcc/nios2-elf/4.9.1/../../../../../H-x86_64-mingw32/nios2-elf/lib\libc.a(lib_a-strlen.o)
 .debug_aranges
                0x0000000000000120       0x20 c:/altera/15.0/nios2eds/bin/gnu/h-x86_64-mingw32/bin/../lib/gcc/nios2-elf/4.9.1/../../../../../H-x86_64-mingw32/nios2-elf/lib\libc.a(lib_a-timesr.o)
 .debug_aranges
                0x0000000000000140       0x20 ../Music_bsp/\libhal_bsp.a(alt_iic.o)
 .debug_aranges
                0x0000000000000160       0x20 ../Music_bsp/\libhal_bsp.a(alt_iic_isr_register.o)
 .debug_aranges
                0x0000000000000180       0x30 ../Music_bsp/\libhal_bsp.a(alt_irq_entry.o)
 .debug_aranges
                0x00000000000001b0       0x20 ../Music_bsp/\libhal_bsp.a(alt_irq_handler.o)
 .debug_aranges
                0x00000000000001d0       0x18 ../Music_bsp/\libhal_bsp.a(alt_irq_vars.o)
 .debug_aranges
                0x00000000000001e8       0x20 ../Music_bsp/\libhal_bsp.a(alt_load.o)
 .debug_aranges
                0x0000000000000208       0x20 ../Music_bsp/\libhal_bsp.a(alt_main.o)
 .debug_aranges
                0x0000000000000228       0x20 ../Music_bsp/\libhal_bsp.a(alt_times.o)
 .debug_aranges
                0x0000000000000248       0x20 ../Music_bsp/\libhal_bsp.a(alt_sys_init.o)
 .debug_aranges
                0x0000000000000268       0x20 ../Music_bsp/\libhal_bsp.a(altera_avalon_jtag_uart_fd.o)
 .debug_aranges
                0x0000000000000288       0x20 ../Music_bsp/\libhal_bsp.a(altera_avalon_jtag_uart_init.o)
 .debug_aranges
                0x00000000000002a8       0x20 ../Music_bsp/\libhal_bsp.a(altera_avalon_jtag_uart_ioctl.o)
 .debug_aranges
                0x00000000000002c8       0x20 ../Music_bsp/\libhal_bsp.a(altera_avalon_jtag_uart_read.o)
 .debug_aranges
                0x00000000000002e8       0x20 ../Music_bsp/\libhal_bsp.a(altera_avalon_jtag_uart_write.o)
 .debug_aranges
                0x0000000000000308       0x20 ../Music_bsp/\libhal_bsp.a(alt_alarm_start.o)
 .debug_aranges
                0x0000000000000328       0x20 ../Music_bsp/\libhal_bsp.a(alt_close.o)
 .debug_aranges
                0x0000000000000348       0x20 ../Music_bsp/\libhal_bsp.a(alt_dcache_flush_all.o)
 .debug_aranges
                0x0000000000000368       0x20 ../Music_bsp/\libhal_bsp.a(alt_dev.o)
 .debug_aranges
                0x0000000000000388       0x20 ../Music_bsp/\libhal_bsp.a(alt_dev_llist_insert.o)
 .debug_aranges
                0x00000000000003a8       0x20 ../Music_bsp/\libhal_bsp.a(alt_do_ctors.o)
 .debug_aranges
                0x00000000000003c8       0x20 ../Music_bsp/\libhal_bsp.a(alt_do_dtors.o)
 .debug_aranges
                0x00000000000003e8       0x18 ../Music_bsp/\libhal_bsp.a(alt_errno.o)
 .debug_aranges
                0x0000000000000400       0x38 ../Music_bsp/\libhal_bsp.a(alt_exception_entry.o)
 .debug_aranges
                0x0000000000000438       0x20 ../Music_bsp/\libhal_bsp.a(alt_icache_flush_all.o)
 .debug_aranges
                0x0000000000000458       0x28 ../Music_bsp/\libhal_bsp.a(alt_instruction_exception_entry.o)
 .debug_aranges
                0x0000000000000480       0x20 ../Music_bsp/\libhal_bsp.a(alt_io_redirect.o)
 .debug_aranges
                0x00000000000004a0       0x20 ../Music_bsp/\libhal_bsp.a(alt_open.o)
 .debug_aranges
                0x00000000000004c0       0x20 ../Music_bsp/\libhal_bsp.a(alt_release_fd.o)
 .debug_aranges
                0x00000000000004e0       0x20 ../Music_bsp/\libhal_bsp.a(alt_tick.o)
 .debug_aranges
                0x0000000000000500       0x20 ../Music_bsp/\libhal_bsp.a(altera_nios2_gen2_irq.o)
 .debug_aranges
                0x0000000000000520       0x20 ../Music_bsp/\libhal_bsp.a(alt_find_dev.o)
 .debug_aranges
                0x0000000000000540       0x20 ../Music_bsp/\libhal_bsp.a(alt_find_file.o)
 .debug_aranges
                0x0000000000000560       0x20 ../Music_bsp/\libhal_bsp.a(alt_get_fd.o)
 .debug_aranges
                0x0000000000000580       0x20 ../Music_bsp/\libhal_bsp.a(alt_icache_flush.o)
 .debug_aranges
                0x00000000000005a0       0x20 c:/altera/15.0/nios2eds/bin/gnu/h-x86_64-mingw32/bin/../lib/gcc/nios2-elf/4.9.1/../../../../../H-x86_64-mingw32/nios2-elf/lib\libc.a(lib_a-atexit.o)
 .debug_aranges
                0x00000000000005c0       0x20 c:/altera/15.0/nios2eds/bin/gnu/h-x86_64-mingw32/bin/../lib/gcc/nios2-elf/4.9.1/../../../../../H-x86_64-mingw32/nios2-elf/lib\libc.a(lib_a-exit.o)
 .debug_aranges
                0x00000000000005e0       0x18 c:/altera/15.0/nios2eds/bin/gnu/h-x86_64-mingw32/bin/../lib/gcc/nios2-elf/4.9.1/../../../../../H-x86_64-mingw32/nios2-elf/lib\libc.a(lib_a-int_errno.o)
 .debug_aranges
                0x00000000000005f8       0x20 c:/altera/15.0/nios2eds/bin/gnu/h-x86_64-mingw32/bin/../lib/gcc/nios2-elf/4.9.1/../../../../../H-x86_64-mingw32/nios2-elf/lib\libc.a(lib_a-memcmp.o)
 .debug_aranges
                0x0000000000000618       0x20 c:/altera/15.0/nios2eds/bin/gnu/h-x86_64-mingw32/bin/../lib/gcc/nios2-elf/4.9.1/../../../../../H-x86_64-mingw32/nios2-elf/lib\libc.a(lib_a-memcpy.o)
 .debug_aranges
                0x0000000000000638       0x20 c:/altera/15.0/nios2eds/bin/gnu/h-x86_64-mingw32/bin/../lib/gcc/nios2-elf/4.9.1/../../../../../H-x86_64-mingw32/nios2-elf/lib\libc.a(lib_a-__atexit.o)
 .debug_aranges
                0x0000000000000658       0x20 c:/altera/15.0/nios2eds/bin/gnu/h-x86_64-mingw32/bin/../lib/gcc/nios2-elf/4.9.1/../../../../../H-x86_64-mingw32/nios2-elf/lib\libc.a(lib_a-__call_atexit.o)
 .debug_aranges
                0x0000000000000678       0x20 ../Music_bsp/\libhal_bsp.a(alt_exit.o)

.debug_pubnames
 *(.debug_pubnames)

.debug_info     0x0000000000000000     0x9409
 *(.debug_info .gnu.linkonce.wi.*)
 .debug_info    0x0000000000000000       0x63 ../Music_bsp//obj/HAL/src/crt0.o
 .debug_info    0x0000000000000063      0x10f obj/default/LCD1602_Qsys.o
 .debug_info    0x0000000000000172      0x799 obj/default/hello_world.o
 .debug_info    0x000000000000090b      0x234 c:/altera/15.0/nios2eds/bin/gnu/h-x86_64-mingw32/bin/../lib/gcc/nios2-elf/4.9.1\libgcc.a(lib2-divmod.o)
 .debug_info    0x0000000000000b3f      0x918 c:/altera/15.0/nios2eds/bin/gnu/h-x86_64-mingw32/bin/../lib/gcc/nios2-elf/4.9.1/../../../../../H-x86_64-mingw32/nios2-elf/lib\libc.a(lib_a-clock.o)
 .debug_info    0x0000000000001457      0x88f c:/altera/15.0/nios2eds/bin/gnu/h-x86_64-mingw32/bin/../lib/gcc/nios2-elf/4.9.1/../../../../../H-x86_64-mingw32/nios2-elf/lib\libc.a(lib_a-impure.o)
 .debug_info    0x0000000000001ce6      0x11a c:/altera/15.0/nios2eds/bin/gnu/h-x86_64-mingw32/bin/../lib/gcc/nios2-elf/4.9.1/../../../../../H-x86_64-mingw32/nios2-elf/lib\libc.a(lib_a-memset.o)
 .debug_info    0x0000000000001e00      0x110 c:/altera/15.0/nios2eds/bin/gnu/h-x86_64-mingw32/bin/../lib/gcc/nios2-elf/4.9.1/../../../../../H-x86_64-mingw32/nios2-elf/lib\libc.a(lib_a-strcpy.o)
 .debug_info    0x0000000000001f10       0xdb c:/altera/15.0/nios2eds/bin/gnu/h-x86_64-mingw32/bin/../lib/gcc/nios2-elf/4.9.1/../../../../../H-x86_64-mingw32/nios2-elf/lib\libc.a(lib_a-strlen.o)
 .debug_info    0x0000000000001feb      0x910 c:/altera/15.0/nios2eds/bin/gnu/h-x86_64-mingw32/bin/../lib/gcc/nios2-elf/4.9.1/../../../../../H-x86_64-mingw32/nios2-elf/lib\libc.a(lib_a-timesr.o)
 .debug_info    0x00000000000028fb      0x349 ../Music_bsp/\libhal_bsp.a(alt_iic.o)
 .debug_info    0x0000000000002c44      0x1e8 ../Music_bsp/\libhal_bsp.a(alt_iic_isr_register.o)
 .debug_info    0x0000000000002e2c       0x6c ../Music_bsp/\libhal_bsp.a(alt_irq_entry.o)
 .debug_info    0x0000000000002e98      0x180 ../Music_bsp/\libhal_bsp.a(alt_irq_handler.o)
 .debug_info    0x0000000000003018       0x88 ../Music_bsp/\libhal_bsp.a(alt_irq_vars.o)
 .debug_info    0x00000000000030a0      0x13e ../Music_bsp/\libhal_bsp.a(alt_load.o)
 .debug_info    0x00000000000031de      0x12a ../Music_bsp/\libhal_bsp.a(alt_main.o)
 .debug_info    0x0000000000003308      0x196 ../Music_bsp/\libhal_bsp.a(alt_times.o)
 .debug_info    0x000000000000349e      0x4bc ../Music_bsp/\libhal_bsp.a(alt_sys_init.o)
 .debug_info    0x000000000000395a      0x527 ../Music_bsp/\libhal_bsp.a(altera_avalon_jtag_uart_fd.o)
 .debug_info    0x0000000000003e81      0x3a1 ../Music_bsp/\libhal_bsp.a(altera_avalon_jtag_uart_init.o)
 .debug_info    0x0000000000004222      0x279 ../Music_bsp/\libhal_bsp.a(altera_avalon_jtag_uart_ioctl.o)
 .debug_info    0x000000000000449b      0x342 ../Music_bsp/\libhal_bsp.a(altera_avalon_jtag_uart_read.o)
 .debug_info    0x00000000000047dd      0x339 ../Music_bsp/\libhal_bsp.a(altera_avalon_jtag_uart_write.o)
 .debug_info    0x0000000000004b16      0x2c5 ../Music_bsp/\libhal_bsp.a(alt_alarm_start.o)
 .debug_info    0x0000000000004ddb      0x31a ../Music_bsp/\libhal_bsp.a(alt_close.o)
 .debug_info    0x00000000000050f5       0x8b ../Music_bsp/\libhal_bsp.a(alt_dcache_flush_all.o)
 .debug_info    0x0000000000005180      0x495 ../Music_bsp/\libhal_bsp.a(alt_dev.o)
 .debug_info    0x0000000000005615      0x1a2 ../Music_bsp/\libhal_bsp.a(alt_dev_llist_insert.o)
 .debug_info    0x00000000000057b7       0x83 ../Music_bsp/\libhal_bsp.a(alt_do_ctors.o)
 .debug_info    0x000000000000583a       0x83 ../Music_bsp/\libhal_bsp.a(alt_do_dtors.o)
 .debug_info    0x00000000000058bd       0x9f ../Music_bsp/\libhal_bsp.a(alt_errno.o)
 .debug_info    0x000000000000595c       0x72 ../Music_bsp/\libhal_bsp.a(alt_exception_entry.o)
 .debug_info    0x00000000000059ce       0x8b ../Music_bsp/\libhal_bsp.a(alt_icache_flush_all.o)
 .debug_info    0x0000000000005a59      0x1d8 ../Music_bsp/\libhal_bsp.a(alt_instruction_exception_entry.o)
 .debug_info    0x0000000000005c31      0x49e ../Music_bsp/\libhal_bsp.a(alt_io_redirect.o)
 .debug_info    0x00000000000060cf      0x3b4 ../Music_bsp/\libhal_bsp.a(alt_open.o)
 .debug_info    0x0000000000006483      0x2b0 ../Music_bsp/\libhal_bsp.a(alt_release_fd.o)
 .debug_info    0x0000000000006733      0x292 ../Music_bsp/\libhal_bsp.a(alt_tick.o)
 .debug_info    0x00000000000069c5       0x8b ../Music_bsp/\libhal_bsp.a(altera_nios2_gen2_irq.o)
 .debug_info    0x0000000000006a50      0x2e2 ../Music_bsp/\libhal_bsp.a(alt_find_dev.o)
 .debug_info    0x0000000000006d32      0x2df ../Music_bsp/\libhal_bsp.a(alt_find_file.o)
 .debug_info    0x0000000000007011      0x309 ../Music_bsp/\libhal_bsp.a(alt_get_fd.o)
 .debug_info    0x000000000000731a       0xd5 ../Music_bsp/\libhal_bsp.a(alt_icache_flush.o)
 .debug_info    0x00000000000073ef      0x10a c:/altera/15.0/nios2eds/bin/gnu/h-x86_64-mingw32/bin/../lib/gcc/nios2-elf/4.9.1/../../../../../H-x86_64-mingw32/nios2-elf/lib\libc.a(lib_a-atexit.o)
 .debug_info    0x00000000000074f9      0x8df c:/altera/15.0/nios2eds/bin/gnu/h-x86_64-mingw32/bin/../lib/gcc/nios2-elf/4.9.1/../../../../../H-x86_64-mingw32/nios2-elf/lib\libc.a(lib_a-exit.o)
 .debug_info    0x0000000000007dd8       0x83 c:/altera/15.0/nios2eds/bin/gnu/h-x86_64-mingw32/bin/../lib/gcc/nios2-elf/4.9.1/../../../../../H-x86_64-mingw32/nios2-elf/lib\libc.a(lib_a-int_errno.o)
 .debug_info    0x0000000000007e5b      0x113 c:/altera/15.0/nios2eds/bin/gnu/h-x86_64-mingw32/bin/../lib/gcc/nios2-elf/4.9.1/../../../../../H-x86_64-mingw32/nios2-elf/lib\libc.a(lib_a-memcmp.o)
 .debug_info    0x0000000000007f6e      0x133 c:/altera/15.0/nios2eds/bin/gnu/h-x86_64-mingw32/bin/../lib/gcc/nios2-elf/4.9.1/../../../../../H-x86_64-mingw32/nios2-elf/lib\libc.a(lib_a-memcpy.o)
 .debug_info    0x00000000000080a1      0x93b c:/altera/15.0/nios2eds/bin/gnu/h-x86_64-mingw32/bin/../lib/gcc/nios2-elf/4.9.1/../../../../../H-x86_64-mingw32/nios2-elf/lib\libc.a(lib_a-__atexit.o)
 .debug_info    0x00000000000089dc      0x948 c:/altera/15.0/nios2eds/bin/gnu/h-x86_64-mingw32/bin/../lib/gcc/nios2-elf/4.9.1/../../../../../H-x86_64-mingw32/nios2-elf/lib\libc.a(lib_a-__call_atexit.o)
 .debug_info    0x0000000000009324       0xe5 ../Music_bsp/\libhal_bsp.a(alt_exit.o)

.debug_abbrev   0x0000000000000000     0x316f
 *(.debug_abbrev)
 .debug_abbrev  0x0000000000000000       0x12 ../Music_bsp//obj/HAL/src/crt0.o
 .debug_abbrev  0x0000000000000012       0xa7 obj/default/LCD1602_Qsys.o
 .debug_abbrev  0x00000000000000b9      0x163 obj/default/hello_world.o
 .debug_abbrev  0x000000000000021c       0xd9 c:/altera/15.0/nios2eds/bin/gnu/h-x86_64-mingw32/bin/../lib/gcc/nios2-elf/4.9.1\libgcc.a(lib2-divmod.o)
 .debug_abbrev  0x00000000000002f5      0x1ea c:/altera/15.0/nios2eds/bin/gnu/h-x86_64-mingw32/bin/../lib/gcc/nios2-elf/4.9.1/../../../../../H-x86_64-mingw32/nios2-elf/lib\libc.a(lib_a-clock.o)
 .debug_abbrev  0x00000000000004df      0x180 c:/altera/15.0/nios2eds/bin/gnu/h-x86_64-mingw32/bin/../lib/gcc/nios2-elf/4.9.1/../../../../../H-x86_64-mingw32/nios2-elf/lib\libc.a(lib_a-impure.o)
 .debug_abbrev  0x000000000000065f       0xae c:/altera/15.0/nios2eds/bin/gnu/h-x86_64-mingw32/bin/../lib/gcc/nios2-elf/4.9.1/../../../../../H-x86_64-mingw32/nios2-elf/lib\libc.a(lib_a-memset.o)
 .debug_abbrev  0x000000000000070d       0x83 c:/altera/15.0/nios2eds/bin/gnu/h-x86_64-mingw32/bin/../lib/gcc/nios2-elf/4.9.1/../../../../../H-x86_64-mingw32/nios2-elf/lib\libc.a(lib_a-strcpy.o)
 .debug_abbrev  0x0000000000000790       0x90 c:/altera/15.0/nios2eds/bin/gnu/h-x86_64-mingw32/bin/../lib/gcc/nios2-elf/4.9.1/../../../../../H-x86_64-mingw32/nios2-elf/lib\libc.a(lib_a-strlen.o)
 .debug_abbrev  0x0000000000000820      0x1e7 c:/altera/15.0/nios2eds/bin/gnu/h-x86_64-mingw32/bin/../lib/gcc/nios2-elf/4.9.1/../../../../../H-x86_64-mingw32/nios2-elf/lib\libc.a(lib_a-timesr.o)
 .debug_abbrev  0x0000000000000a07      0x163 ../Music_bsp/\libhal_bsp.a(alt_iic.o)
 .debug_abbrev  0x0000000000000b6a      0x169 ../Music_bsp/\libhal_bsp.a(alt_iic_isr_register.o)
 .debug_abbrev  0x0000000000000cd3       0x12 ../Music_bsp/\libhal_bsp.a(alt_irq_entry.o)
 .debug_abbrev  0x0000000000000ce5      0x122 ../Music_bsp/\libhal_bsp.a(alt_irq_handler.o)
 .debug_abbrev  0x0000000000000e07       0x40 ../Music_bsp/\libhal_bsp.a(alt_irq_vars.o)
 .debug_abbrev  0x0000000000000e47       0x9f ../Music_bsp/\libhal_bsp.a(alt_load.o)
 .debug_abbrev  0x0000000000000ee6       0xba ../Music_bsp/\libhal_bsp.a(alt_main.o)
 .debug_abbrev  0x0000000000000fa0       0xf1 ../Music_bsp/\libhal_bsp.a(alt_times.o)
 .debug_abbrev  0x0000000000001091      0x187 ../Music_bsp/\libhal_bsp.a(alt_sys_init.o)
 .debug_abbrev  0x0000000000001218      0x127 ../Music_bsp/\libhal_bsp.a(altera_avalon_jtag_uart_fd.o)
 .debug_abbrev  0x000000000000133f      0x197 ../Music_bsp/\libhal_bsp.a(altera_avalon_jtag_uart_init.o)
 .debug_abbrev  0x00000000000014d6      0x111 ../Music_bsp/\libhal_bsp.a(altera_avalon_jtag_uart_ioctl.o)
 .debug_abbrev  0x00000000000015e7      0x1ac ../Music_bsp/\libhal_bsp.a(altera_avalon_jtag_uart_read.o)
 .debug_abbrev  0x0000000000001793      0x1a8 ../Music_bsp/\libhal_bsp.a(altera_avalon_jtag_uart_write.o)
 .debug_abbrev  0x000000000000193b      0x162 ../Music_bsp/\libhal_bsp.a(alt_alarm_start.o)
 .debug_abbrev  0x0000000000001a9d      0x11f ../Music_bsp/\libhal_bsp.a(alt_close.o)
 .debug_abbrev  0x0000000000001bbc       0x42 ../Music_bsp/\libhal_bsp.a(alt_dcache_flush_all.o)
 .debug_abbrev  0x0000000000001bfe       0xd9 ../Music_bsp/\libhal_bsp.a(alt_dev.o)
 .debug_abbrev  0x0000000000001cd7      0x114 ../Music_bsp/\libhal_bsp.a(alt_dev_llist_insert.o)
 .debug_abbrev  0x0000000000001deb       0x79 ../Music_bsp/\libhal_bsp.a(alt_do_ctors.o)
 .debug_abbrev  0x0000000000001e64       0x79 ../Music_bsp/\libhal_bsp.a(alt_do_dtors.o)
 .debug_abbrev  0x0000000000001edd       0x5a ../Music_bsp/\libhal_bsp.a(alt_errno.o)
 .debug_abbrev  0x0000000000001f37       0x12 ../Music_bsp/\libhal_bsp.a(alt_exception_entry.o)
 .debug_abbrev  0x0000000000001f49       0x42 ../Music_bsp/\libhal_bsp.a(alt_icache_flush_all.o)
 .debug_abbrev  0x0000000000001f8b       0xd1 ../Music_bsp/\libhal_bsp.a(alt_instruction_exception_entry.o)
 .debug_abbrev  0x000000000000205c      0x114 ../Music_bsp/\libhal_bsp.a(alt_io_redirect.o)
 .debug_abbrev  0x0000000000002170      0x148 ../Music_bsp/\libhal_bsp.a(alt_open.o)
 .debug_abbrev  0x00000000000022b8       0xde ../Music_bsp/\libhal_bsp.a(alt_release_fd.o)
 .debug_abbrev  0x0000000000002396      0x15a ../Music_bsp/\libhal_bsp.a(alt_tick.o)
 .debug_abbrev  0x00000000000024f0       0x42 ../Music_bsp/\libhal_bsp.a(altera_nios2_gen2_irq.o)
 .debug_abbrev  0x0000000000002532       0xf0 ../Music_bsp/\libhal_bsp.a(alt_find_dev.o)
 .debug_abbrev  0x0000000000002622       0xf0 ../Music_bsp/\libhal_bsp.a(alt_find_file.o)
 .debug_abbrev  0x0000000000002712      0x10d ../Music_bsp/\libhal_bsp.a(alt_get_fd.o)
 .debug_abbrev  0x000000000000281f       0x8c ../Music_bsp/\libhal_bsp.a(alt_icache_flush.o)
 .debug_abbrev  0x00000000000028ab       0xb8 c:/altera/15.0/nios2eds/bin/gnu/h-x86_64-mingw32/bin/../lib/gcc/nios2-elf/4.9.1/../../../../../H-x86_64-mingw32/nios2-elf/lib\libc.a(lib_a-atexit.o)
 .debug_abbrev  0x0000000000002963      0x1e6 c:/altera/15.0/nios2eds/bin/gnu/h-x86_64-mingw32/bin/../lib/gcc/nios2-elf/4.9.1/../../../../../H-x86_64-mingw32/nios2-elf/lib\libc.a(lib_a-exit.o)
 .debug_abbrev  0x0000000000002b49       0x37 c:/altera/15.0/nios2eds/bin/gnu/h-x86_64-mingw32/bin/../lib/gcc/nios2-elf/4.9.1/../../../../../H-x86_64-mingw32/nios2-elf/lib\libc.a(lib_a-int_errno.o)
 .debug_abbrev  0x0000000000002b80       0x7f c:/altera/15.0/nios2eds/bin/gnu/h-x86_64-mingw32/bin/../lib/gcc/nios2-elf/4.9.1/../../../../../H-x86_64-mingw32/nios2-elf/lib\libc.a(lib_a-memcmp.o)
 .debug_abbrev  0x0000000000002bff       0x9c c:/altera/15.0/nios2eds/bin/gnu/h-x86_64-mingw32/bin/../lib/gcc/nios2-elf/4.9.1/../../../../../H-x86_64-mingw32/nios2-elf/lib\libc.a(lib_a-memcpy.o)
 .debug_abbrev  0x0000000000002c9b      0x21e c:/altera/15.0/nios2eds/bin/gnu/h-x86_64-mingw32/bin/../lib/gcc/nios2-elf/4.9.1/../../../../../H-x86_64-mingw32/nios2-elf/lib\libc.a(lib_a-__atexit.o)
 .debug_abbrev  0x0000000000002eb9      0x210 c:/altera/15.0/nios2eds/bin/gnu/h-x86_64-mingw32/bin/../lib/gcc/nios2-elf/4.9.1/../../../../../H-x86_64-mingw32/nios2-elf/lib\libc.a(lib_a-__call_atexit.o)
 .debug_abbrev  0x00000000000030c9       0xa6 ../Music_bsp/\libhal_bsp.a(alt_exit.o)

.debug_line     0x0000000000000000     0x36dd
 *(.debug_line)
 .debug_line    0x0000000000000000       0x6c ../Music_bsp//obj/HAL/src/crt0.o
 .debug_line    0x000000000000006c       0x8a obj/default/LCD1602_Qsys.o
 .debug_line    0x00000000000000f6      0x508 obj/default/hello_world.o
 .debug_line    0x00000000000005fe       0xc4 c:/altera/15.0/nios2eds/bin/gnu/h-x86_64-mingw32/bin/../lib/gcc/nios2-elf/4.9.1\libgcc.a(lib2-divmod.o)
 .debug_line    0x00000000000006c2      0x200 c:/altera/15.0/nios2eds/bin/gnu/h-x86_64-mingw32/bin/../lib/gcc/nios2-elf/4.9.1/../../../../../H-x86_64-mingw32/nios2-elf/lib\libc.a(lib_a-clock.o)
 .debug_line    0x00000000000008c2      0x15f c:/altera/15.0/nios2eds/bin/gnu/h-x86_64-mingw32/bin/../lib/gcc/nios2-elf/4.9.1/../../../../../H-x86_64-mingw32/nios2-elf/lib\libc.a(lib_a-impure.o)
 .debug_line    0x0000000000000a21      0x18e c:/altera/15.0/nios2eds/bin/gnu/h-x86_64-mingw32/bin/../lib/gcc/nios2-elf/4.9.1/../../../../../H-x86_64-mingw32/nios2-elf/lib\libc.a(lib_a-memset.o)
 .debug_line    0x0000000000000baf       0xf3 c:/altera/15.0/nios2eds/bin/gnu/h-x86_64-mingw32/bin/../lib/gcc/nios2-elf/4.9.1/../../../../../H-x86_64-mingw32/nios2-elf/lib\libc.a(lib_a-strcpy.o)
 .debug_line    0x0000000000000ca2      0x16e c:/altera/15.0/nios2eds/bin/gnu/h-x86_64-mingw32/bin/../lib/gcc/nios2-elf/4.9.1/../../../../../H-x86_64-mingw32/nios2-elf/lib\libc.a(lib_a-strlen.o)
 .debug_line    0x0000000000000e10      0x1f3 c:/altera/15.0/nios2eds/bin/gnu/h-x86_64-mingw32/bin/../lib/gcc/nios2-elf/4.9.1/../../../../../H-x86_64-mingw32/nios2-elf/lib\libc.a(lib_a-timesr.o)
 .debug_line    0x0000000000001003       0xef ../Music_bsp/\libhal_bsp.a(alt_iic.o)
 .debug_line    0x00000000000010f2       0xdb ../Music_bsp/\libhal_bsp.a(alt_iic_isr_register.o)
 .debug_line    0x00000000000011cd       0x6b ../Music_bsp/\libhal_bsp.a(alt_irq_entry.o)
 .debug_line    0x0000000000001238       0xaa ../Music_bsp/\libhal_bsp.a(alt_irq_handler.o)
 .debug_line    0x00000000000012e2       0x50 ../Music_bsp/\libhal_bsp.a(alt_irq_vars.o)
 .debug_line    0x0000000000001332       0x8d ../Music_bsp/\libhal_bsp.a(alt_load.o)
 .debug_line    0x00000000000013bf       0xa4 ../Music_bsp/\libhal_bsp.a(alt_main.o)
 .debug_line    0x0000000000001463      0x12f ../Music_bsp/\libhal_bsp.a(alt_times.o)
 .debug_line    0x0000000000001592      0x137 ../Music_bsp/\libhal_bsp.a(alt_sys_init.o)
 .debug_line    0x00000000000016c9      0x12f ../Music_bsp/\libhal_bsp.a(altera_avalon_jtag_uart_fd.o)
 .debug_line    0x00000000000017f8      0x180 ../Music_bsp/\libhal_bsp.a(altera_avalon_jtag_uart_init.o)
 .debug_line    0x0000000000001978      0x12e ../Music_bsp/\libhal_bsp.a(altera_avalon_jtag_uart_ioctl.o)
 .debug_line    0x0000000000001aa6      0x16a ../Music_bsp/\libhal_bsp.a(altera_avalon_jtag_uart_read.o)
 .debug_line    0x0000000000001c10      0x16a ../Music_bsp/\libhal_bsp.a(altera_avalon_jtag_uart_write.o)
 .debug_line    0x0000000000001d7a       0xfa ../Music_bsp/\libhal_bsp.a(alt_alarm_start.o)
 .debug_line    0x0000000000001e74      0x15e ../Music_bsp/\libhal_bsp.a(alt_close.o)
 .debug_line    0x0000000000001fd2       0x51 ../Music_bsp/\libhal_bsp.a(alt_dcache_flush_all.o)
 .debug_line    0x0000000000002023       0xf0 ../Music_bsp/\libhal_bsp.a(alt_dev.o)
 .debug_line    0x0000000000002113       0xd0 ../Music_bsp/\libhal_bsp.a(alt_dev_llist_insert.o)
 .debug_line    0x00000000000021e3       0x59 ../Music_bsp/\libhal_bsp.a(alt_do_ctors.o)
 .debug_line    0x000000000000223c       0x59 ../Music_bsp/\libhal_bsp.a(alt_do_dtors.o)
 .debug_line    0x0000000000002295       0x51 ../Music_bsp/\libhal_bsp.a(alt_errno.o)
 .debug_line    0x00000000000022e6       0xb3 ../Music_bsp/\libhal_bsp.a(alt_exception_entry.o)
 .debug_line    0x0000000000002399       0x50 ../Music_bsp/\libhal_bsp.a(alt_icache_flush_all.o)
 .debug_line    0x00000000000023e9       0xba ../Music_bsp/\libhal_bsp.a(alt_instruction_exception_entry.o)
 .debug_line    0x00000000000024a3      0x12b ../Music_bsp/\libhal_bsp.a(alt_io_redirect.o)
 .debug_line    0x00000000000025ce      0x12a ../Music_bsp/\libhal_bsp.a(alt_open.o)
 .debug_line    0x00000000000026f8       0xae ../Music_bsp/\libhal_bsp.a(alt_release_fd.o)
 .debug_line    0x00000000000027a6       0xfe ../Music_bsp/\libhal_bsp.a(alt_tick.o)
 .debug_line    0x00000000000028a4       0x51 ../Music_bsp/\libhal_bsp.a(altera_nios2_gen2_irq.o)
 .debug_line    0x00000000000028f5       0xb5 ../Music_bsp/\libhal_bsp.a(alt_find_dev.o)
 .debug_line    0x00000000000029aa       0xd1 ../Music_bsp/\libhal_bsp.a(alt_find_file.o)
 .debug_line    0x0000000000002a7b       0xd5 ../Music_bsp/\libhal_bsp.a(alt_get_fd.o)
 .debug_line    0x0000000000002b50       0x81 ../Music_bsp/\libhal_bsp.a(alt_icache_flush.o)
 .debug_line    0x0000000000002bd1       0xe6 c:/altera/15.0/nios2eds/bin/gnu/h-x86_64-mingw32/bin/../lib/gcc/nios2-elf/4.9.1/../../../../../H-x86_64-mingw32/nios2-elf/lib\libc.a(lib_a-atexit.o)
 .debug_line    0x0000000000002cb7      0x1fa c:/altera/15.0/nios2eds/bin/gnu/h-x86_64-mingw32/bin/../lib/gcc/nios2-elf/4.9.1/../../../../../H-x86_64-mingw32/nios2-elf/lib\libc.a(lib_a-exit.o)
 .debug_line    0x0000000000002eb1       0x5d c:/altera/15.0/nios2eds/bin/gnu/h-x86_64-mingw32/bin/../lib/gcc/nios2-elf/4.9.1/../../../../../H-x86_64-mingw32/nios2-elf/lib\libc.a(lib_a-int_errno.o)
 .debug_line    0x0000000000002f0e      0x175 c:/altera/15.0/nios2eds/bin/gnu/h-x86_64-mingw32/bin/../lib/gcc/nios2-elf/4.9.1/../../../../../H-x86_64-mingw32/nios2-elf/lib\libc.a(lib_a-memcmp.o)
 .debug_line    0x0000000000003083      0x184 c:/altera/15.0/nios2eds/bin/gnu/h-x86_64-mingw32/bin/../lib/gcc/nios2-elf/4.9.1/../../../../../H-x86_64-mingw32/nios2-elf/lib\libc.a(lib_a-memcpy.o)
 .debug_line    0x0000000000003207      0x224 c:/altera/15.0/nios2eds/bin/gnu/h-x86_64-mingw32/bin/../lib/gcc/nios2-elf/4.9.1/../../../../../H-x86_64-mingw32/nios2-elf/lib\libc.a(lib_a-__atexit.o)
 .debug_line    0x000000000000342b      0x241 c:/altera/15.0/nios2eds/bin/gnu/h-x86_64-mingw32/bin/../lib/gcc/nios2-elf/4.9.1/../../../../../H-x86_64-mingw32/nios2-elf/lib\libc.a(lib_a-__call_atexit.o)
 .debug_line    0x000000000000366c       0x71 ../Music_bsp/\libhal_bsp.a(alt_exit.o)

.debug_frame    0x0000000000000000      0xdcc
 *(.debug_frame)
 .debug_frame   0x0000000000000000       0x7c obj/default/LCD1602_Qsys.o
 .debug_frame   0x000000000000007c      0x16c obj/default/hello_world.o
 .debug_frame   0x00000000000001e8       0x8c c:/altera/15.0/nios2eds/bin/gnu/h-x86_64-mingw32/bin/../lib/gcc/nios2-elf/4.9.1\libgcc.a(lib2-divmod.o)
 .debug_frame   0x0000000000000274       0x2c c:/altera/15.0/nios2eds/bin/gnu/h-x86_64-mingw32/bin/../lib/gcc/nios2-elf/4.9.1/../../../../../H-x86_64-mingw32/nios2-elf/lib\libc.a(lib_a-clock.o)
 .debug_frame   0x00000000000002a0       0x20 c:/altera/15.0/nios2eds/bin/gnu/h-x86_64-mingw32/bin/../lib/gcc/nios2-elf/4.9.1/../../../../../H-x86_64-mingw32/nios2-elf/lib\libc.a(lib_a-memset.o)
 .debug_frame   0x00000000000002c0       0x20 c:/altera/15.0/nios2eds/bin/gnu/h-x86_64-mingw32/bin/../lib/gcc/nios2-elf/4.9.1/../../../../../H-x86_64-mingw32/nios2-elf/lib\libc.a(lib_a-strcpy.o)
 .debug_frame   0x00000000000002e0       0x20 c:/altera/15.0/nios2eds/bin/gnu/h-x86_64-mingw32/bin/../lib/gcc/nios2-elf/4.9.1/../../../../../H-x86_64-mingw32/nios2-elf/lib\libc.a(lib_a-strlen.o)
 .debug_frame   0x0000000000000300       0x20 c:/altera/15.0/nios2eds/bin/gnu/h-x86_64-mingw32/bin/../lib/gcc/nios2-elf/4.9.1/../../../../../H-x86_64-mingw32/nios2-elf/lib\libc.a(lib_a-timesr.o)
 .debug_frame   0x0000000000000320       0xa4 ../Music_bsp/\libhal_bsp.a(alt_iic.o)
 .debug_frame   0x00000000000003c4       0x38 ../Music_bsp/\libhal_bsp.a(alt_iic_isr_register.o)
 .debug_frame   0x00000000000003fc       0x38 ../Music_bsp/\libhal_bsp.a(alt_irq_handler.o)
 .debug_frame   0x0000000000000434       0x5c ../Music_bsp/\libhal_bsp.a(alt_load.o)
 .debug_frame   0x0000000000000490       0x2c ../Music_bsp/\libhal_bsp.a(alt_main.o)
 .debug_frame   0x00000000000004bc       0x60 ../Music_bsp/\libhal_bsp.a(alt_times.o)
 .debug_frame   0x000000000000051c       0x88 ../Music_bsp/\libhal_bsp.a(alt_sys_init.o)
 .debug_frame   0x00000000000005a4       0xb0 ../Music_bsp/\libhal_bsp.a(altera_avalon_jtag_uart_fd.o)
 .debug_frame   0x0000000000000654       0xa4 ../Music_bsp/\libhal_bsp.a(altera_avalon_jtag_uart_init.o)
 .debug_frame   0x00000000000006f8       0x34 ../Music_bsp/\libhal_bsp.a(altera_avalon_jtag_uart_ioctl.o)
 .debug_frame   0x000000000000072c       0x38 ../Music_bsp/\libhal_bsp.a(altera_avalon_jtag_uart_read.o)
 .debug_frame   0x0000000000000764       0x38 ../Music_bsp/\libhal_bsp.a(altera_avalon_jtag_uart_write.o)
 .debug_frame   0x000000000000079c       0x34 ../Music_bsp/\libhal_bsp.a(alt_alarm_start.o)
 .debug_frame   0x00000000000007d0       0x60 ../Music_bsp/\libhal_bsp.a(alt_close.o)
 .debug_frame   0x0000000000000830       0x34 ../Music_bsp/\libhal_bsp.a(alt_dcache_flush_all.o)
 .debug_frame   0x0000000000000864       0x34 ../Music_bsp/\libhal_bsp.a(alt_dev.o)
 .debug_frame   0x0000000000000898       0x60 ../Music_bsp/\libhal_bsp.a(alt_dev_llist_insert.o)
 .debug_frame   0x00000000000008f8       0x38 ../Music_bsp/\libhal_bsp.a(alt_do_ctors.o)
 .debug_frame   0x0000000000000930       0x38 ../Music_bsp/\libhal_bsp.a(alt_do_dtors.o)
 .debug_frame   0x0000000000000968       0x38 ../Music_bsp/\libhal_bsp.a(alt_icache_flush_all.o)
 .debug_frame   0x00000000000009a0       0x5c ../Music_bsp/\libhal_bsp.a(alt_instruction_exception_entry.o)
 .debug_frame   0x00000000000009fc       0x60 ../Music_bsp/\libhal_bsp.a(alt_io_redirect.o)
 .debug_frame   0x0000000000000a5c       0x84 ../Music_bsp/\libhal_bsp.a(alt_open.o)
 .debug_frame   0x0000000000000ae0       0x34 ../Music_bsp/\libhal_bsp.a(alt_release_fd.o)
 .debug_frame   0x0000000000000b14       0x5c ../Music_bsp/\libhal_bsp.a(alt_tick.o)
 .debug_frame   0x0000000000000b70       0x34 ../Music_bsp/\libhal_bsp.a(altera_nios2_gen2_irq.o)
 .debug_frame   0x0000000000000ba4       0x38 ../Music_bsp/\libhal_bsp.a(alt_find_dev.o)
 .debug_frame   0x0000000000000bdc       0x38 ../Music_bsp/\libhal_bsp.a(alt_find_file.o)
 .debug_frame   0x0000000000000c14       0x34 ../Music_bsp/\libhal_bsp.a(alt_get_fd.o)
 .debug_frame   0x0000000000000c48       0x34 ../Music_bsp/\libhal_bsp.a(alt_icache_flush.o)
 .debug_frame   0x0000000000000c7c       0x20 c:/altera/15.0/nios2eds/bin/gnu/h-x86_64-mingw32/bin/../lib/gcc/nios2-elf/4.9.1/../../../../../H-x86_64-mingw32/nios2-elf/lib\libc.a(lib_a-atexit.o)
 .debug_frame   0x0000000000000c9c       0x28 c:/altera/15.0/nios2eds/bin/gnu/h-x86_64-mingw32/bin/../lib/gcc/nios2-elf/4.9.1/../../../../../H-x86_64-mingw32/nios2-elf/lib\libc.a(lib_a-exit.o)
 .debug_frame   0x0000000000000cc4       0x20 c:/altera/15.0/nios2eds/bin/gnu/h-x86_64-mingw32/bin/../lib/gcc/nios2-elf/4.9.1/../../../../../H-x86_64-mingw32/nios2-elf/lib\libc.a(lib_a-memcmp.o)
 .debug_frame   0x0000000000000ce4       0x30 c:/altera/15.0/nios2eds/bin/gnu/h-x86_64-mingw32/bin/../lib/gcc/nios2-elf/4.9.1/../../../../../H-x86_64-mingw32/nios2-elf/lib\libc.a(lib_a-memcpy.o)
 .debug_frame   0x0000000000000d14       0x38 c:/altera/15.0/nios2eds/bin/gnu/h-x86_64-mingw32/bin/../lib/gcc/nios2-elf/4.9.1/../../../../../H-x86_64-mingw32/nios2-elf/lib\libc.a(lib_a-__atexit.o)
 .debug_frame   0x0000000000000d4c       0x54 c:/altera/15.0/nios2eds/bin/gnu/h-x86_64-mingw32/bin/../lib/gcc/nios2-elf/4.9.1/../../../../../H-x86_64-mingw32/nios2-elf/lib\libc.a(lib_a-__call_atexit.o)
 .debug_frame   0x0000000000000da0       0x2c ../Music_bsp/\libhal_bsp.a(alt_exit.o)

.debug_str      0x0000000000000000     0x1f4b
 *(.debug_str)
 .debug_str     0x0000000000000000       0xc1 obj/default/LCD1602_Qsys.o
                                         0xce (size before relaxing)
 .debug_str     0x00000000000000c1      0x287 obj/default/hello_world.o
                                        0x35f (size before relaxing)
 .debug_str     0x0000000000000348      0x16b c:/altera/15.0/nios2eds/bin/gnu/h-x86_64-mingw32/bin/../lib/gcc/nios2-elf/4.9.1\libgcc.a(lib2-divmod.o)
                                        0x1b6 (size before relaxing)
 .debug_str     0x00000000000004b3      0x478 c:/altera/15.0/nios2eds/bin/gnu/h-x86_64-mingw32/bin/../lib/gcc/nios2-elf/4.9.1/../../../../../H-x86_64-mingw32/nios2-elf/lib\libc.a(lib_a-clock.o)
                                        0x57d (size before relaxing)
 .debug_str     0x000000000000092b       0xdc c:/altera/15.0/nios2eds/bin/gnu/h-x86_64-mingw32/bin/../lib/gcc/nios2-elf/4.9.1/../../../../../H-x86_64-mingw32/nios2-elf/lib\libc.a(lib_a-impure.o)
                                        0x558 (size before relaxing)
 .debug_str     0x0000000000000a07       0xe1 c:/altera/15.0/nios2eds/bin/gnu/h-x86_64-mingw32/bin/../lib/gcc/nios2-elf/4.9.1/../../../../../H-x86_64-mingw32/nios2-elf/lib\libc.a(lib_a-memset.o)
                                        0x1a2 (size before relaxing)
 .debug_str     0x0000000000000ae8       0x64 c:/altera/15.0/nios2eds/bin/gnu/h-x86_64-mingw32/bin/../lib/gcc/nios2-elf/4.9.1/../../../../../H-x86_64-mingw32/nios2-elf/lib\libc.a(lib_a-strcpy.o)
                                        0x1a9 (size before relaxing)
 .debug_str     0x0000000000000b4c       0x42 c:/altera/15.0/nios2eds/bin/gnu/h-x86_64-mingw32/bin/../lib/gcc/nios2-elf/4.9.1/../../../../../H-x86_64-mingw32/nios2-elf/lib\libc.a(lib_a-strlen.o)
                                        0x1a1 (size before relaxing)
 .debug_str     0x0000000000000b8e       0x45 c:/altera/15.0/nios2eds/bin/gnu/h-x86_64-mingw32/bin/../lib/gcc/nios2-elf/4.9.1/../../../../../H-x86_64-mingw32/nios2-elf/lib\libc.a(lib_a-timesr.o)
                                        0x573 (size before relaxing)
 .debug_str     0x0000000000000bd3      0x132 ../Music_bsp/\libhal_bsp.a(alt_iic.o)
                                        0x213 (size before relaxing)
 .debug_str     0x0000000000000d05       0x4c ../Music_bsp/\libhal_bsp.a(alt_iic_isr_register.o)
                                        0x1bd (size before relaxing)
 .debug_str     0x0000000000000d51       0x3a ../Music_bsp/\libhal_bsp.a(alt_irq_handler.o)
                                        0x16c (size before relaxing)
 .debug_str     0x0000000000000d8b       0x17 ../Music_bsp/\libhal_bsp.a(alt_irq_vars.o)
                                        0x11b (size before relaxing)
 .debug_str     0x0000000000000da2       0xe9 ../Music_bsp/\libhal_bsp.a(alt_load.o)
                                        0x1e7 (size before relaxing)
 .debug_str     0x0000000000000e8b       0x70 ../Music_bsp/\libhal_bsp.a(alt_main.o)
                                        0x172 (size before relaxing)
 .debug_str     0x0000000000000efb       0x5c ../Music_bsp/\libhal_bsp.a(alt_times.o)
                                        0x1a9 (size before relaxing)
 .debug_str     0x0000000000000f57      0x187 ../Music_bsp/\libhal_bsp.a(alt_sys_init.o)
                                        0x32d (size before relaxing)
 .debug_str     0x00000000000010de       0xac ../Music_bsp/\libhal_bsp.a(altera_avalon_jtag_uart_fd.o)
                                        0x379 (size before relaxing)
 .debug_str     0x000000000000118a       0xbc ../Music_bsp/\libhal_bsp.a(altera_avalon_jtag_uart_init.o)
                                        0x30d (size before relaxing)
 .debug_str     0x0000000000001246       0x4a ../Music_bsp/\libhal_bsp.a(altera_avalon_jtag_uart_ioctl.o)
                                        0x268 (size before relaxing)
 .debug_str     0x0000000000001290       0x48 ../Music_bsp/\libhal_bsp.a(altera_avalon_jtag_uart_read.o)
                                        0x2bd (size before relaxing)
 .debug_str     0x00000000000012d8       0x4a ../Music_bsp/\libhal_bsp.a(altera_avalon_jtag_uart_write.o)
                                        0x2be (size before relaxing)
 .debug_str     0x0000000000001322       0x59 ../Music_bsp/\libhal_bsp.a(alt_alarm_start.o)
                                        0x253 (size before relaxing)
 .debug_str     0x000000000000137b       0x2c ../Music_bsp/\libhal_bsp.a(alt_close.o)
                                        0x1e0 (size before relaxing)
 .debug_str     0x00000000000013a7       0x34 ../Music_bsp/\libhal_bsp.a(alt_dcache_flush_all.o)
                                        0x12a (size before relaxing)
 .debug_str     0x00000000000013db      0x120 ../Music_bsp/\libhal_bsp.a(alt_dev.o)
                                        0x2da (size before relaxing)
 .debug_str     0x00000000000014fb       0x34 ../Music_bsp/\libhal_bsp.a(alt_dev_llist_insert.o)
                                        0x1a1 (size before relaxing)
 .debug_str     0x000000000000152f       0x48 ../Music_bsp/\libhal_bsp.a(alt_do_ctors.o)
                                         0xb1 (size before relaxing)
 .debug_str     0x0000000000001577       0x4c ../Music_bsp/\libhal_bsp.a(alt_do_dtors.o)
                                         0xb0 (size before relaxing)
 .debug_str     0x00000000000015c3       0x14 ../Music_bsp/\libhal_bsp.a(alt_errno.o)
                                        0x11a (size before relaxing)
 .debug_str     0x00000000000015d7       0x34 ../Music_bsp/\libhal_bsp.a(alt_icache_flush_all.o)
                                        0x12a (size before relaxing)
 .debug_str     0x000000000000160b      0x48b ../Music_bsp/\libhal_bsp.a(alt_instruction_exception_entry.o)
                                        0x574 (size before relaxing)
 .debug_str     0x0000000000001a96       0x56 ../Music_bsp/\libhal_bsp.a(alt_io_redirect.o)
                                        0x2eb (size before relaxing)
 .debug_str     0x0000000000001aec       0x2f ../Music_bsp/\libhal_bsp.a(alt_open.o)
                                        0x220 (size before relaxing)
 .debug_str     0x0000000000001b1b       0x28 ../Music_bsp/\libhal_bsp.a(alt_release_fd.o)
                                        0x1b4 (size before relaxing)
 .debug_str     0x0000000000001b43       0x4a ../Music_bsp/\libhal_bsp.a(alt_tick.o)
                                        0x227 (size before relaxing)
 .debug_str     0x0000000000001b8d       0x3b ../Music_bsp/\libhal_bsp.a(altera_nios2_gen2_irq.o)
                                        0x131 (size before relaxing)
 .debug_str     0x0000000000001bc8       0x24 ../Music_bsp/\libhal_bsp.a(alt_find_dev.o)
                                        0x1c1 (size before relaxing)
 .debug_str     0x0000000000001bec       0x26 ../Music_bsp/\libhal_bsp.a(alt_find_file.o)
                                        0x1cf (size before relaxing)
 .debug_str     0x0000000000001c12       0x30 ../Music_bsp/\libhal_bsp.a(alt_get_fd.o)
                                        0x1f1 (size before relaxing)
 .debug_str     0x0000000000001c42       0x2c ../Music_bsp/\libhal_bsp.a(alt_icache_flush.o)
                                        0x130 (size before relaxing)
 .debug_str     0x0000000000001c6e      0x103 c:/altera/15.0/nios2eds/bin/gnu/h-x86_64-mingw32/bin/../lib/gcc/nios2-elf/4.9.1/../../../../../H-x86_64-mingw32/nios2-elf/lib\libc.a(lib_a-atexit.o)
                                        0x1cb (size before relaxing)
 .debug_str     0x0000000000001d71       0x4a c:/altera/15.0/nios2eds/bin/gnu/h-x86_64-mingw32/bin/../lib/gcc/nios2-elf/4.9.1/../../../../../H-x86_64-mingw32/nios2-elf/lib\libc.a(lib_a-exit.o)
                                        0x561 (size before relaxing)
 .debug_str     0x0000000000001dbb       0x3d c:/altera/15.0/nios2eds/bin/gnu/h-x86_64-mingw32/bin/../lib/gcc/nios2-elf/4.9.1/../../../../../H-x86_64-mingw32/nios2-elf/lib\libc.a(lib_a-int_errno.o)
                                        0x187 (size before relaxing)
 .debug_str     0x0000000000001df8       0x42 c:/altera/15.0/nios2eds/bin/gnu/h-x86_64-mingw32/bin/../lib/gcc/nios2-elf/4.9.1/../../../../../H-x86_64-mingw32/nios2-elf/lib\libc.a(lib_a-memcmp.o)
                                        0x18e (size before relaxing)
 .debug_str     0x0000000000001e3a       0x47 c:/altera/15.0/nios2eds/bin/gnu/h-x86_64-mingw32/bin/../lib/gcc/nios2-elf/4.9.1/../../../../../H-x86_64-mingw32/nios2-elf/lib\libc.a(lib_a-memcpy.o)
                                        0x1b5 (size before relaxing)
 .debug_str     0x0000000000001e81       0x4b c:/altera/15.0/nios2eds/bin/gnu/h-x86_64-mingw32/bin/../lib/gcc/nios2-elf/4.9.1/../../../../../H-x86_64-mingw32/nios2-elf/lib\libc.a(lib_a-__atexit.o)
                                        0x5ae (size before relaxing)
 .debug_str     0x0000000000001ecc       0x55 c:/altera/15.0/nios2eds/bin/gnu/h-x86_64-mingw32/bin/../lib/gcc/nios2-elf/4.9.1/../../../../../H-x86_64-mingw32/nios2-elf/lib\libc.a(lib_a-__call_atexit.o)
                                        0x577 (size before relaxing)
 .debug_str     0x0000000000001f21       0x2a ../Music_bsp/\libhal_bsp.a(alt_exit.o)
                                        0x126 (size before relaxing)

.debug_loc      0x0000000000000000      0xccf
 *(.debug_loc)
 .debug_loc     0x0000000000000000      0x273 c:/altera/15.0/nios2eds/bin/gnu/h-x86_64-mingw32/bin/../lib/gcc/nios2-elf/4.9.1\libgcc.a(lib2-divmod.o)
 .debug_loc     0x0000000000000273       0x1e c:/altera/15.0/nios2eds/bin/gnu/h-x86_64-mingw32/bin/../lib/gcc/nios2-elf/4.9.1/../../../../../H-x86_64-mingw32/nios2-elf/lib\libc.a(lib_a-clock.o)
 .debug_loc     0x0000000000000291      0x190 c:/altera/15.0/nios2eds/bin/gnu/h-x86_64-mingw32/bin/../lib/gcc/nios2-elf/4.9.1/../../../../../H-x86_64-mingw32/nios2-elf/lib\libc.a(lib_a-memset.o)
 .debug_loc     0x0000000000000421       0xe8 c:/altera/15.0/nios2eds/bin/gnu/h-x86_64-mingw32/bin/../lib/gcc/nios2-elf/4.9.1/../../../../../H-x86_64-mingw32/nios2-elf/lib\libc.a(lib_a-strcpy.o)
 .debug_loc     0x0000000000000509       0x47 c:/altera/15.0/nios2eds/bin/gnu/h-x86_64-mingw32/bin/../lib/gcc/nios2-elf/4.9.1/../../../../../H-x86_64-mingw32/nios2-elf/lib\libc.a(lib_a-strlen.o)
 .debug_loc     0x0000000000000550       0x42 c:/altera/15.0/nios2eds/bin/gnu/h-x86_64-mingw32/bin/../lib/gcc/nios2-elf/4.9.1/../../../../../H-x86_64-mingw32/nios2-elf/lib\libc.a(lib_a-timesr.o)
 .debug_loc     0x0000000000000592       0x2c c:/altera/15.0/nios2eds/bin/gnu/h-x86_64-mingw32/bin/../lib/gcc/nios2-elf/4.9.1/../../../../../H-x86_64-mingw32/nios2-elf/lib\libc.a(lib_a-atexit.o)
 .debug_loc     0x00000000000005be       0x1e c:/altera/15.0/nios2eds/bin/gnu/h-x86_64-mingw32/bin/../lib/gcc/nios2-elf/4.9.1/../../../../../H-x86_64-mingw32/nios2-elf/lib\libc.a(lib_a-exit.o)
 .debug_loc     0x00000000000005dc      0x126 c:/altera/15.0/nios2eds/bin/gnu/h-x86_64-mingw32/bin/../lib/gcc/nios2-elf/4.9.1/../../../../../H-x86_64-mingw32/nios2-elf/lib\libc.a(lib_a-memcmp.o)
 .debug_loc     0x0000000000000702      0x2a2 c:/altera/15.0/nios2eds/bin/gnu/h-x86_64-mingw32/bin/../lib/gcc/nios2-elf/4.9.1/../../../../../H-x86_64-mingw32/nios2-elf/lib\libc.a(lib_a-memcpy.o)
 .debug_loc     0x00000000000009a4      0x185 c:/altera/15.0/nios2eds/bin/gnu/h-x86_64-mingw32/bin/../lib/gcc/nios2-elf/4.9.1/../../../../../H-x86_64-mingw32/nios2-elf/lib\libc.a(lib_a-__atexit.o)
 .debug_loc     0x0000000000000b29      0x1a6 c:/altera/15.0/nios2eds/bin/gnu/h-x86_64-mingw32/bin/../lib/gcc/nios2-elf/4.9.1/../../../../../H-x86_64-mingw32/nios2-elf/lib\libc.a(lib_a-__call_atexit.o)

.debug_macinfo
 *(.debug_macinfo)

.debug_weaknames
 *(.debug_weaknames)

.debug_funcnames
 *(.debug_funcnames)

.debug_typenames
 *(.debug_typenames)

.debug_varnames
 *(.debug_varnames)

.debug_alt_sim_info
                0x0000000000000000       0x20
 *(.debug_alt_sim_info)
 .debug_alt_sim_info
                0x0000000000000000       0x20 ../Music_bsp//obj/HAL/src/crt0.o
                0x0000000010000000                __alt_data_end = 0x10000000
                0x0000000010000000                PROVIDE (__alt_stack_pointer, __alt_data_end)
                0x0000000008007ac8                PROVIDE (__alt_stack_limit, __alt_stack_base)
                0x0000000008007ac8                PROVIDE (__alt_heap_start, end)
                0x0000000010000000                PROVIDE (__alt_heap_limit, 0x10000000)
OUTPUT(Music.elf elf32-littlenios2)

.debug_ranges   0x0000000000000000       0xb8
 .debug_ranges  0x0000000000000000       0x20 ../Music_bsp//obj/HAL/src/crt0.o
 .debug_ranges  0x0000000000000020       0x28 ../Music_bsp/\libhal_bsp.a(alt_irq_entry.o)
 .debug_ranges  0x0000000000000048       0x10 ../Music_bsp/\libhal_bsp.a(alt_irq_handler.o)
 .debug_ranges  0x0000000000000058       0x30 ../Music_bsp/\libhal_bsp.a(alt_exception_entry.o)
 .debug_ranges  0x0000000000000088       0x18 ../Music_bsp/\libhal_bsp.a(alt_instruction_exception_entry.o)
 .debug_ranges  0x00000000000000a0       0x18 c:/altera/15.0/nios2eds/bin/gnu/h-x86_64-mingw32/bin/../lib/gcc/nios2-elf/4.9.1/../../../../../H-x86_64-mingw32/nios2-elf/lib\libc.a(lib_a-__call_atexit.o)
