Archive member included to satisfy reference by file (symbol)

../play_bsp/\libhal_bsp.a(alt_load.o)
                              ../play_bsp//obj/HAL/src/crt0.o (alt_load)
../play_bsp/\libhal_bsp.a(alt_main.o)
                              ../play_bsp//obj/HAL/src/crt0.o (alt_main)
../play_bsp/\libhal_bsp.a(alt_sys_init.o)
                              ../play_bsp/\libhal_bsp.a(alt_main.o) (alt_irq_init)
../play_bsp/\libhal_bsp.a(altera_avalon_jtag_uart_fd.o)
                              ../play_bsp/\libhal_bsp.a(alt_sys_init.o) (altera_avalon_jtag_uart_read_fd)
../play_bsp/\libhal_bsp.a(altera_avalon_jtag_uart_init.o)
                              ../play_bsp/\libhal_bsp.a(alt_sys_init.o) (altera_avalon_jtag_uart_init)
../play_bsp/\libhal_bsp.a(altera_avalon_jtag_uart_ioctl.o)
                              ../play_bsp/\libhal_bsp.a(altera_avalon_jtag_uart_fd.o) (altera_avalon_jtag_uart_ioctl)
../play_bsp/\libhal_bsp.a(altera_avalon_jtag_uart_read.o)
                              ../play_bsp/\libhal_bsp.a(altera_avalon_jtag_uart_fd.o) (altera_avalon_jtag_uart_read)
../play_bsp/\libhal_bsp.a(altera_avalon_jtag_uart_write.o)
                              ../play_bsp/\libhal_bsp.a(altera_avalon_jtag_uart_fd.o) (altera_avalon_jtag_uart_write)
../play_bsp/\libhal_bsp.a(alt_alarm_start.o)
                              ../play_bsp/\libhal_bsp.a(altera_avalon_jtag_uart_init.o) (alt_alarm_start)
../play_bsp/\libhal_bsp.a(alt_close.o)
                              ../play_bsp/\libhal_bsp.a(alt_main.o) (close)
../play_bsp/\libhal_bsp.a(alt_dcache_flush_all.o)
                              ../play_bsp/\libhal_bsp.a(alt_load.o) (alt_dcache_flush_all)
../play_bsp/\libhal_bsp.a(alt_dev.o)
                              ../play_bsp/\libhal_bsp.a(alt_sys_init.o) (alt_dev_list)
../play_bsp/\libhal_bsp.a(alt_dev_llist_insert.o)
                              ../play_bsp/\libhal_bsp.a(alt_sys_init.o) (alt_dev_llist_insert)
../play_bsp/\libhal_bsp.a(alt_do_ctors.o)
                              ../play_bsp/\libhal_bsp.a(alt_main.o) (_do_ctors)
../play_bsp/\libhal_bsp.a(alt_do_dtors.o)
                              ../play_bsp/\libhal_bsp.a(alt_main.o) (_do_dtors)
../play_bsp/\libhal_bsp.a(alt_errno.o)
                              ../play_bsp/\libhal_bsp.a(alt_close.o) (alt_errno)
../play_bsp/\libhal_bsp.a(alt_icache_flush_all.o)
                              ../play_bsp/\libhal_bsp.a(alt_load.o) (alt_icache_flush_all)
../play_bsp/\libhal_bsp.a(alt_iic.o)
                              ../play_bsp/\libhal_bsp.a(altera_avalon_jtag_uart_init.o) (alt_ic_isr_register)
../play_bsp/\libhal_bsp.a(alt_iic_isr_register.o)
                              ../play_bsp/\libhal_bsp.a(alt_iic.o) (alt_iic_isr_register)
../play_bsp/\libhal_bsp.a(alt_io_redirect.o)
                              ../play_bsp/\libhal_bsp.a(alt_main.o) (alt_io_redirect)
../play_bsp/\libhal_bsp.a(alt_irq_entry.o)
                              ../play_bsp/\libhal_bsp.a(alt_iic_isr_register.o) (alt_irq_entry)
../play_bsp/\libhal_bsp.a(alt_irq_handler.o)
                              ../play_bsp/\libhal_bsp.a(alt_iic_isr_register.o) (alt_irq)
../play_bsp/\libhal_bsp.a(alt_irq_vars.o)
                              ../play_bsp/\libhal_bsp.a(alt_iic.o) (alt_irq_active)
../play_bsp/\libhal_bsp.a(alt_open.o)
                              ../play_bsp/\libhal_bsp.a(alt_io_redirect.o) (open)
../play_bsp/\libhal_bsp.a(alt_release_fd.o)
                              ../play_bsp/\libhal_bsp.a(alt_close.o) (alt_release_fd)
../play_bsp/\libhal_bsp.a(alt_tick.o)
                              ../play_bsp/\libhal_bsp.a(altera_avalon_jtag_uart_init.o) (_alt_tick_rate)
../play_bsp/\libhal_bsp.a(altera_nios2_gen2_irq.o)
                              ../play_bsp/\libhal_bsp.a(alt_sys_init.o) (altera_nios2_gen2_irq_init)
../play_bsp/\libhal_bsp.a(alt_exception_entry.o)
                              ../play_bsp/\libhal_bsp.a(alt_irq_entry.o) (alt_exception)
../play_bsp/\libhal_bsp.a(alt_find_dev.o)
                              ../play_bsp/\libhal_bsp.a(alt_open.o) (alt_find_dev)
../play_bsp/\libhal_bsp.a(alt_find_file.o)
                              ../play_bsp/\libhal_bsp.a(alt_open.o) (alt_find_file)
../play_bsp/\libhal_bsp.a(alt_get_fd.o)
                              ../play_bsp/\libhal_bsp.a(alt_open.o) (alt_get_fd)
../play_bsp/\libhal_bsp.a(alt_icache_flush.o)
                              ../play_bsp/\libhal_bsp.a(alt_icache_flush_all.o) (alt_icache_flush)
../play_bsp/\libhal_bsp.a(alt_instruction_exception_entry.o)
                              ../play_bsp/\libhal_bsp.a(alt_exception_entry.o) (alt_instruction_exception_entry)
c:/altera/15.0/nios2eds/bin/gnu/h-x86_64-mingw32/bin/../lib/gcc/nios2-elf/4.9.1/../../../../../H-x86_64-mingw32/nios2-elf/lib\libc.a(lib_a-atexit.o)
                              ../play_bsp/\libhal_bsp.a(alt_main.o) (atexit)
c:/altera/15.0/nios2eds/bin/gnu/h-x86_64-mingw32/bin/../lib/gcc/nios2-elf/4.9.1/../../../../../H-x86_64-mingw32/nios2-elf/lib\libc.a(lib_a-exit.o)
                              ../play_bsp/\libhal_bsp.a(alt_main.o) (exit)
c:/altera/15.0/nios2eds/bin/gnu/h-x86_64-mingw32/bin/../lib/gcc/nios2-elf/4.9.1/../../../../../H-x86_64-mingw32/nios2-elf/lib\libc.a(lib_a-impure.o)
                              c:/altera/15.0/nios2eds/bin/gnu/h-x86_64-mingw32/bin/../lib/gcc/nios2-elf/4.9.1/../../../../../H-x86_64-mingw32/nios2-elf/lib\libc.a(lib_a-exit.o) (_global_impure_ptr)
c:/altera/15.0/nios2eds/bin/gnu/h-x86_64-mingw32/bin/../lib/gcc/nios2-elf/4.9.1/../../../../../H-x86_64-mingw32/nios2-elf/lib\libc.a(lib_a-int_errno.o)
                              ../play_bsp/\libhal_bsp.a(alt_close.o) (errno)
c:/altera/15.0/nios2eds/bin/gnu/h-x86_64-mingw32/bin/../lib/gcc/nios2-elf/4.9.1/../../../../../H-x86_64-mingw32/nios2-elf/lib\libc.a(lib_a-memcmp.o)
                              ../play_bsp/\libhal_bsp.a(alt_find_dev.o) (memcmp)
c:/altera/15.0/nios2eds/bin/gnu/h-x86_64-mingw32/bin/../lib/gcc/nios2-elf/4.9.1/../../../../../H-x86_64-mingw32/nios2-elf/lib\libc.a(lib_a-memcpy.o)
                              ../play_bsp/\libhal_bsp.a(altera_avalon_jtag_uart_read.o) (memcpy)
c:/altera/15.0/nios2eds/bin/gnu/h-x86_64-mingw32/bin/../lib/gcc/nios2-elf/4.9.1/../../../../../H-x86_64-mingw32/nios2-elf/lib\libc.a(lib_a-strlen.o)
                              ../play_bsp/\libhal_bsp.a(alt_find_dev.o) (strlen)
c:/altera/15.0/nios2eds/bin/gnu/h-x86_64-mingw32/bin/../lib/gcc/nios2-elf/4.9.1/../../../../../H-x86_64-mingw32/nios2-elf/lib\libc.a(lib_a-__atexit.o)
                              c:/altera/15.0/nios2eds/bin/gnu/h-x86_64-mingw32/bin/../lib/gcc/nios2-elf/4.9.1/../../../../../H-x86_64-mingw32/nios2-elf/lib\libc.a(lib_a-atexit.o) (__register_exitproc)
c:/altera/15.0/nios2eds/bin/gnu/h-x86_64-mingw32/bin/../lib/gcc/nios2-elf/4.9.1/../../../../../H-x86_64-mingw32/nios2-elf/lib\libc.a(lib_a-__call_atexit.o)
                              c:/altera/15.0/nios2eds/bin/gnu/h-x86_64-mingw32/bin/../lib/gcc/nios2-elf/4.9.1/../../../../../H-x86_64-mingw32/nios2-elf/lib\libc.a(lib_a-exit.o) (__call_exitprocs)
../play_bsp/\libhal_bsp.a(alt_exit.o)
                              c:/altera/15.0/nios2eds/bin/gnu/h-x86_64-mingw32/bin/../lib/gcc/nios2-elf/4.9.1/../../../../../H-x86_64-mingw32/nios2-elf/lib\libc.a(lib_a-exit.o) (_exit)

Allocating common symbols
Common symbol       size              file

alt_irq             0x100             ../play_bsp/\libhal_bsp.a(alt_irq_handler.o)
errno               0x4               c:/altera/15.0/nios2eds/bin/gnu/h-x86_64-mingw32/bin/../lib/gcc/nios2-elf/4.9.1/../../../../../H-x86_64-mingw32/nios2-elf/lib\libc.a(lib_a-int_errno.o)

Memory Configuration

Name             Origin             Length             Attributes
reset            0x0000000008000000 0x0000000000000020
new_sdram_controller_0 0x0000000008000020 0x0000000007ffffe0
*default*        0x0000000000000000 0xffffffffffffffff

Linker script and memory map

LOAD ../play_bsp//obj/HAL/src/crt0.o
LOAD obj/default/LCD1602_Qsys.o
LOAD obj/default/hello_world.o
LOAD c:/altera/15.0/nios2eds/bin/gnu/h-x86_64-mingw32/bin/../lib/gcc/nios2-elf/4.9.1/../../../../../H-x86_64-mingw32/nios2-elf/lib\libstdc++.a
LOAD c:/altera/15.0/nios2eds/bin/gnu/h-x86_64-mingw32/bin/../lib/gcc/nios2-elf/4.9.1/../../../../../H-x86_64-mingw32/nios2-elf/lib\libm.a
LOAD c:/altera/15.0/nios2eds/bin/gnu/h-x86_64-mingw32/bin/../lib/gcc/nios2-elf/4.9.1\libgcc.a
START GROUP
LOAD c:/altera/15.0/nios2eds/bin/gnu/h-x86_64-mingw32/bin/../lib/gcc/nios2-elf/4.9.1/../../../../../H-x86_64-mingw32/nios2-elf/lib\libc.a
LOAD c:/altera/15.0/nios2eds/bin/gnu/h-x86_64-mingw32/bin/../lib/gcc/nios2-elf/4.9.1\libgcc.a
LOAD ../play_bsp/\libhal_bsp.a
LOAD c:/altera/15.0/nios2eds/bin/gnu/h-x86_64-mingw32/bin/../lib/gcc/nios2-elf/4.9.1/../../../../../H-x86_64-mingw32/nios2-elf/lib\libm.a
END GROUP
LOAD c:/altera/15.0/nios2eds/bin/gnu/h-x86_64-mingw32/bin/../lib/gcc/nios2-elf/4.9.1\libgcc.a
                0x0000000008000000                __alt_mem_new_sdram_controller_0 = 0x8000000

.entry          0x0000000008000000       0x20
 *(.entry)
 .entry         0x0000000008000000       0x20 ../play_bsp//obj/HAL/src/crt0.o
                0x0000000008000000                __reset

.exceptions     0x0000000008000020      0x220
                0x0000000008000020                PROVIDE (__ram_exceptions_start, ABSOLUTE (.))
                0x0000000008000020                . = ALIGN (0x20)
 *(.irq)
 *(.exceptions.entry.label)
 .exceptions.entry.label
                0x0000000008000020        0x0 ../play_bsp/\libhal_bsp.a(alt_irq_entry.o)
                0x0000000008000020                alt_irq_entry
 .exceptions.entry.label
                0x0000000008000020        0x0 ../play_bsp/\libhal_bsp.a(alt_exception_entry.o)
                0x0000000008000020                alt_exception
 *(.exceptions.entry.user)
 *(.exceptions.entry.ecc_fatal)
 *(.exceptions.entry)
 .exceptions.entry
                0x0000000008000020       0x54 ../play_bsp/\libhal_bsp.a(alt_exception_entry.o)
 *(.exceptions.irqtest.user)
 *(.exceptions.irqtest)
 .exceptions.irqtest
                0x0000000008000074       0x10 ../play_bsp/\libhal_bsp.a(alt_irq_entry.o)
 *(.exceptions.irqhandler.user)
 *(.exceptions.irqhandler)
 .exceptions.irqhandler
                0x0000000008000084        0x4 ../play_bsp/\libhal_bsp.a(alt_irq_entry.o)
 *(.exceptions.irqreturn.user)
 *(.exceptions.irqreturn)
 .exceptions.irqreturn
                0x0000000008000088        0x4 ../play_bsp/\libhal_bsp.a(alt_irq_entry.o)
 *(.exceptions.notirq.label)
 .exceptions.notirq.label
                0x000000000800008c        0x0 ../play_bsp/\libhal_bsp.a(alt_irq_entry.o)
 *(.exceptions.notirq.user)
 *(.exceptions.notirq)
 .exceptions.notirq
                0x000000000800008c        0x8 ../play_bsp/\libhal_bsp.a(alt_exception_entry.o)
 *(.exceptions.soft.user)
 *(.exceptions.soft)
 *(.exceptions.unknown.user)
 *(.exceptions.unknown)
 .exceptions.unknown
                0x0000000008000094       0x14 ../play_bsp/\libhal_bsp.a(alt_exception_entry.o)
 *(.exceptions.exit.label)
 .exceptions.exit.label
                0x00000000080000a8        0x0 ../play_bsp/\libhal_bsp.a(alt_irq_entry.o)
 .exceptions.exit.label
                0x00000000080000a8        0x0 ../play_bsp/\libhal_bsp.a(alt_exception_entry.o)
 *(.exceptions.exit.user)
 *(.exceptions.exit)
 .exceptions.exit
                0x00000000080000a8       0x54 ../play_bsp/\libhal_bsp.a(alt_exception_entry.o)
 *(.exceptions)
 .exceptions    0x00000000080000fc       0xd0 ../play_bsp/\libhal_bsp.a(alt_irq_handler.o)
                0x00000000080000fc                alt_irq_handler
 .exceptions    0x00000000080001cc       0x74 ../play_bsp/\libhal_bsp.a(alt_instruction_exception_entry.o)
                0x00000000080001cc                alt_instruction_exception_entry
                0x0000000008000240                PROVIDE (__ram_exceptions_end, ABSOLUTE (.))
                0x0000000008000020                PROVIDE (__flash_exceptions_start, LOADADDR (.exceptions))

.text           0x0000000008000240     0x248c
                0x0000000008000240                PROVIDE (stext, ABSOLUTE (.))
 *(.interp)
 *(.hash)
 *(.dynsym)
 *(.dynstr)
 *(.gnu.version)
 *(.gnu.version_d)
 *(.gnu.version_r)
 *(.rel.init)
 *(.rela.init)
 *(.rel.text .rel.text.* .rel.gnu.linkonce.t.*)
 *(.rela.text .rela.text.* .rela.gnu.linkonce.t.*)
 *(.rel.fini)
 *(.rela.fini)
 *(.rel.rodata .rel.rodata.* .rel.gnu.linkonce.r.*)
 *(.rela.rodata .rela.rodata.* .rela.gnu.linkonce.r.*)
 *(.rel.data .rel.data.* .rel.gnu.linkonce.d.*)
 *(.rela.data .rela.data.* .rela.gnu.linkonce.d.*)
 *(.rel.tdata .rel.tdata.* .rel.gnu.linkonce.td.*)
 *(.rela.tdata .rela.tdata.* .rela.gnu.linkonce.td.*)
 *(.rel.tbss .rel.tbss.* .rel.gnu.linkonce.tb.*)
 *(.rela.tbss .rela.tbss.* .rela.gnu.linkonce.tb.*)
 *(.rel.ctors)
 *(.rela.ctors)
 *(.rel.dtors)
 *(.rela.dtors)
 *(.rel.got)
 *(.rela.got)
 *(.rel.sdata .rel.sdata.* .rel.gnu.linkonce.s.*)
 *(.rela.sdata .rela.sdata.* .rela.gnu.linkonce.s.*)
 *(.rel.sbss .rel.sbss.* .rel.gnu.linkonce.sb.*)
 *(.rela.sbss .rela.sbss.* .rela.gnu.linkonce.sb.*)
 *(.rel.sdata2 .rel.sdata2.* .rel.gnu.linkonce.s2.*)
 *(.rela.sdata2 .rela.sdata2.* .rela.gnu.linkonce.s2.*)
 *(.rel.sbss2 .rel.sbss2.* .rel.gnu.linkonce.sb2.*)
 *(.rela.sbss2 .rela.sbss2.* .rela.gnu.linkonce.sb2.*)
 *(.rel.bss .rel.bss.* .rel.gnu.linkonce.b.*)
 *(.rela.bss .rela.bss.* .rela.gnu.linkonce.b.*)
 *(.rel.plt)
 *(.rela.plt)
 *(.rel.dyn)
 *(.init)
 *(.plt)
 *(.text .stub .text.* .gnu.linkonce.t.*)
 .text          0x0000000008000240       0x3c ../play_bsp//obj/HAL/src/crt0.o
                0x0000000008000240                _start
 .text          0x000000000800027c      0x1bc obj/default/LCD1602_Qsys.o
                0x000000000800027c                LCD_Disp
                0x00000000080003b0                LCD_Clear
                0x00000000080003f4                LCD_Reset
 .text          0x0000000008000438       0x28 obj/default/hello_world.o
                0x0000000008000438                main
 .text          0x0000000008000460       0xe4 ../play_bsp/\libhal_bsp.a(alt_load.o)
                0x00000000080004c4                alt_load
 .text          0x0000000008000544       0x78 ../play_bsp/\libhal_bsp.a(alt_main.o)
                0x0000000008000544                alt_main
 .text          0x00000000080005bc       0xb4 ../play_bsp/\libhal_bsp.a(alt_sys_init.o)
                0x00000000080005f4                alt_irq_init
                0x0000000008000628                alt_sys_init
 .text          0x0000000008000670      0x164 ../play_bsp/\libhal_bsp.a(altera_avalon_jtag_uart_fd.o)
                0x0000000008000670                altera_avalon_jtag_uart_read_fd
                0x00000000080006d0                altera_avalon_jtag_uart_write_fd
                0x0000000008000730                altera_avalon_jtag_uart_close_fd
                0x0000000008000780                altera_avalon_jtag_uart_ioctl_fd
 .text          0x00000000080007d4      0x3d8 ../play_bsp/\libhal_bsp.a(altera_avalon_jtag_uart_init.o)
                0x00000000080007d4                altera_avalon_jtag_uart_init
                0x0000000008000b44                altera_avalon_jtag_uart_close
 .text          0x0000000008000bac       0xec ../play_bsp/\libhal_bsp.a(altera_avalon_jtag_uart_ioctl.o)
                0x0000000008000bac                altera_avalon_jtag_uart_ioctl
 .text          0x0000000008000c98      0x20c ../play_bsp/\libhal_bsp.a(altera_avalon_jtag_uart_read.o)
                0x0000000008000c98                altera_avalon_jtag_uart_read
 .text          0x0000000008000ea4      0x218 ../play_bsp/\libhal_bsp.a(altera_avalon_jtag_uart_write.o)
                0x0000000008000ea4                altera_avalon_jtag_uart_write
 .text          0x00000000080010bc      0x140 ../play_bsp/\libhal_bsp.a(alt_alarm_start.o)
                0x00000000080010bc                alt_alarm_start
 .text          0x00000000080011fc      0x120 ../play_bsp/\libhal_bsp.a(alt_close.o)
                0x000000000800124c                close
 .text          0x000000000800131c       0x1c ../play_bsp/\libhal_bsp.a(alt_dcache_flush_all.o)
                0x000000000800131c                alt_dcache_flush_all
 .text          0x0000000008001338       0x2c ../play_bsp/\libhal_bsp.a(alt_dev.o)
 .text          0x0000000008001364       0xf4 ../play_bsp/\libhal_bsp.a(alt_dev_llist_insert.o)
                0x00000000080013b4                alt_dev_llist_insert
 .text          0x0000000008001458       0x5c ../play_bsp/\libhal_bsp.a(alt_do_ctors.o)
                0x0000000008001458                _do_ctors
 .text          0x00000000080014b4       0x5c ../play_bsp/\libhal_bsp.a(alt_do_dtors.o)
                0x00000000080014b4                _do_dtors
 .text          0x0000000008001510        0x0 ../play_bsp/\libhal_bsp.a(alt_errno.o)
 .text          0x0000000008001510       0x30 ../play_bsp/\libhal_bsp.a(alt_icache_flush_all.o)
                0x0000000008001510                alt_icache_flush_all
 .text          0x0000000008001540      0x1e0 ../play_bsp/\libhal_bsp.a(alt_iic.o)
                0x0000000008001540                alt_ic_isr_register
                0x0000000008001590                alt_ic_irq_enable
                0x0000000008001630                alt_ic_irq_disable
                0x00000000080016d4                alt_ic_irq_enabled
 .text          0x0000000008001720       0xf0 ../play_bsp/\libhal_bsp.a(alt_iic_isr_register.o)
                0x0000000008001720                alt_iic_isr_register
 .text          0x0000000008001810      0x138 ../play_bsp/\libhal_bsp.a(alt_io_redirect.o)
                0x00000000080018d0                alt_io_redirect
 .text          0x0000000008001948        0x0 ../play_bsp/\libhal_bsp.a(alt_irq_entry.o)
 .text          0x0000000008001948        0x0 ../play_bsp/\libhal_bsp.a(alt_irq_handler.o)
 .text          0x0000000008001948        0x0 ../play_bsp/\libhal_bsp.a(alt_irq_vars.o)
 .text          0x0000000008001948      0x274 ../play_bsp/\libhal_bsp.a(alt_open.o)
                0x0000000008001a64                open
 .text          0x0000000008001bbc       0x60 ../play_bsp/\libhal_bsp.a(alt_release_fd.o)
                0x0000000008001bbc                alt_release_fd
 .text          0x0000000008001c1c      0x19c ../play_bsp/\libhal_bsp.a(alt_tick.o)
                0x0000000008001c1c                alt_alarm_stop
                0x0000000008001cb4                alt_tick
 .text          0x0000000008001db8       0x20 ../play_bsp/\libhal_bsp.a(altera_nios2_gen2_irq.o)
                0x0000000008001db8                altera_nios2_gen2_irq_init
 .text          0x0000000008001dd8        0x0 ../play_bsp/\libhal_bsp.a(alt_exception_entry.o)
 .text          0x0000000008001dd8       0x90 ../play_bsp/\libhal_bsp.a(alt_find_dev.o)
                0x0000000008001dd8                alt_find_dev
 .text          0x0000000008001e68      0x114 ../play_bsp/\libhal_bsp.a(alt_find_file.o)
                0x0000000008001e68                alt_find_file
 .text          0x0000000008001f7c       0xb4 ../play_bsp/\libhal_bsp.a(alt_get_fd.o)
                0x0000000008001f7c                alt_get_fd
 .text          0x0000000008002030       0x8c ../play_bsp/\libhal_bsp.a(alt_icache_flush.o)
                0x0000000008002030                alt_icache_flush
 .text          0x00000000080020bc       0x9c ../play_bsp/\libhal_bsp.a(alt_instruction_exception_entry.o)
                0x00000000080020bc                alt_exception_cause_generated_bad_addr
 .text          0x0000000008002158       0x14 c:/altera/15.0/nios2eds/bin/gnu/h-x86_64-mingw32/bin/../lib/gcc/nios2-elf/4.9.1/../../../../../H-x86_64-mingw32/nios2-elf/lib\libc.a(lib_a-atexit.o)
                0x0000000008002158                atexit
 .text          0x000000000800216c       0x38 c:/altera/15.0/nios2eds/bin/gnu/h-x86_64-mingw32/bin/../lib/gcc/nios2-elf/4.9.1/../../../../../H-x86_64-mingw32/nios2-elf/lib\libc.a(lib_a-exit.o)
                0x000000000800216c                exit
 .text          0x00000000080021a4        0x0 c:/altera/15.0/nios2eds/bin/gnu/h-x86_64-mingw32/bin/../lib/gcc/nios2-elf/4.9.1/../../../../../H-x86_64-mingw32/nios2-elf/lib\libc.a(lib_a-impure.o)
 .text          0x00000000080021a4        0x0 c:/altera/15.0/nios2eds/bin/gnu/h-x86_64-mingw32/bin/../lib/gcc/nios2-elf/4.9.1/../../../../../H-x86_64-mingw32/nios2-elf/lib\libc.a(lib_a-int_errno.o)
 .text          0x00000000080021a4       0x7c c:/altera/15.0/nios2eds/bin/gnu/h-x86_64-mingw32/bin/../lib/gcc/nios2-elf/4.9.1/../../../../../H-x86_64-mingw32/nios2-elf/lib\libc.a(lib_a-memcmp.o)
                0x00000000080021a4                memcmp
 .text          0x0000000008002220      0x138 c:/altera/15.0/nios2eds/bin/gnu/h-x86_64-mingw32/bin/../lib/gcc/nios2-elf/4.9.1/../../../../../H-x86_64-mingw32/nios2-elf/lib\libc.a(lib_a-memcpy.o)
                0x0000000008002220                memcpy
 .text          0x0000000008002358       0x98 c:/altera/15.0/nios2eds/bin/gnu/h-x86_64-mingw32/bin/../lib/gcc/nios2-elf/4.9.1/../../../../../H-x86_64-mingw32/nios2-elf/lib\libc.a(lib_a-strlen.o)
                0x0000000008002358                strlen
 .text          0x00000000080023f0      0x114 c:/altera/15.0/nios2eds/bin/gnu/h-x86_64-mingw32/bin/../lib/gcc/nios2-elf/4.9.1/../../../../../H-x86_64-mingw32/nios2-elf/lib\libc.a(lib_a-__atexit.o)
                0x00000000080023f0                __register_exitproc
 .text          0x0000000008002504      0x194 c:/altera/15.0/nios2eds/bin/gnu/h-x86_64-mingw32/bin/../lib/gcc/nios2-elf/4.9.1/../../../../../H-x86_64-mingw32/nios2-elf/lib\libc.a(lib_a-__call_atexit.o)
                0x0000000008002504                __call_exitprocs
 .text          0x0000000008002698       0x34 ../play_bsp/\libhal_bsp.a(alt_exit.o)
                0x0000000008002698                _exit
 *(.gnu.warning.*)
 *(.fini)
                0x00000000080026cc                PROVIDE (__etext, ABSOLUTE (.))
                0x00000000080026cc                PROVIDE (_etext, ABSOLUTE (.))
                0x00000000080026cc                PROVIDE (etext, ABSOLUTE (.))
 *(.eh_frame_hdr)
                0x00000000080026cc                . = ALIGN (0x4)
                0x00000000080026cc                PROVIDE (__preinit_array_start, ABSOLUTE (.))
 *(.preinit_array)
                0x00000000080026cc                PROVIDE (__preinit_array_end, ABSOLUTE (.))
                0x00000000080026cc                PROVIDE (__init_array_start, ABSOLUTE (.))
 *(.init_array)
                0x00000000080026cc                PROVIDE (__init_array_end, ABSOLUTE (.))
                0x00000000080026cc                PROVIDE (__fini_array_start, ABSOLUTE (.))
 *(.fini_array)
                0x00000000080026cc                PROVIDE (__fini_array_end, ABSOLUTE (.))
 *(.eh_frame)
 *(.gcc_except_table .gcc_except_table.*)
 *(.dynamic)
                0x00000000080026cc                PROVIDE (__CTOR_LIST__, ABSOLUTE (.))
 *(.ctors)
 *(SORT(.ctors.*))
                0x00000000080026cc                PROVIDE (__CTOR_END__, ABSOLUTE (.))
                0x00000000080026cc                PROVIDE (__DTOR_LIST__, ABSOLUTE (.))
 *(.dtors)
 *(SORT(.dtors.*))
                0x00000000080026cc                PROVIDE (__DTOR_END__, ABSOLUTE (.))
 *(.jcr)
                0x00000000080026cc                . = ALIGN (0x4)

.rodata         0x00000000080026cc       0x38
                0x00000000080026cc                PROVIDE (__ram_rodata_start, ABSOLUTE (.))
                0x00000000080026cc                . = ALIGN (0x4)
 *(.rodata .rodata.* .gnu.linkonce.r.*)
 .rodata        0x00000000080026cc       0x14 ../play_bsp/\libhal_bsp.a(alt_main.o)
 .rodata        0x00000000080026e0       0x14 ../play_bsp/\libhal_bsp.a(alt_sys_init.o)
 .rodata        0x00000000080026f4        0xc ../play_bsp/\libhal_bsp.a(alt_dev.o)
 .rodata.str1.4
                0x0000000008002700        0x4 c:/altera/15.0/nios2eds/bin/gnu/h-x86_64-mingw32/bin/../lib/gcc/nios2-elf/4.9.1/../../../../../H-x86_64-mingw32/nios2-elf/lib\libc.a(lib_a-impure.o)
 *(.rodata1)
                0x0000000008002704                . = ALIGN (0x4)
                0x0000000008002704                PROVIDE (__ram_rodata_end, ABSOLUTE (.))
                0x00000000080026cc                PROVIDE (__flash_rodata_start, LOADADDR (.rodata))

.rwdata         0x0000000008002704     0x1664 load address 0x0000000008003d68
                0x0000000008002704                PROVIDE (__ram_rwdata_start, ABSOLUTE (.))
                0x0000000008002704                . = ALIGN (0x4)
 *(.got.plt)
 *(.got)
 *(.data1)
 *(.data .data.* .gnu.linkonce.d.*)
 .data          0x0000000008002704        0x0 ../play_bsp//obj/HAL/src/crt0.o
 .data          0x0000000008002704        0x0 obj/default/LCD1602_Qsys.o
 .data          0x0000000008002704        0x0 obj/default/hello_world.o
 .data          0x0000000008002704        0x0 ../play_bsp/\libhal_bsp.a(alt_load.o)
 .data          0x0000000008002704        0x0 ../play_bsp/\libhal_bsp.a(alt_main.o)
 .data          0x0000000008002704     0x1060 ../play_bsp/\libhal_bsp.a(alt_sys_init.o)
 .data          0x0000000008003764        0x0 ../play_bsp/\libhal_bsp.a(altera_avalon_jtag_uart_fd.o)
 .data          0x0000000008003764        0x0 ../play_bsp/\libhal_bsp.a(altera_avalon_jtag_uart_init.o)
 .data          0x0000000008003764        0x0 ../play_bsp/\libhal_bsp.a(altera_avalon_jtag_uart_ioctl.o)
 .data          0x0000000008003764        0x0 ../play_bsp/\libhal_bsp.a(altera_avalon_jtag_uart_read.o)
 .data          0x0000000008003764        0x0 ../play_bsp/\libhal_bsp.a(altera_avalon_jtag_uart_write.o)
 .data          0x0000000008003764        0x0 ../play_bsp/\libhal_bsp.a(alt_alarm_start.o)
 .data          0x0000000008003764        0x0 ../play_bsp/\libhal_bsp.a(alt_close.o)
 .data          0x0000000008003764        0x0 ../play_bsp/\libhal_bsp.a(alt_dcache_flush_all.o)
 .data          0x0000000008003764      0x1a8 ../play_bsp/\libhal_bsp.a(alt_dev.o)
                0x0000000008003764                alt_dev_null
                0x000000000800378c                alt_fd_list
 .data          0x000000000800390c        0x0 ../play_bsp/\libhal_bsp.a(alt_dev_llist_insert.o)
 .data          0x000000000800390c        0x0 ../play_bsp/\libhal_bsp.a(alt_do_ctors.o)
 .data          0x000000000800390c        0x0 ../play_bsp/\libhal_bsp.a(alt_do_dtors.o)
 .data          0x000000000800390c        0x0 ../play_bsp/\libhal_bsp.a(alt_errno.o)
 .data          0x000000000800390c        0x0 ../play_bsp/\libhal_bsp.a(alt_icache_flush_all.o)
 .data          0x000000000800390c        0x0 ../play_bsp/\libhal_bsp.a(alt_iic.o)
 .data          0x000000000800390c        0x0 ../play_bsp/\libhal_bsp.a(alt_iic_isr_register.o)
 .data          0x000000000800390c        0x0 ../play_bsp/\libhal_bsp.a(alt_io_redirect.o)
 .data          0x000000000800390c        0x0 ../play_bsp/\libhal_bsp.a(alt_irq_entry.o)
 .data          0x000000000800390c        0x0 ../play_bsp/\libhal_bsp.a(alt_irq_handler.o)
 .data          0x000000000800390c        0x0 ../play_bsp/\libhal_bsp.a(alt_irq_vars.o)
 .data          0x000000000800390c        0x0 ../play_bsp/\libhal_bsp.a(alt_open.o)
 .data          0x000000000800390c        0x0 ../play_bsp/\libhal_bsp.a(alt_release_fd.o)
 .data          0x000000000800390c        0x0 ../play_bsp/\libhal_bsp.a(alt_tick.o)
 .data          0x000000000800390c        0x0 ../play_bsp/\libhal_bsp.a(altera_nios2_gen2_irq.o)
 .data          0x000000000800390c        0x0 ../play_bsp/\libhal_bsp.a(alt_exception_entry.o)
 .data          0x000000000800390c        0x0 ../play_bsp/\libhal_bsp.a(alt_find_dev.o)
 .data          0x000000000800390c        0x0 ../play_bsp/\libhal_bsp.a(alt_find_file.o)
 .data          0x000000000800390c        0x0 ../play_bsp/\libhal_bsp.a(alt_get_fd.o)
 .data          0x000000000800390c        0x0 ../play_bsp/\libhal_bsp.a(alt_icache_flush.o)
 .data          0x000000000800390c        0x0 ../play_bsp/\libhal_bsp.a(alt_instruction_exception_entry.o)
 .data          0x000000000800390c        0x0 c:/altera/15.0/nios2eds/bin/gnu/h-x86_64-mingw32/bin/../lib/gcc/nios2-elf/4.9.1/../../../../../H-x86_64-mingw32/nios2-elf/lib\libc.a(lib_a-atexit.o)
 .data          0x000000000800390c        0x0 c:/altera/15.0/nios2eds/bin/gnu/h-x86_64-mingw32/bin/../lib/gcc/nios2-elf/4.9.1/../../../../../H-x86_64-mingw32/nios2-elf/lib\libc.a(lib_a-exit.o)
 .data          0x000000000800390c      0x424 c:/altera/15.0/nios2eds/bin/gnu/h-x86_64-mingw32/bin/../lib/gcc/nios2-elf/4.9.1/../../../../../H-x86_64-mingw32/nios2-elf/lib\libc.a(lib_a-impure.o)
 .data          0x0000000008003d30        0x0 c:/altera/15.0/nios2eds/bin/gnu/h-x86_64-mingw32/bin/../lib/gcc/nios2-elf/4.9.1/../../../../../H-x86_64-mingw32/nios2-elf/lib\libc.a(lib_a-int_errno.o)
 .data          0x0000000008003d30        0x0 c:/altera/15.0/nios2eds/bin/gnu/h-x86_64-mingw32/bin/../lib/gcc/nios2-elf/4.9.1/../../../../../H-x86_64-mingw32/nios2-elf/lib\libc.a(lib_a-memcmp.o)
 .data          0x0000000008003d30        0x0 c:/altera/15.0/nios2eds/bin/gnu/h-x86_64-mingw32/bin/../lib/gcc/nios2-elf/4.9.1/../../../../../H-x86_64-mingw32/nios2-elf/lib\libc.a(lib_a-memcpy.o)
 .data          0x0000000008003d30        0x0 c:/altera/15.0/nios2eds/bin/gnu/h-x86_64-mingw32/bin/../lib/gcc/nios2-elf/4.9.1/../../../../../H-x86_64-mingw32/nios2-elf/lib\libc.a(lib_a-strlen.o)
 .data          0x0000000008003d30        0x0 c:/altera/15.0/nios2eds/bin/gnu/h-x86_64-mingw32/bin/../lib/gcc/nios2-elf/4.9.1/../../../../../H-x86_64-mingw32/nios2-elf/lib\libc.a(lib_a-__atexit.o)
 .data          0x0000000008003d30        0x0 c:/altera/15.0/nios2eds/bin/gnu/h-x86_64-mingw32/bin/../lib/gcc/nios2-elf/4.9.1/../../../../../H-x86_64-mingw32/nios2-elf/lib\libc.a(lib_a-__call_atexit.o)
 .data          0x0000000008003d30        0x0 ../play_bsp/\libhal_bsp.a(alt_exit.o)
                0x000000000800bd30                _gp = ABSOLUTE ((. + 0x8000))
                0x000000000800bd30                PROVIDE (gp, _gp)
 *(.rwdata .rwdata.*)
 *(.sdata .sdata.* .gnu.linkonce.s.*)
 .sdata         0x0000000008003d30        0x4 obj/default/LCD1602_Qsys.o
                0x0000000008003d30                pUser_LCD
 .sdata         0x0000000008003d34        0x8 obj/default/hello_world.o
                0x0000000008003d34                LCD_Data1
 .sdata         0x0000000008003d3c       0x14 ../play_bsp/\libhal_bsp.a(alt_dev.o)
                0x0000000008003d3c                alt_fs_list
                0x0000000008003d44                alt_dev_list
                0x0000000008003d4c                alt_max_fd
 .sdata         0x0000000008003d50        0x4 ../play_bsp/\libhal_bsp.a(alt_errno.o)
                0x0000000008003d50                alt_errno
 .sdata         0x0000000008003d54        0x4 ../play_bsp/\libhal_bsp.a(alt_irq_vars.o)
                0x0000000008003d54                alt_priority_mask
 .sdata         0x0000000008003d58        0x8 ../play_bsp/\libhal_bsp.a(alt_tick.o)
                0x0000000008003d58                alt_alarm_list
 .sdata         0x0000000008003d60        0x8 c:/altera/15.0/nios2eds/bin/gnu/h-x86_64-mingw32/bin/../lib/gcc/nios2-elf/4.9.1/../../../../../H-x86_64-mingw32/nios2-elf/lib\libc.a(lib_a-impure.o)
                0x0000000008003d60                _global_impure_ptr
                0x0000000008003d64                _impure_ptr
 *(.sdata2 .sdata2.* .gnu.linkonce.s2.*)
                0x0000000008003d68                . = ALIGN (0x4)
                0x0000000008003d68                _edata = ABSOLUTE (.)
                0x0000000008003d68                PROVIDE (edata, ABSOLUTE (.))
                0x0000000008003d68                PROVIDE (__ram_rwdata_end, ABSOLUTE (.))
                0x0000000008003d68                PROVIDE (__flash_rwdata_start, LOADADDR (.rwdata))

.bss            0x00000000080053cc      0x120
                0x00000000080053cc                __bss_start = ABSOLUTE (.)
                0x00000000080053cc                PROVIDE (__sbss_start, ABSOLUTE (.))
                0x00000000080053cc                PROVIDE (___sbss_start, ABSOLUTE (.))
 *(.dynsbss)
 *(.sbss .sbss.* .gnu.linkonce.sb.*)
 .sbss          0x00000000080053cc        0xc ../play_bsp/\libhal_bsp.a(alt_main.o)
                0x00000000080053cc                alt_argc
                0x00000000080053d0                alt_argv
                0x00000000080053d4                alt_envp
 .sbss          0x00000000080053d8        0x4 ../play_bsp/\libhal_bsp.a(alt_irq_vars.o)
                0x00000000080053d8                alt_irq_active
 .sbss          0x00000000080053dc        0x8 ../play_bsp/\libhal_bsp.a(alt_tick.o)
                0x00000000080053dc                _alt_tick_rate
                0x00000000080053e0                _alt_nticks
 .sbss          0x00000000080053e4        0x4 ../play_bsp/\libhal_bsp.a(alt_instruction_exception_entry.o)
                0x00000000080053e4                alt_instruction_exception_handler
 .sbss          0x00000000080053e8        0x4 c:/altera/15.0/nios2eds/bin/gnu/h-x86_64-mingw32/bin/../lib/gcc/nios2-elf/4.9.1/../../../../../H-x86_64-mingw32/nios2-elf/lib\libc.a(lib_a-int_errno.o)
                0x00000000080053e8                errno
 *(.sbss2 .sbss2.* .gnu.linkonce.sb2.*)
 *(.scommon)
                0x00000000080053ec                PROVIDE (__sbss_end, ABSOLUTE (.))
                0x00000000080053ec                PROVIDE (___sbss_end, ABSOLUTE (.))
 *(.dynbss)
 *(.bss .bss.* .gnu.linkonce.b.*)
 .bss           0x00000000080053ec        0x0 ../play_bsp//obj/HAL/src/crt0.o
 .bss           0x00000000080053ec        0x0 obj/default/LCD1602_Qsys.o
 .bss           0x00000000080053ec        0x0 obj/default/hello_world.o
 .bss           0x00000000080053ec        0x0 ../play_bsp/\libhal_bsp.a(alt_load.o)
 .bss           0x00000000080053ec        0x0 ../play_bsp/\libhal_bsp.a(alt_main.o)
 .bss           0x00000000080053ec        0x0 ../play_bsp/\libhal_bsp.a(alt_sys_init.o)
 .bss           0x00000000080053ec        0x0 ../play_bsp/\libhal_bsp.a(altera_avalon_jtag_uart_fd.o)
 .bss           0x00000000080053ec        0x0 ../play_bsp/\libhal_bsp.a(altera_avalon_jtag_uart_init.o)
 .bss           0x00000000080053ec        0x0 ../play_bsp/\libhal_bsp.a(altera_avalon_jtag_uart_ioctl.o)
 .bss           0x00000000080053ec        0x0 ../play_bsp/\libhal_bsp.a(altera_avalon_jtag_uart_read.o)
 .bss           0x00000000080053ec        0x0 ../play_bsp/\libhal_bsp.a(altera_avalon_jtag_uart_write.o)
 .bss           0x00000000080053ec        0x0 ../play_bsp/\libhal_bsp.a(alt_alarm_start.o)
 .bss           0x00000000080053ec        0x0 ../play_bsp/\libhal_bsp.a(alt_close.o)
 .bss           0x00000000080053ec        0x0 ../play_bsp/\libhal_bsp.a(alt_dcache_flush_all.o)
 .bss           0x00000000080053ec        0x0 ../play_bsp/\libhal_bsp.a(alt_dev.o)
 .bss           0x00000000080053ec        0x0 ../play_bsp/\libhal_bsp.a(alt_dev_llist_insert.o)
 .bss           0x00000000080053ec        0x0 ../play_bsp/\libhal_bsp.a(alt_do_ctors.o)
 .bss           0x00000000080053ec        0x0 ../play_bsp/\libhal_bsp.a(alt_do_dtors.o)
 .bss           0x00000000080053ec        0x0 ../play_bsp/\libhal_bsp.a(alt_errno.o)
 .bss           0x00000000080053ec        0x0 ../play_bsp/\libhal_bsp.a(alt_icache_flush_all.o)
 .bss           0x00000000080053ec        0x0 ../play_bsp/\libhal_bsp.a(alt_iic.o)
 .bss           0x00000000080053ec        0x0 ../play_bsp/\libhal_bsp.a(alt_iic_isr_register.o)
 .bss           0x00000000080053ec        0x0 ../play_bsp/\libhal_bsp.a(alt_io_redirect.o)
 .bss           0x00000000080053ec        0x0 ../play_bsp/\libhal_bsp.a(alt_irq_entry.o)
 .bss           0x00000000080053ec        0x0 ../play_bsp/\libhal_bsp.a(alt_irq_handler.o)
 .bss           0x00000000080053ec        0x0 ../play_bsp/\libhal_bsp.a(alt_irq_vars.o)
 .bss           0x00000000080053ec        0x0 ../play_bsp/\libhal_bsp.a(alt_open.o)
 .bss           0x00000000080053ec        0x0 ../play_bsp/\libhal_bsp.a(alt_release_fd.o)
 .bss           0x00000000080053ec        0x0 ../play_bsp/\libhal_bsp.a(alt_tick.o)
 .bss           0x00000000080053ec        0x0 ../play_bsp/\libhal_bsp.a(altera_nios2_gen2_irq.o)
 .bss           0x00000000080053ec        0x0 ../play_bsp/\libhal_bsp.a(alt_exception_entry.o)
 .bss           0x00000000080053ec        0x0 ../play_bsp/\libhal_bsp.a(alt_find_dev.o)
 .bss           0x00000000080053ec        0x0 ../play_bsp/\libhal_bsp.a(alt_find_file.o)
 .bss           0x00000000080053ec        0x0 ../play_bsp/\libhal_bsp.a(alt_get_fd.o)
 .bss           0x00000000080053ec        0x0 ../play_bsp/\libhal_bsp.a(alt_icache_flush.o)
 .bss           0x00000000080053ec        0x0 ../play_bsp/\libhal_bsp.a(alt_instruction_exception_entry.o)
 .bss           0x00000000080053ec        0x0 c:/altera/15.0/nios2eds/bin/gnu/h-x86_64-mingw32/bin/../lib/gcc/nios2-elf/4.9.1/../../../../../H-x86_64-mingw32/nios2-elf/lib\libc.a(lib_a-atexit.o)
 .bss           0x00000000080053ec        0x0 c:/altera/15.0/nios2eds/bin/gnu/h-x86_64-mingw32/bin/../lib/gcc/nios2-elf/4.9.1/../../../../../H-x86_64-mingw32/nios2-elf/lib\libc.a(lib_a-exit.o)
 .bss           0x00000000080053ec        0x0 c:/altera/15.0/nios2eds/bin/gnu/h-x86_64-mingw32/bin/../lib/gcc/nios2-elf/4.9.1/../../../../../H-x86_64-mingw32/nios2-elf/lib\libc.a(lib_a-impure.o)
 .bss           0x00000000080053ec        0x0 c:/altera/15.0/nios2eds/bin/gnu/h-x86_64-mingw32/bin/../lib/gcc/nios2-elf/4.9.1/../../../../../H-x86_64-mingw32/nios2-elf/lib\libc.a(lib_a-int_errno.o)
 .bss           0x00000000080053ec        0x0 c:/altera/15.0/nios2eds/bin/gnu/h-x86_64-mingw32/bin/../lib/gcc/nios2-elf/4.9.1/../../../../../H-x86_64-mingw32/nios2-elf/lib\libc.a(lib_a-memcmp.o)
 .bss           0x00000000080053ec        0x0 c:/altera/15.0/nios2eds/bin/gnu/h-x86_64-mingw32/bin/../lib/gcc/nios2-elf/4.9.1/../../../../../H-x86_64-mingw32/nios2-elf/lib\libc.a(lib_a-memcpy.o)
 .bss           0x00000000080053ec        0x0 c:/altera/15.0/nios2eds/bin/gnu/h-x86_64-mingw32/bin/../lib/gcc/nios2-elf/4.9.1/../../../../../H-x86_64-mingw32/nios2-elf/lib\libc.a(lib_a-strlen.o)
 .bss           0x00000000080053ec        0x0 c:/altera/15.0/nios2eds/bin/gnu/h-x86_64-mingw32/bin/../lib/gcc/nios2-elf/4.9.1/../../../../../H-x86_64-mingw32/nios2-elf/lib\libc.a(lib_a-__atexit.o)
 .bss           0x00000000080053ec        0x0 c:/altera/15.0/nios2eds/bin/gnu/h-x86_64-mingw32/bin/../lib/gcc/nios2-elf/4.9.1/../../../../../H-x86_64-mingw32/nios2-elf/lib\libc.a(lib_a-__call_atexit.o)
 .bss           0x00000000080053ec        0x0 ../play_bsp/\libhal_bsp.a(alt_exit.o)
 *(COMMON)
 COMMON         0x00000000080053ec      0x100 ../play_bsp/\libhal_bsp.a(alt_irq_handler.o)
                0x00000000080053ec                alt_irq
                0x00000000080054ec                . = ALIGN (0x4)
                0x00000000080054ec                __bss_end = ABSOLUTE (.)

.new_sdram_controller_0
                0x00000000080054ec        0x0
                0x00000000080054ec                PROVIDE (_alt_partition_new_sdram_controller_0_start, ABSOLUTE (.))
 *(.new_sdram_controller_0 .new_sdram_controller_0. new_sdram_controller_0.*)
                0x00000000080054ec                . = ALIGN (0x4)
                0x00000000080054ec                PROVIDE (_alt_partition_new_sdram_controller_0_end, ABSOLUTE (.))
                0x00000000080054ec                _end = ABSOLUTE (.)
                0x00000000080054ec                end = ABSOLUTE (.)
                0x00000000080054ec                __alt_stack_base = ABSOLUTE (.)
                0x00000000080054ec                PROVIDE (_alt_partition_new_sdram_controller_0_load_addr, LOADADDR (.new_sdram_controller_0))

.stab
 *(.stab)

.stabstr
 *(.stabstr)

.stab.excl
 *(.stab.excl)

.stab.exclstr
 *(.stab.exclstr)

.stab.index
 *(.stab.index)

.stab.indexstr
 *(.stab.indexstr)

.comment        0x0000000000000000       0x23
 *(.comment)
 .comment       0x0000000000000000       0x23 obj/default/LCD1602_Qsys.o
                                         0x24 (size before relaxing)
 .comment       0x0000000000000000       0x24 obj/default/hello_world.o
 .comment       0x0000000000000000       0x24 ../play_bsp/\libhal_bsp.a(alt_load.o)
 .comment       0x0000000000000000       0x24 ../play_bsp/\libhal_bsp.a(alt_main.o)
 .comment       0x0000000000000000       0x24 ../play_bsp/\libhal_bsp.a(alt_sys_init.o)
 .comment       0x0000000000000000       0x24 ../play_bsp/\libhal_bsp.a(altera_avalon_jtag_uart_fd.o)
 .comment       0x0000000000000000       0x24 ../play_bsp/\libhal_bsp.a(altera_avalon_jtag_uart_init.o)
 .comment       0x0000000000000000       0x24 ../play_bsp/\libhal_bsp.a(altera_avalon_jtag_uart_ioctl.o)
 .comment       0x0000000000000000       0x24 ../play_bsp/\libhal_bsp.a(altera_avalon_jtag_uart_read.o)
 .comment       0x0000000000000000       0x24 ../play_bsp/\libhal_bsp.a(altera_avalon_jtag_uart_write.o)
 .comment       0x0000000000000000       0x24 ../play_bsp/\libhal_bsp.a(alt_alarm_start.o)
 .comment       0x0000000000000000       0x24 ../play_bsp/\libhal_bsp.a(alt_close.o)
 .comment       0x0000000000000000       0x24 ../play_bsp/\libhal_bsp.a(alt_dcache_flush_all.o)
 .comment       0x0000000000000000       0x24 ../play_bsp/\libhal_bsp.a(alt_dev.o)
 .comment       0x0000000000000000       0x24 ../play_bsp/\libhal_bsp.a(alt_dev_llist_insert.o)
 .comment       0x0000000000000000       0x24 ../play_bsp/\libhal_bsp.a(alt_do_ctors.o)
 .comment       0x0000000000000000       0x24 ../play_bsp/\libhal_bsp.a(alt_do_dtors.o)
 .comment       0x0000000000000000       0x24 ../play_bsp/\libhal_bsp.a(alt_errno.o)
 .comment       0x0000000000000000       0x24 ../play_bsp/\libhal_bsp.a(alt_icache_flush_all.o)
 .comment       0x0000000000000000       0x24 ../play_bsp/\libhal_bsp.a(alt_iic.o)
 .comment       0x0000000000000000       0x24 ../play_bsp/\libhal_bsp.a(alt_iic_isr_register.o)
 .comment       0x0000000000000000       0x24 ../play_bsp/\libhal_bsp.a(alt_io_redirect.o)
 .comment       0x0000000000000000       0x24 ../play_bsp/\libhal_bsp.a(alt_irq_handler.o)
 .comment       0x0000000000000000       0x24 ../play_bsp/\libhal_bsp.a(alt_irq_vars.o)
 .comment       0x0000000000000000       0x24 ../play_bsp/\libhal_bsp.a(alt_open.o)
 .comment       0x0000000000000000       0x24 ../play_bsp/\libhal_bsp.a(alt_release_fd.o)
 .comment       0x0000000000000000       0x24 ../play_bsp/\libhal_bsp.a(alt_tick.o)
 .comment       0x0000000000000000       0x24 ../play_bsp/\libhal_bsp.a(altera_nios2_gen2_irq.o)
 .comment       0x0000000000000000       0x24 ../play_bsp/\libhal_bsp.a(alt_find_dev.o)
 .comment       0x0000000000000000       0x24 ../play_bsp/\libhal_bsp.a(alt_find_file.o)
 .comment       0x0000000000000000       0x24 ../play_bsp/\libhal_bsp.a(alt_get_fd.o)
 .comment       0x0000000000000000       0x24 ../play_bsp/\libhal_bsp.a(alt_icache_flush.o)
 .comment       0x0000000000000000       0x24 ../play_bsp/\libhal_bsp.a(alt_instruction_exception_entry.o)
 .comment       0x0000000000000000       0x24 c:/altera/15.0/nios2eds/bin/gnu/h-x86_64-mingw32/bin/../lib/gcc/nios2-elf/4.9.1/../../../../../H-x86_64-mingw32/nios2-elf/lib\libc.a(lib_a-atexit.o)
 .comment       0x0000000000000000       0x24 c:/altera/15.0/nios2eds/bin/gnu/h-x86_64-mingw32/bin/../lib/gcc/nios2-elf/4.9.1/../../../../../H-x86_64-mingw32/nios2-elf/lib\libc.a(lib_a-exit.o)
 .comment       0x0000000000000000       0x24 c:/altera/15.0/nios2eds/bin/gnu/h-x86_64-mingw32/bin/../lib/gcc/nios2-elf/4.9.1/../../../../../H-x86_64-mingw32/nios2-elf/lib\libc.a(lib_a-impure.o)
 .comment       0x0000000000000000       0x24 c:/altera/15.0/nios2eds/bin/gnu/h-x86_64-mingw32/bin/../lib/gcc/nios2-elf/4.9.1/../../../../../H-x86_64-mingw32/nios2-elf/lib\libc.a(lib_a-int_errno.o)
 .comment       0x0000000000000000       0x24 c:/altera/15.0/nios2eds/bin/gnu/h-x86_64-mingw32/bin/../lib/gcc/nios2-elf/4.9.1/../../../../../H-x86_64-mingw32/nios2-elf/lib\libc.a(lib_a-memcmp.o)
 .comment       0x0000000000000000       0x24 c:/altera/15.0/nios2eds/bin/gnu/h-x86_64-mingw32/bin/../lib/gcc/nios2-elf/4.9.1/../../../../../H-x86_64-mingw32/nios2-elf/lib\libc.a(lib_a-memcpy.o)
 .comment       0x0000000000000000       0x24 c:/altera/15.0/nios2eds/bin/gnu/h-x86_64-mingw32/bin/../lib/gcc/nios2-elf/4.9.1/../../../../../H-x86_64-mingw32/nios2-elf/lib\libc.a(lib_a-strlen.o)
 .comment       0x0000000000000000       0x24 c:/altera/15.0/nios2eds/bin/gnu/h-x86_64-mingw32/bin/../lib/gcc/nios2-elf/4.9.1/../../../../../H-x86_64-mingw32/nios2-elf/lib\libc.a(lib_a-__atexit.o)
 .comment       0x0000000000000000       0x24 c:/altera/15.0/nios2eds/bin/gnu/h-x86_64-mingw32/bin/../lib/gcc/nios2-elf/4.9.1/../../../../../H-x86_64-mingw32/nios2-elf/lib\libc.a(lib_a-__call_atexit.o)
 .comment       0x0000000000000000       0x24 ../play_bsp/\libhal_bsp.a(alt_exit.o)

.debug
 *(.debug)

.line
 *(.line)

.debug_srcinfo
 *(.debug_srcinfo)

.debug_sfnames
 *(.debug_sfnames)

.debug_aranges  0x0000000000000000      0x5d8
 *(.debug_aranges)
 .debug_aranges
                0x0000000000000000       0x28 ../play_bsp//obj/HAL/src/crt0.o
 .debug_aranges
                0x0000000000000028       0x20 obj/default/LCD1602_Qsys.o
 .debug_aranges
                0x0000000000000048       0x20 obj/default/hello_world.o
 .debug_aranges
                0x0000000000000068       0x20 ../play_bsp/\libhal_bsp.a(alt_load.o)
 .debug_aranges
                0x0000000000000088       0x20 ../play_bsp/\libhal_bsp.a(alt_main.o)
 .debug_aranges
                0x00000000000000a8       0x20 ../play_bsp/\libhal_bsp.a(alt_sys_init.o)
 .debug_aranges
                0x00000000000000c8       0x20 ../play_bsp/\libhal_bsp.a(altera_avalon_jtag_uart_fd.o)
 .debug_aranges
                0x00000000000000e8       0x20 ../play_bsp/\libhal_bsp.a(altera_avalon_jtag_uart_init.o)
 .debug_aranges
                0x0000000000000108       0x20 ../play_bsp/\libhal_bsp.a(altera_avalon_jtag_uart_ioctl.o)
 .debug_aranges
                0x0000000000000128       0x20 ../play_bsp/\libhal_bsp.a(altera_avalon_jtag_uart_read.o)
 .debug_aranges
                0x0000000000000148       0x20 ../play_bsp/\libhal_bsp.a(altera_avalon_jtag_uart_write.o)
 .debug_aranges
                0x0000000000000168       0x20 ../play_bsp/\libhal_bsp.a(alt_alarm_start.o)
 .debug_aranges
                0x0000000000000188       0x20 ../play_bsp/\libhal_bsp.a(alt_close.o)
 .debug_aranges
                0x00000000000001a8       0x20 ../play_bsp/\libhal_bsp.a(alt_dcache_flush_all.o)
 .debug_aranges
                0x00000000000001c8       0x20 ../play_bsp/\libhal_bsp.a(alt_dev.o)
 .debug_aranges
                0x00000000000001e8       0x20 ../play_bsp/\libhal_bsp.a(alt_dev_llist_insert.o)
 .debug_aranges
                0x0000000000000208       0x20 ../play_bsp/\libhal_bsp.a(alt_do_ctors.o)
 .debug_aranges
                0x0000000000000228       0x20 ../play_bsp/\libhal_bsp.a(alt_do_dtors.o)
 .debug_aranges
                0x0000000000000248       0x18 ../play_bsp/\libhal_bsp.a(alt_errno.o)
 .debug_aranges
                0x0000000000000260       0x20 ../play_bsp/\libhal_bsp.a(alt_icache_flush_all.o)
 .debug_aranges
                0x0000000000000280       0x20 ../play_bsp/\libhal_bsp.a(alt_iic.o)
 .debug_aranges
                0x00000000000002a0       0x20 ../play_bsp/\libhal_bsp.a(alt_iic_isr_register.o)
 .debug_aranges
                0x00000000000002c0       0x20 ../play_bsp/\libhal_bsp.a(alt_io_redirect.o)
 .debug_aranges
                0x00000000000002e0       0x30 ../play_bsp/\libhal_bsp.a(alt_irq_entry.o)
 .debug_aranges
                0x0000000000000310       0x20 ../play_bsp/\libhal_bsp.a(alt_irq_handler.o)
 .debug_aranges
                0x0000000000000330       0x18 ../play_bsp/\libhal_bsp.a(alt_irq_vars.o)
 .debug_aranges
                0x0000000000000348       0x20 ../play_bsp/\libhal_bsp.a(alt_open.o)
 .debug_aranges
                0x0000000000000368       0x20 ../play_bsp/\libhal_bsp.a(alt_release_fd.o)
 .debug_aranges
                0x0000000000000388       0x20 ../play_bsp/\libhal_bsp.a(alt_tick.o)
 .debug_aranges
                0x00000000000003a8       0x20 ../play_bsp/\libhal_bsp.a(altera_nios2_gen2_irq.o)
 .debug_aranges
                0x00000000000003c8       0x38 ../play_bsp/\libhal_bsp.a(alt_exception_entry.o)
 .debug_aranges
                0x0000000000000400       0x20 ../play_bsp/\libhal_bsp.a(alt_find_dev.o)
 .debug_aranges
                0x0000000000000420       0x20 ../play_bsp/\libhal_bsp.a(alt_find_file.o)
 .debug_aranges
                0x0000000000000440       0x20 ../play_bsp/\libhal_bsp.a(alt_get_fd.o)
 .debug_aranges
                0x0000000000000460       0x20 ../play_bsp/\libhal_bsp.a(alt_icache_flush.o)
 .debug_aranges
                0x0000000000000480       0x28 ../play_bsp/\libhal_bsp.a(alt_instruction_exception_entry.o)
 .debug_aranges
                0x00000000000004a8       0x20 c:/altera/15.0/nios2eds/bin/gnu/h-x86_64-mingw32/bin/../lib/gcc/nios2-elf/4.9.1/../../../../../H-x86_64-mingw32/nios2-elf/lib\libc.a(lib_a-atexit.o)
 .debug_aranges
                0x00000000000004c8       0x20 c:/altera/15.0/nios2eds/bin/gnu/h-x86_64-mingw32/bin/../lib/gcc/nios2-elf/4.9.1/../../../../../H-x86_64-mingw32/nios2-elf/lib\libc.a(lib_a-exit.o)
 .debug_aranges
                0x00000000000004e8       0x18 c:/altera/15.0/nios2eds/bin/gnu/h-x86_64-mingw32/bin/../lib/gcc/nios2-elf/4.9.1/../../../../../H-x86_64-mingw32/nios2-elf/lib\libc.a(lib_a-impure.o)
 .debug_aranges
                0x0000000000000500       0x18 c:/altera/15.0/nios2eds/bin/gnu/h-x86_64-mingw32/bin/../lib/gcc/nios2-elf/4.9.1/../../../../../H-x86_64-mingw32/nios2-elf/lib\libc.a(lib_a-int_errno.o)
 .debug_aranges
                0x0000000000000518       0x20 c:/altera/15.0/nios2eds/bin/gnu/h-x86_64-mingw32/bin/../lib/gcc/nios2-elf/4.9.1/../../../../../H-x86_64-mingw32/nios2-elf/lib\libc.a(lib_a-memcmp.o)
 .debug_aranges
                0x0000000000000538       0x20 c:/altera/15.0/nios2eds/bin/gnu/h-x86_64-mingw32/bin/../lib/gcc/nios2-elf/4.9.1/../../../../../H-x86_64-mingw32/nios2-elf/lib\libc.a(lib_a-memcpy.o)
 .debug_aranges
                0x0000000000000558       0x20 c:/altera/15.0/nios2eds/bin/gnu/h-x86_64-mingw32/bin/../lib/gcc/nios2-elf/4.9.1/../../../../../H-x86_64-mingw32/nios2-elf/lib\libc.a(lib_a-strlen.o)
 .debug_aranges
                0x0000000000000578       0x20 c:/altera/15.0/nios2eds/bin/gnu/h-x86_64-mingw32/bin/../lib/gcc/nios2-elf/4.9.1/../../../../../H-x86_64-mingw32/nios2-elf/lib\libc.a(lib_a-__atexit.o)
 .debug_aranges
                0x0000000000000598       0x20 c:/altera/15.0/nios2eds/bin/gnu/h-x86_64-mingw32/bin/../lib/gcc/nios2-elf/4.9.1/../../../../../H-x86_64-mingw32/nios2-elf/lib\libc.a(lib_a-__call_atexit.o)
 .debug_aranges
                0x00000000000005b8       0x20 ../play_bsp/\libhal_bsp.a(alt_exit.o)

.debug_pubnames
 *(.debug_pubnames)

.debug_info     0x0000000000000000     0x7501
 *(.debug_info .gnu.linkonce.wi.*)
 .debug_info    0x0000000000000000       0x62 ../play_bsp//obj/HAL/src/crt0.o
 .debug_info    0x0000000000000062      0x10f obj/default/LCD1602_Qsys.o
 .debug_info    0x0000000000000171       0xb0 obj/default/hello_world.o
 .debug_info    0x0000000000000221      0x13e ../play_bsp/\libhal_bsp.a(alt_load.o)
 .debug_info    0x000000000000035f      0x12a ../play_bsp/\libhal_bsp.a(alt_main.o)
 .debug_info    0x0000000000000489      0x4bc ../play_bsp/\libhal_bsp.a(alt_sys_init.o)
 .debug_info    0x0000000000000945      0x527 ../play_bsp/\libhal_bsp.a(altera_avalon_jtag_uart_fd.o)
 .debug_info    0x0000000000000e6c      0x3a1 ../play_bsp/\libhal_bsp.a(altera_avalon_jtag_uart_init.o)
 .debug_info    0x000000000000120d      0x279 ../play_bsp/\libhal_bsp.a(altera_avalon_jtag_uart_ioctl.o)
 .debug_info    0x0000000000001486      0x342 ../play_bsp/\libhal_bsp.a(altera_avalon_jtag_uart_read.o)
 .debug_info    0x00000000000017c8      0x339 ../play_bsp/\libhal_bsp.a(altera_avalon_jtag_uart_write.o)
 .debug_info    0x0000000000001b01      0x2c5 ../play_bsp/\libhal_bsp.a(alt_alarm_start.o)
 .debug_info    0x0000000000001dc6      0x31a ../play_bsp/\libhal_bsp.a(alt_close.o)
 .debug_info    0x00000000000020e0       0x8b ../play_bsp/\libhal_bsp.a(alt_dcache_flush_all.o)
 .debug_info    0x000000000000216b      0x495 ../play_bsp/\libhal_bsp.a(alt_dev.o)
 .debug_info    0x0000000000002600      0x1a2 ../play_bsp/\libhal_bsp.a(alt_dev_llist_insert.o)
 .debug_info    0x00000000000027a2       0x83 ../play_bsp/\libhal_bsp.a(alt_do_ctors.o)
 .debug_info    0x0000000000002825       0x83 ../play_bsp/\libhal_bsp.a(alt_do_dtors.o)
 .debug_info    0x00000000000028a8       0x9f ../play_bsp/\libhal_bsp.a(alt_errno.o)
 .debug_info    0x0000000000002947       0x8b ../play_bsp/\libhal_bsp.a(alt_icache_flush_all.o)
 .debug_info    0x00000000000029d2      0x349 ../play_bsp/\libhal_bsp.a(alt_iic.o)
 .debug_info    0x0000000000002d1b      0x1e8 ../play_bsp/\libhal_bsp.a(alt_iic_isr_register.o)
 .debug_info    0x0000000000002f03      0x49e ../play_bsp/\libhal_bsp.a(alt_io_redirect.o)
 .debug_info    0x00000000000033a1       0x6b ../play_bsp/\libhal_bsp.a(alt_irq_entry.o)
 .debug_info    0x000000000000340c      0x180 ../play_bsp/\libhal_bsp.a(alt_irq_handler.o)
 .debug_info    0x000000000000358c       0x88 ../play_bsp/\libhal_bsp.a(alt_irq_vars.o)
 .debug_info    0x0000000000003614      0x3b4 ../play_bsp/\libhal_bsp.a(alt_open.o)
 .debug_info    0x00000000000039c8      0x2b0 ../play_bsp/\libhal_bsp.a(alt_release_fd.o)
 .debug_info    0x0000000000003c78      0x292 ../play_bsp/\libhal_bsp.a(alt_tick.o)
 .debug_info    0x0000000000003f0a       0x8b ../play_bsp/\libhal_bsp.a(altera_nios2_gen2_irq.o)
 .debug_info    0x0000000000003f95       0x71 ../play_bsp/\libhal_bsp.a(alt_exception_entry.o)
 .debug_info    0x0000000000004006      0x2e2 ../play_bsp/\libhal_bsp.a(alt_find_dev.o)
 .debug_info    0x00000000000042e8      0x2df ../play_bsp/\libhal_bsp.a(alt_find_file.o)
 .debug_info    0x00000000000045c7      0x309 ../play_bsp/\libhal_bsp.a(alt_get_fd.o)
 .debug_info    0x00000000000048d0       0xd5 ../play_bsp/\libhal_bsp.a(alt_icache_flush.o)
 .debug_info    0x00000000000049a5      0x1d8 ../play_bsp/\libhal_bsp.a(alt_instruction_exception_entry.o)
 .debug_info    0x0000000000004b7d      0x10a c:/altera/15.0/nios2eds/bin/gnu/h-x86_64-mingw32/bin/../lib/gcc/nios2-elf/4.9.1/../../../../../H-x86_64-mingw32/nios2-elf/lib\libc.a(lib_a-atexit.o)
 .debug_info    0x0000000000004c87      0x8df c:/altera/15.0/nios2eds/bin/gnu/h-x86_64-mingw32/bin/../lib/gcc/nios2-elf/4.9.1/../../../../../H-x86_64-mingw32/nios2-elf/lib\libc.a(lib_a-exit.o)
 .debug_info    0x0000000000005566      0x88f c:/altera/15.0/nios2eds/bin/gnu/h-x86_64-mingw32/bin/../lib/gcc/nios2-elf/4.9.1/../../../../../H-x86_64-mingw32/nios2-elf/lib\libc.a(lib_a-impure.o)
 .debug_info    0x0000000000005df5       0x83 c:/altera/15.0/nios2eds/bin/gnu/h-x86_64-mingw32/bin/../lib/gcc/nios2-elf/4.9.1/../../../../../H-x86_64-mingw32/nios2-elf/lib\libc.a(lib_a-int_errno.o)
 .debug_info    0x0000000000005e78      0x113 c:/altera/15.0/nios2eds/bin/gnu/h-x86_64-mingw32/bin/../lib/gcc/nios2-elf/4.9.1/../../../../../H-x86_64-mingw32/nios2-elf/lib\libc.a(lib_a-memcmp.o)
 .debug_info    0x0000000000005f8b      0x133 c:/altera/15.0/nios2eds/bin/gnu/h-x86_64-mingw32/bin/../lib/gcc/nios2-elf/4.9.1/../../../../../H-x86_64-mingw32/nios2-elf/lib\libc.a(lib_a-memcpy.o)
 .debug_info    0x00000000000060be       0xdb c:/altera/15.0/nios2eds/bin/gnu/h-x86_64-mingw32/bin/../lib/gcc/nios2-elf/4.9.1/../../../../../H-x86_64-mingw32/nios2-elf/lib\libc.a(lib_a-strlen.o)
 .debug_info    0x0000000000006199      0x93b c:/altera/15.0/nios2eds/bin/gnu/h-x86_64-mingw32/bin/../lib/gcc/nios2-elf/4.9.1/../../../../../H-x86_64-mingw32/nios2-elf/lib\libc.a(lib_a-__atexit.o)
 .debug_info    0x0000000000006ad4      0x948 c:/altera/15.0/nios2eds/bin/gnu/h-x86_64-mingw32/bin/../lib/gcc/nios2-elf/4.9.1/../../../../../H-x86_64-mingw32/nios2-elf/lib\libc.a(lib_a-__call_atexit.o)
 .debug_info    0x000000000000741c       0xe5 ../play_bsp/\libhal_bsp.a(alt_exit.o)

.debug_abbrev   0x0000000000000000     0x29a5
 *(.debug_abbrev)
 .debug_abbrev  0x0000000000000000       0x12 ../play_bsp//obj/HAL/src/crt0.o
 .debug_abbrev  0x0000000000000012       0xa7 obj/default/LCD1602_Qsys.o
 .debug_abbrev  0x00000000000000b9       0x65 obj/default/hello_world.o
 .debug_abbrev  0x000000000000011e       0x9f ../play_bsp/\libhal_bsp.a(alt_load.o)
 .debug_abbrev  0x00000000000001bd       0xba ../play_bsp/\libhal_bsp.a(alt_main.o)
 .debug_abbrev  0x0000000000000277      0x187 ../play_bsp/\libhal_bsp.a(alt_sys_init.o)
 .debug_abbrev  0x00000000000003fe      0x127 ../play_bsp/\libhal_bsp.a(altera_avalon_jtag_uart_fd.o)
 .debug_abbrev  0x0000000000000525      0x197 ../play_bsp/\libhal_bsp.a(altera_avalon_jtag_uart_init.o)
 .debug_abbrev  0x00000000000006bc      0x111 ../play_bsp/\libhal_bsp.a(altera_avalon_jtag_uart_ioctl.o)
 .debug_abbrev  0x00000000000007cd      0x1ac ../play_bsp/\libhal_bsp.a(altera_avalon_jtag_uart_read.o)
 .debug_abbrev  0x0000000000000979      0x1a8 ../play_bsp/\libhal_bsp.a(altera_avalon_jtag_uart_write.o)
 .debug_abbrev  0x0000000000000b21      0x162 ../play_bsp/\libhal_bsp.a(alt_alarm_start.o)
 .debug_abbrev  0x0000000000000c83      0x11f ../play_bsp/\libhal_bsp.a(alt_close.o)
 .debug_abbrev  0x0000000000000da2       0x42 ../play_bsp/\libhal_bsp.a(alt_dcache_flush_all.o)
 .debug_abbrev  0x0000000000000de4       0xd9 ../play_bsp/\libhal_bsp.a(alt_dev.o)
 .debug_abbrev  0x0000000000000ebd      0x114 ../play_bsp/\libhal_bsp.a(alt_dev_llist_insert.o)
 .debug_abbrev  0x0000000000000fd1       0x79 ../play_bsp/\libhal_bsp.a(alt_do_ctors.o)
 .debug_abbrev  0x000000000000104a       0x79 ../play_bsp/\libhal_bsp.a(alt_do_dtors.o)
 .debug_abbrev  0x00000000000010c3       0x5a ../play_bsp/\libhal_bsp.a(alt_errno.o)
 .debug_abbrev  0x000000000000111d       0x42 ../play_bsp/\libhal_bsp.a(alt_icache_flush_all.o)
 .debug_abbrev  0x000000000000115f      0x163 ../play_bsp/\libhal_bsp.a(alt_iic.o)
 .debug_abbrev  0x00000000000012c2      0x169 ../play_bsp/\libhal_bsp.a(alt_iic_isr_register.o)
 .debug_abbrev  0x000000000000142b      0x114 ../play_bsp/\libhal_bsp.a(alt_io_redirect.o)
 .debug_abbrev  0x000000000000153f       0x12 ../play_bsp/\libhal_bsp.a(alt_irq_entry.o)
 .debug_abbrev  0x0000000000001551      0x122 ../play_bsp/\libhal_bsp.a(alt_irq_handler.o)
 .debug_abbrev  0x0000000000001673       0x40 ../play_bsp/\libhal_bsp.a(alt_irq_vars.o)
 .debug_abbrev  0x00000000000016b3      0x148 ../play_bsp/\libhal_bsp.a(alt_open.o)
 .debug_abbrev  0x00000000000017fb       0xde ../play_bsp/\libhal_bsp.a(alt_release_fd.o)
 .debug_abbrev  0x00000000000018d9      0x15a ../play_bsp/\libhal_bsp.a(alt_tick.o)
 .debug_abbrev  0x0000000000001a33       0x42 ../play_bsp/\libhal_bsp.a(altera_nios2_gen2_irq.o)
 .debug_abbrev  0x0000000000001a75       0x12 ../play_bsp/\libhal_bsp.a(alt_exception_entry.o)
 .debug_abbrev  0x0000000000001a87       0xf0 ../play_bsp/\libhal_bsp.a(alt_find_dev.o)
 .debug_abbrev  0x0000000000001b77       0xf0 ../play_bsp/\libhal_bsp.a(alt_find_file.o)
 .debug_abbrev  0x0000000000001c67      0x10d ../play_bsp/\libhal_bsp.a(alt_get_fd.o)
 .debug_abbrev  0x0000000000001d74       0x8c ../play_bsp/\libhal_bsp.a(alt_icache_flush.o)
 .debug_abbrev  0x0000000000001e00       0xd1 ../play_bsp/\libhal_bsp.a(alt_instruction_exception_entry.o)
 .debug_abbrev  0x0000000000001ed1       0xb8 c:/altera/15.0/nios2eds/bin/gnu/h-x86_64-mingw32/bin/../lib/gcc/nios2-elf/4.9.1/../../../../../H-x86_64-mingw32/nios2-elf/lib\libc.a(lib_a-atexit.o)
 .debug_abbrev  0x0000000000001f89      0x1e6 c:/altera/15.0/nios2eds/bin/gnu/h-x86_64-mingw32/bin/../lib/gcc/nios2-elf/4.9.1/../../../../../H-x86_64-mingw32/nios2-elf/lib\libc.a(lib_a-exit.o)
 .debug_abbrev  0x000000000000216f      0x180 c:/altera/15.0/nios2eds/bin/gnu/h-x86_64-mingw32/bin/../lib/gcc/nios2-elf/4.9.1/../../../../../H-x86_64-mingw32/nios2-elf/lib\libc.a(lib_a-impure.o)
 .debug_abbrev  0x00000000000022ef       0x37 c:/altera/15.0/nios2eds/bin/gnu/h-x86_64-mingw32/bin/../lib/gcc/nios2-elf/4.9.1/../../../../../H-x86_64-mingw32/nios2-elf/lib\libc.a(lib_a-int_errno.o)
 .debug_abbrev  0x0000000000002326       0x7f c:/altera/15.0/nios2eds/bin/gnu/h-x86_64-mingw32/bin/../lib/gcc/nios2-elf/4.9.1/../../../../../H-x86_64-mingw32/nios2-elf/lib\libc.a(lib_a-memcmp.o)
 .debug_abbrev  0x00000000000023a5       0x9c c:/altera/15.0/nios2eds/bin/gnu/h-x86_64-mingw32/bin/../lib/gcc/nios2-elf/4.9.1/../../../../../H-x86_64-mingw32/nios2-elf/lib\libc.a(lib_a-memcpy.o)
 .debug_abbrev  0x0000000000002441       0x90 c:/altera/15.0/nios2eds/bin/gnu/h-x86_64-mingw32/bin/../lib/gcc/nios2-elf/4.9.1/../../../../../H-x86_64-mingw32/nios2-elf/lib\libc.a(lib_a-strlen.o)
 .debug_abbrev  0x00000000000024d1      0x21e c:/altera/15.0/nios2eds/bin/gnu/h-x86_64-mingw32/bin/../lib/gcc/nios2-elf/4.9.1/../../../../../H-x86_64-mingw32/nios2-elf/lib\libc.a(lib_a-__atexit.o)
 .debug_abbrev  0x00000000000026ef      0x210 c:/altera/15.0/nios2eds/bin/gnu/h-x86_64-mingw32/bin/../lib/gcc/nios2-elf/4.9.1/../../../../../H-x86_64-mingw32/nios2-elf/lib\libc.a(lib_a-__call_atexit.o)
 .debug_abbrev  0x00000000000028ff       0xa6 ../play_bsp/\libhal_bsp.a(alt_exit.o)

.debug_line     0x0000000000000000     0x29b2
 *(.debug_line)
 .debug_line    0x0000000000000000       0x6c ../play_bsp//obj/HAL/src/crt0.o
 .debug_line    0x000000000000006c       0x8a obj/default/LCD1602_Qsys.o
 .debug_line    0x00000000000000f6       0x44 obj/default/hello_world.o
 .debug_line    0x000000000000013a       0x8d ../play_bsp/\libhal_bsp.a(alt_load.o)
 .debug_line    0x00000000000001c7       0xa4 ../play_bsp/\libhal_bsp.a(alt_main.o)
 .debug_line    0x000000000000026b      0x137 ../play_bsp/\libhal_bsp.a(alt_sys_init.o)
 .debug_line    0x00000000000003a2      0x12f ../play_bsp/\libhal_bsp.a(altera_avalon_jtag_uart_fd.o)
 .debug_line    0x00000000000004d1      0x180 ../play_bsp/\libhal_bsp.a(altera_avalon_jtag_uart_init.o)
 .debug_line    0x0000000000000651      0x12e ../play_bsp/\libhal_bsp.a(altera_avalon_jtag_uart_ioctl.o)
 .debug_line    0x000000000000077f      0x16a ../play_bsp/\libhal_bsp.a(altera_avalon_jtag_uart_read.o)
 .debug_line    0x00000000000008e9      0x16a ../play_bsp/\libhal_bsp.a(altera_avalon_jtag_uart_write.o)
 .debug_line    0x0000000000000a53       0xfa ../play_bsp/\libhal_bsp.a(alt_alarm_start.o)
 .debug_line    0x0000000000000b4d      0x15e ../play_bsp/\libhal_bsp.a(alt_close.o)
 .debug_line    0x0000000000000cab       0x51 ../play_bsp/\libhal_bsp.a(alt_dcache_flush_all.o)
 .debug_line    0x0000000000000cfc       0xf0 ../play_bsp/\libhal_bsp.a(alt_dev.o)
 .debug_line    0x0000000000000dec       0xd0 ../play_bsp/\libhal_bsp.a(alt_dev_llist_insert.o)
 .debug_line    0x0000000000000ebc       0x59 ../play_bsp/\libhal_bsp.a(alt_do_ctors.o)
 .debug_line    0x0000000000000f15       0x59 ../play_bsp/\libhal_bsp.a(alt_do_dtors.o)
 .debug_line    0x0000000000000f6e       0x51 ../play_bsp/\libhal_bsp.a(alt_errno.o)
 .debug_line    0x0000000000000fbf       0x50 ../play_bsp/\libhal_bsp.a(alt_icache_flush_all.o)
 .debug_line    0x000000000000100f       0xef ../play_bsp/\libhal_bsp.a(alt_iic.o)
 .debug_line    0x00000000000010fe       0xdb ../play_bsp/\libhal_bsp.a(alt_iic_isr_register.o)
 .debug_line    0x00000000000011d9      0x12b ../play_bsp/\libhal_bsp.a(alt_io_redirect.o)
 .debug_line    0x0000000000001304       0x6b ../play_bsp/\libhal_bsp.a(alt_irq_entry.o)
 .debug_line    0x000000000000136f       0xaa ../play_bsp/\libhal_bsp.a(alt_irq_handler.o)
 .debug_line    0x0000000000001419       0x50 ../play_bsp/\libhal_bsp.a(alt_irq_vars.o)
 .debug_line    0x0000000000001469      0x12a ../play_bsp/\libhal_bsp.a(alt_open.o)
 .debug_line    0x0000000000001593       0xae ../play_bsp/\libhal_bsp.a(alt_release_fd.o)
 .debug_line    0x0000000000001641       0xfe ../play_bsp/\libhal_bsp.a(alt_tick.o)
 .debug_line    0x000000000000173f       0x51 ../play_bsp/\libhal_bsp.a(altera_nios2_gen2_irq.o)
 .debug_line    0x0000000000001790       0xb3 ../play_bsp/\libhal_bsp.a(alt_exception_entry.o)
 .debug_line    0x0000000000001843       0xb5 ../play_bsp/\libhal_bsp.a(alt_find_dev.o)
 .debug_line    0x00000000000018f8       0xd1 ../play_bsp/\libhal_bsp.a(alt_find_file.o)
 .debug_line    0x00000000000019c9       0xd5 ../play_bsp/\libhal_bsp.a(alt_get_fd.o)
 .debug_line    0x0000000000001a9e       0x81 ../play_bsp/\libhal_bsp.a(alt_icache_flush.o)
 .debug_line    0x0000000000001b1f       0xba ../play_bsp/\libhal_bsp.a(alt_instruction_exception_entry.o)
 .debug_line    0x0000000000001bd9       0xe6 c:/altera/15.0/nios2eds/bin/gnu/h-x86_64-mingw32/bin/../lib/gcc/nios2-elf/4.9.1/../../../../../H-x86_64-mingw32/nios2-elf/lib\libc.a(lib_a-atexit.o)
 .debug_line    0x0000000000001cbf      0x1fa c:/altera/15.0/nios2eds/bin/gnu/h-x86_64-mingw32/bin/../lib/gcc/nios2-elf/4.9.1/../../../../../H-x86_64-mingw32/nios2-elf/lib\libc.a(lib_a-exit.o)
 .debug_line    0x0000000000001eb9      0x15f c:/altera/15.0/nios2eds/bin/gnu/h-x86_64-mingw32/bin/../lib/gcc/nios2-elf/4.9.1/../../../../../H-x86_64-mingw32/nios2-elf/lib\libc.a(lib_a-impure.o)
 .debug_line    0x0000000000002018       0x5d c:/altera/15.0/nios2eds/bin/gnu/h-x86_64-mingw32/bin/../lib/gcc/nios2-elf/4.9.1/../../../../../H-x86_64-mingw32/nios2-elf/lib\libc.a(lib_a-int_errno.o)
 .debug_line    0x0000000000002075      0x175 c:/altera/15.0/nios2eds/bin/gnu/h-x86_64-mingw32/bin/../lib/gcc/nios2-elf/4.9.1/../../../../../H-x86_64-mingw32/nios2-elf/lib\libc.a(lib_a-memcmp.o)
 .debug_line    0x00000000000021ea      0x184 c:/altera/15.0/nios2eds/bin/gnu/h-x86_64-mingw32/bin/../lib/gcc/nios2-elf/4.9.1/../../../../../H-x86_64-mingw32/nios2-elf/lib\libc.a(lib_a-memcpy.o)
 .debug_line    0x000000000000236e      0x16e c:/altera/15.0/nios2eds/bin/gnu/h-x86_64-mingw32/bin/../lib/gcc/nios2-elf/4.9.1/../../../../../H-x86_64-mingw32/nios2-elf/lib\libc.a(lib_a-strlen.o)
 .debug_line    0x00000000000024dc      0x224 c:/altera/15.0/nios2eds/bin/gnu/h-x86_64-mingw32/bin/../lib/gcc/nios2-elf/4.9.1/../../../../../H-x86_64-mingw32/nios2-elf/lib\libc.a(lib_a-__atexit.o)
 .debug_line    0x0000000000002700      0x241 c:/altera/15.0/nios2eds/bin/gnu/h-x86_64-mingw32/bin/../lib/gcc/nios2-elf/4.9.1/../../../../../H-x86_64-mingw32/nios2-elf/lib\libc.a(lib_a-__call_atexit.o)
 .debug_line    0x0000000000002941       0x71 ../play_bsp/\libhal_bsp.a(alt_exit.o)

.debug_frame    0x0000000000000000      0xb14
 *(.debug_frame)
 .debug_frame   0x0000000000000000       0x7c obj/default/LCD1602_Qsys.o
 .debug_frame   0x000000000000007c       0x2c obj/default/hello_world.o
 .debug_frame   0x00000000000000a8       0x5c ../play_bsp/\libhal_bsp.a(alt_load.o)
 .debug_frame   0x0000000000000104       0x2c ../play_bsp/\libhal_bsp.a(alt_main.o)
 .debug_frame   0x0000000000000130       0x88 ../play_bsp/\libhal_bsp.a(alt_sys_init.o)
 .debug_frame   0x00000000000001b8       0xb0 ../play_bsp/\libhal_bsp.a(altera_avalon_jtag_uart_fd.o)
 .debug_frame   0x0000000000000268       0xa4 ../play_bsp/\libhal_bsp.a(altera_avalon_jtag_uart_init.o)
 .debug_frame   0x000000000000030c       0x34 ../play_bsp/\libhal_bsp.a(altera_avalon_jtag_uart_ioctl.o)
 .debug_frame   0x0000000000000340       0x38 ../play_bsp/\libhal_bsp.a(altera_avalon_jtag_uart_read.o)
 .debug_frame   0x0000000000000378       0x38 ../play_bsp/\libhal_bsp.a(altera_avalon_jtag_uart_write.o)
 .debug_frame   0x00000000000003b0       0x34 ../play_bsp/\libhal_bsp.a(alt_alarm_start.o)
 .debug_frame   0x00000000000003e4       0x60 ../play_bsp/\libhal_bsp.a(alt_close.o)
 .debug_frame   0x0000000000000444       0x34 ../play_bsp/\libhal_bsp.a(alt_dcache_flush_all.o)
 .debug_frame   0x0000000000000478       0x34 ../play_bsp/\libhal_bsp.a(alt_dev.o)
 .debug_frame   0x00000000000004ac       0x60 ../play_bsp/\libhal_bsp.a(alt_dev_llist_insert.o)
 .debug_frame   0x000000000000050c       0x38 ../play_bsp/\libhal_bsp.a(alt_do_ctors.o)
 .debug_frame   0x0000000000000544       0x38 ../play_bsp/\libhal_bsp.a(alt_do_dtors.o)
 .debug_frame   0x000000000000057c       0x38 ../play_bsp/\libhal_bsp.a(alt_icache_flush_all.o)
 .debug_frame   0x00000000000005b4       0xa4 ../play_bsp/\libhal_bsp.a(alt_iic.o)
 .debug_frame   0x0000000000000658       0x38 ../play_bsp/\libhal_bsp.a(alt_iic_isr_register.o)
 .debug_frame   0x0000000000000690       0x60 ../play_bsp/\libhal_bsp.a(alt_io_redirect.o)
 .debug_frame   0x00000000000006f0       0x38 ../play_bsp/\libhal_bsp.a(alt_irq_handler.o)
 .debug_frame   0x0000000000000728       0x84 ../play_bsp/\libhal_bsp.a(alt_open.o)
 .debug_frame   0x00000000000007ac       0x34 ../play_bsp/\libhal_bsp.a(alt_release_fd.o)
 .debug_frame   0x00000000000007e0       0x5c ../play_bsp/\libhal_bsp.a(alt_tick.o)
 .debug_frame   0x000000000000083c       0x34 ../play_bsp/\libhal_bsp.a(altera_nios2_gen2_irq.o)
 .debug_frame   0x0000000000000870       0x38 ../play_bsp/\libhal_bsp.a(alt_find_dev.o)
 .debug_frame   0x00000000000008a8       0x38 ../play_bsp/\libhal_bsp.a(alt_find_file.o)
 .debug_frame   0x00000000000008e0       0x34 ../play_bsp/\libhal_bsp.a(alt_get_fd.o)
 .debug_frame   0x0000000000000914       0x34 ../play_bsp/\libhal_bsp.a(alt_icache_flush.o)
 .debug_frame   0x0000000000000948       0x5c ../play_bsp/\libhal_bsp.a(alt_instruction_exception_entry.o)
 .debug_frame   0x00000000000009a4       0x20 c:/altera/15.0/nios2eds/bin/gnu/h-x86_64-mingw32/bin/../lib/gcc/nios2-elf/4.9.1/../../../../../H-x86_64-mingw32/nios2-elf/lib\libc.a(lib_a-atexit.o)
 .debug_frame   0x00000000000009c4       0x28 c:/altera/15.0/nios2eds/bin/gnu/h-x86_64-mingw32/bin/../lib/gcc/nios2-elf/4.9.1/../../../../../H-x86_64-mingw32/nios2-elf/lib\libc.a(lib_a-exit.o)
 .debug_frame   0x00000000000009ec       0x20 c:/altera/15.0/nios2eds/bin/gnu/h-x86_64-mingw32/bin/../lib/gcc/nios2-elf/4.9.1/../../../../../H-x86_64-mingw32/nios2-elf/lib\libc.a(lib_a-memcmp.o)
 .debug_frame   0x0000000000000a0c       0x30 c:/altera/15.0/nios2eds/bin/gnu/h-x86_64-mingw32/bin/../lib/gcc/nios2-elf/4.9.1/../../../../../H-x86_64-mingw32/nios2-elf/lib\libc.a(lib_a-memcpy.o)
 .debug_frame   0x0000000000000a3c       0x20 c:/altera/15.0/nios2eds/bin/gnu/h-x86_64-mingw32/bin/../lib/gcc/nios2-elf/4.9.1/../../../../../H-x86_64-mingw32/nios2-elf/lib\libc.a(lib_a-strlen.o)
 .debug_frame   0x0000000000000a5c       0x38 c:/altera/15.0/nios2eds/bin/gnu/h-x86_64-mingw32/bin/../lib/gcc/nios2-elf/4.9.1/../../../../../H-x86_64-mingw32/nios2-elf/lib\libc.a(lib_a-__atexit.o)
 .debug_frame   0x0000000000000a94       0x54 c:/altera/15.0/nios2eds/bin/gnu/h-x86_64-mingw32/bin/../lib/gcc/nios2-elf/4.9.1/../../../../../H-x86_64-mingw32/nios2-elf/lib\libc.a(lib_a-__call_atexit.o)
 .debug_frame   0x0000000000000ae8       0x2c ../play_bsp/\libhal_bsp.a(alt_exit.o)

.debug_str      0x0000000000000000     0x19f0
 *(.debug_str)
 .debug_str     0x0000000000000000       0xc0 obj/default/LCD1602_Qsys.o
                                         0xcd (size before relaxing)
 .debug_str     0x00000000000000c0       0x63 obj/default/hello_world.o
                                        0x10e (size before relaxing)
 .debug_str     0x0000000000000123      0x11f ../play_bsp/\libhal_bsp.a(alt_load.o)
                                        0x1e6 (size before relaxing)
 .debug_str     0x0000000000000242       0x70 ../play_bsp/\libhal_bsp.a(alt_main.o)
                                        0x171 (size before relaxing)
 .debug_str     0x00000000000002b2      0x1a2 ../play_bsp/\libhal_bsp.a(alt_sys_init.o)
                                        0x32c (size before relaxing)
 .debug_str     0x0000000000000454       0xb9 ../play_bsp/\libhal_bsp.a(altera_avalon_jtag_uart_fd.o)
                                        0x378 (size before relaxing)
 .debug_str     0x000000000000050d       0xd1 ../play_bsp/\libhal_bsp.a(altera_avalon_jtag_uart_init.o)
                                        0x30c (size before relaxing)
 .debug_str     0x00000000000005de       0x4a ../play_bsp/\libhal_bsp.a(altera_avalon_jtag_uart_ioctl.o)
                                        0x267 (size before relaxing)
 .debug_str     0x0000000000000628       0x7f ../play_bsp/\libhal_bsp.a(altera_avalon_jtag_uart_read.o)
                                        0x2bc (size before relaxing)
 .debug_str     0x00000000000006a7       0x4a ../play_bsp/\libhal_bsp.a(altera_avalon_jtag_uart_write.o)
                                        0x2bd (size before relaxing)
 .debug_str     0x00000000000006f1       0x59 ../play_bsp/\libhal_bsp.a(alt_alarm_start.o)
                                        0x252 (size before relaxing)
 .debug_str     0x000000000000074a       0x44 ../play_bsp/\libhal_bsp.a(alt_close.o)
                                        0x1df (size before relaxing)
 .debug_str     0x000000000000078e       0x34 ../play_bsp/\libhal_bsp.a(alt_dcache_flush_all.o)
                                        0x129 (size before relaxing)
 .debug_str     0x00000000000007c2      0x120 ../play_bsp/\libhal_bsp.a(alt_dev.o)
                                        0x2d9 (size before relaxing)
 .debug_str     0x00000000000008e2       0x34 ../play_bsp/\libhal_bsp.a(alt_dev_llist_insert.o)
                                        0x1a0 (size before relaxing)
 .debug_str     0x0000000000000916       0x48 ../play_bsp/\libhal_bsp.a(alt_do_ctors.o)
                                         0xb0 (size before relaxing)
 .debug_str     0x000000000000095e       0x4c ../play_bsp/\libhal_bsp.a(alt_do_dtors.o)
                                         0xaf (size before relaxing)
 .debug_str     0x00000000000009aa       0x14 ../play_bsp/\libhal_bsp.a(alt_errno.o)
                                        0x119 (size before relaxing)
 .debug_str     0x00000000000009be       0x34 ../play_bsp/\libhal_bsp.a(alt_icache_flush_all.o)
                                        0x129 (size before relaxing)
 .debug_str     0x00000000000009f2       0xc4 ../play_bsp/\libhal_bsp.a(alt_iic.o)
                                        0x212 (size before relaxing)
 .debug_str     0x0000000000000ab6       0x4c ../play_bsp/\libhal_bsp.a(alt_iic_isr_register.o)
                                        0x1bc (size before relaxing)
 .debug_str     0x0000000000000b02       0x56 ../play_bsp/\libhal_bsp.a(alt_io_redirect.o)
                                        0x2ea (size before relaxing)
 .debug_str     0x0000000000000b58       0x3a ../play_bsp/\libhal_bsp.a(alt_irq_handler.o)
                                        0x16b (size before relaxing)
 .debug_str     0x0000000000000b92       0x17 ../play_bsp/\libhal_bsp.a(alt_irq_vars.o)
                                        0x11a (size before relaxing)
 .debug_str     0x0000000000000ba9       0x2f ../play_bsp/\libhal_bsp.a(alt_open.o)
                                        0x21f (size before relaxing)
 .debug_str     0x0000000000000bd8       0x28 ../play_bsp/\libhal_bsp.a(alt_release_fd.o)
                                        0x1b3 (size before relaxing)
 .debug_str     0x0000000000000c00       0x4a ../play_bsp/\libhal_bsp.a(alt_tick.o)
                                        0x226 (size before relaxing)
 .debug_str     0x0000000000000c4a       0x3b ../play_bsp/\libhal_bsp.a(altera_nios2_gen2_irq.o)
                                        0x130 (size before relaxing)
 .debug_str     0x0000000000000c85       0x24 ../play_bsp/\libhal_bsp.a(alt_find_dev.o)
                                        0x1c0 (size before relaxing)
 .debug_str     0x0000000000000ca9       0x26 ../play_bsp/\libhal_bsp.a(alt_find_file.o)
                                        0x1ce (size before relaxing)
 .debug_str     0x0000000000000ccf       0x30 ../play_bsp/\libhal_bsp.a(alt_get_fd.o)
                                        0x1f0 (size before relaxing)
 .debug_str     0x0000000000000cff       0x2c ../play_bsp/\libhal_bsp.a(alt_icache_flush.o)
                                        0x12f (size before relaxing)
 .debug_str     0x0000000000000d2b      0x48b ../play_bsp/\libhal_bsp.a(alt_instruction_exception_entry.o)
                                        0x573 (size before relaxing)
 .debug_str     0x00000000000011b6      0x132 c:/altera/15.0/nios2eds/bin/gnu/h-x86_64-mingw32/bin/../lib/gcc/nios2-elf/4.9.1/../../../../../H-x86_64-mingw32/nios2-elf/lib\libc.a(lib_a-atexit.o)
                                        0x1cb (size before relaxing)
 .debug_str     0x00000000000012e8      0x3b3 c:/altera/15.0/nios2eds/bin/gnu/h-x86_64-mingw32/bin/../lib/gcc/nios2-elf/4.9.1/../../../../../H-x86_64-mingw32/nios2-elf/lib\libc.a(lib_a-exit.o)
                                        0x561 (size before relaxing)
 .debug_str     0x000000000000169b       0xc9 c:/altera/15.0/nios2eds/bin/gnu/h-x86_64-mingw32/bin/../lib/gcc/nios2-elf/4.9.1/../../../../../H-x86_64-mingw32/nios2-elf/lib\libc.a(lib_a-impure.o)
                                        0x558 (size before relaxing)
 .debug_str     0x0000000000001764       0x3d c:/altera/15.0/nios2eds/bin/gnu/h-x86_64-mingw32/bin/../lib/gcc/nios2-elf/4.9.1/../../../../../H-x86_64-mingw32/nios2-elf/lib\libc.a(lib_a-int_errno.o)
                                        0x187 (size before relaxing)
 .debug_str     0x00000000000017a1       0xcd c:/altera/15.0/nios2eds/bin/gnu/h-x86_64-mingw32/bin/../lib/gcc/nios2-elf/4.9.1/../../../../../H-x86_64-mingw32/nios2-elf/lib\libc.a(lib_a-memcmp.o)
                                        0x18e (size before relaxing)
 .debug_str     0x000000000000186e       0x69 c:/altera/15.0/nios2eds/bin/gnu/h-x86_64-mingw32/bin/../lib/gcc/nios2-elf/4.9.1/../../../../../H-x86_64-mingw32/nios2-elf/lib\libc.a(lib_a-memcpy.o)
                                        0x1b5 (size before relaxing)
 .debug_str     0x00000000000018d7       0x4f c:/altera/15.0/nios2eds/bin/gnu/h-x86_64-mingw32/bin/../lib/gcc/nios2-elf/4.9.1/../../../../../H-x86_64-mingw32/nios2-elf/lib\libc.a(lib_a-strlen.o)
                                        0x1a1 (size before relaxing)
 .debug_str     0x0000000000001926       0x4b c:/altera/15.0/nios2eds/bin/gnu/h-x86_64-mingw32/bin/../lib/gcc/nios2-elf/4.9.1/../../../../../H-x86_64-mingw32/nios2-elf/lib\libc.a(lib_a-__atexit.o)
                                        0x5ae (size before relaxing)
 .debug_str     0x0000000000001971       0x55 c:/altera/15.0/nios2eds/bin/gnu/h-x86_64-mingw32/bin/../lib/gcc/nios2-elf/4.9.1/../../../../../H-x86_64-mingw32/nios2-elf/lib\libc.a(lib_a-__call_atexit.o)
                                        0x577 (size before relaxing)
 .debug_str     0x00000000000019c6       0x2a ../play_bsp/\libhal_bsp.a(alt_exit.o)
                                        0x125 (size before relaxing)

.debug_loc      0x0000000000000000      0x784
 *(.debug_loc)
 .debug_loc     0x0000000000000000       0x2c c:/altera/15.0/nios2eds/bin/gnu/h-x86_64-mingw32/bin/../lib/gcc/nios2-elf/4.9.1/../../../../../H-x86_64-mingw32/nios2-elf/lib\libc.a(lib_a-atexit.o)
 .debug_loc     0x000000000000002c       0x1e c:/altera/15.0/nios2eds/bin/gnu/h-x86_64-mingw32/bin/../lib/gcc/nios2-elf/4.9.1/../../../../../H-x86_64-mingw32/nios2-elf/lib\libc.a(lib_a-exit.o)
 .debug_loc     0x000000000000004a      0x126 c:/altera/15.0/nios2eds/bin/gnu/h-x86_64-mingw32/bin/../lib/gcc/nios2-elf/4.9.1/../../../../../H-x86_64-mingw32/nios2-elf/lib\libc.a(lib_a-memcmp.o)
 .debug_loc     0x0000000000000170      0x2a2 c:/altera/15.0/nios2eds/bin/gnu/h-x86_64-mingw32/bin/../lib/gcc/nios2-elf/4.9.1/../../../../../H-x86_64-mingw32/nios2-elf/lib\libc.a(lib_a-memcpy.o)
 .debug_loc     0x0000000000000412       0x47 c:/altera/15.0/nios2eds/bin/gnu/h-x86_64-mingw32/bin/../lib/gcc/nios2-elf/4.9.1/../../../../../H-x86_64-mingw32/nios2-elf/lib\libc.a(lib_a-strlen.o)
 .debug_loc     0x0000000000000459      0x185 c:/altera/15.0/nios2eds/bin/gnu/h-x86_64-mingw32/bin/../lib/gcc/nios2-elf/4.9.1/../../../../../H-x86_64-mingw32/nios2-elf/lib\libc.a(lib_a-__atexit.o)
 .debug_loc     0x00000000000005de      0x1a6 c:/altera/15.0/nios2eds/bin/gnu/h-x86_64-mingw32/bin/../lib/gcc/nios2-elf/4.9.1/../../../../../H-x86_64-mingw32/nios2-elf/lib\libc.a(lib_a-__call_atexit.o)

.debug_macinfo
 *(.debug_macinfo)

.debug_weaknames
 *(.debug_weaknames)

.debug_funcnames
 *(.debug_funcnames)

.debug_typenames
 *(.debug_typenames)

.debug_varnames
 *(.debug_varnames)

.debug_alt_sim_info
                0x0000000000000000       0x20
 *(.debug_alt_sim_info)
 .debug_alt_sim_info
                0x0000000000000000       0x20 ../play_bsp//obj/HAL/src/crt0.o
                0x0000000010000000                __alt_data_end = 0x10000000
                0x0000000010000000                PROVIDE (__alt_stack_pointer, __alt_data_end)
                0x00000000080054ec                PROVIDE (__alt_stack_limit, __alt_stack_base)
                0x00000000080054ec                PROVIDE (__alt_heap_start, end)
                0x0000000010000000                PROVIDE (__alt_heap_limit, 0x10000000)
OUTPUT(play.elf elf32-littlenios2)

.debug_ranges   0x0000000000000000       0xb8
 .debug_ranges  0x0000000000000000       0x20 ../play_bsp//obj/HAL/src/crt0.o
 .debug_ranges  0x0000000000000020       0x28 ../play_bsp/\libhal_bsp.a(alt_irq_entry.o)
 .debug_ranges  0x0000000000000048       0x10 ../play_bsp/\libhal_bsp.a(alt_irq_handler.o)
 .debug_ranges  0x0000000000000058       0x30 ../play_bsp/\libhal_bsp.a(alt_exception_entry.o)
 .debug_ranges  0x0000000000000088       0x18 ../play_bsp/\libhal_bsp.a(alt_instruction_exception_entry.o)
 .debug_ranges  0x00000000000000a0       0x18 c:/altera/15.0/nios2eds/bin/gnu/h-x86_64-mingw32/bin/../lib/gcc/nios2-elf/4.9.1/../../../../../H-x86_64-mingw32/nios2-elf/lib\libc.a(lib_a-__call_atexit.o)
